Archive member included to satisfy reference by file (symbol)

C:/Program Files (x86)/Arm GNU Toolchain arm-none-eabi/13.2 Rel1/bin/../lib/gcc/arm-none-eabi/13.2.1/thumb/v8-m.main+dp/hard\libgcc.a(_aeabi_ldivmod.o)
                              ./ra/fsp/src/r_sci_b_uart/r_sci_b_uart.o (__aeabi_ldivmod)
C:/Program Files (x86)/Arm GNU Toolchain arm-none-eabi/13.2 Rel1/bin/../lib/gcc/arm-none-eabi/13.2.1/thumb/v8-m.main+dp/hard\libgcc.a(_udivmoddi4.o)
                              C:/Program Files (x86)/Arm GNU Toolchain arm-none-eabi/13.2 Rel1/bin/../lib/gcc/arm-none-eabi/13.2.1/thumb/v8-m.main+dp/hard\libgcc.a(_aeabi_ldivmod.o) (__udivmoddi4)
C:/Program Files (x86)/Arm GNU Toolchain arm-none-eabi/13.2 Rel1/bin/../lib/gcc/arm-none-eabi/13.2.1/thumb/v8-m.main+dp/hard\libgcc.a(_dvmd_tls.o)
                              C:/Program Files (x86)/Arm GNU Toolchain arm-none-eabi/13.2 Rel1/bin/../lib/gcc/arm-none-eabi/13.2.1/thumb/v8-m.main+dp/hard\libgcc.a(_aeabi_ldivmod.o) (__aeabi_ldiv0)
C:/Program Files (x86)/Arm GNU Toolchain arm-none-eabi/13.2 Rel1/bin/../lib/gcc/arm-none-eabi/13.2.1/thumb/v8-m.main+dp/hard\libg_nano.a(libc_a-exit.o)
                              C:/Program Files (x86)/Arm GNU Toolchain arm-none-eabi/13.2 Rel1/bin/../lib/gcc/arm-none-eabi/13.2.1/thumb/v8-m.main+dp/hard/crt0.o (exit)
C:/Program Files (x86)/Arm GNU Toolchain arm-none-eabi/13.2 Rel1/bin/../lib/gcc/arm-none-eabi/13.2.1/thumb/v8-m.main+dp/hard\libg_nano.a(libc_a-nano-vfprintf_float.o)
                              (_printf_float)
C:/Program Files (x86)/Arm GNU Toolchain arm-none-eabi/13.2 Rel1/bin/../lib/gcc/arm-none-eabi/13.2.1/thumb/v8-m.main+dp/hard\libg_nano.a(libc_a-nano-vfprintf_i.o)
                              C:/Program Files (x86)/Arm GNU Toolchain arm-none-eabi/13.2 Rel1/bin/../lib/gcc/arm-none-eabi/13.2.1/thumb/v8-m.main+dp/hard\libg_nano.a(libc_a-nano-vfprintf_float.o) (_printf_common)
C:/Program Files (x86)/Arm GNU Toolchain arm-none-eabi/13.2 Rel1/bin/../lib/gcc/arm-none-eabi/13.2.1/thumb/v8-m.main+dp/hard\libg_nano.a(libc_a-findfp.o)
                              C:/Program Files (x86)/Arm GNU Toolchain arm-none-eabi/13.2 Rel1/bin/../lib/gcc/arm-none-eabi/13.2.1/thumb/v8-m.main+dp/hard\libg_nano.a(libc_a-exit.o) (__stdio_exit_handler)
C:/Program Files (x86)/Arm GNU Toolchain arm-none-eabi/13.2 Rel1/bin/../lib/gcc/arm-none-eabi/13.2.1/thumb/v8-m.main+dp/hard\libg_nano.a(libc_a-fwalk.o)
                              C:/Program Files (x86)/Arm GNU Toolchain arm-none-eabi/13.2 Rel1/bin/../lib/gcc/arm-none-eabi/13.2.1/thumb/v8-m.main+dp/hard\libg_nano.a(libc_a-findfp.o) (_fwalk_sglue)
C:/Program Files (x86)/Arm GNU Toolchain arm-none-eabi/13.2 Rel1/bin/../lib/gcc/arm-none-eabi/13.2.1/thumb/v8-m.main+dp/hard\libg_nano.a(libc_a-snprintf.o)
                              ./src/estimator_task_entry.o (snprintf)
C:/Program Files (x86)/Arm GNU Toolchain arm-none-eabi/13.2 Rel1/bin/../lib/gcc/arm-none-eabi/13.2.1/thumb/v8-m.main+dp/hard\libg_nano.a(libc_a-stdio.o)
                              C:/Program Files (x86)/Arm GNU Toolchain arm-none-eabi/13.2 Rel1/bin/../lib/gcc/arm-none-eabi/13.2.1/thumb/v8-m.main+dp/hard\libg_nano.a(libc_a-findfp.o) (__sread)
C:/Program Files (x86)/Arm GNU Toolchain arm-none-eabi/13.2 Rel1/bin/../lib/gcc/arm-none-eabi/13.2.1/thumb/v8-m.main+dp/hard\libg_nano.a(libc_a-memset.o)
                              C:/Program Files (x86)/Arm GNU Toolchain arm-none-eabi/13.2 Rel1/bin/../lib/gcc/arm-none-eabi/13.2.1/thumb/v8-m.main+dp/hard/crt0.o (memset)
C:/Program Files (x86)/Arm GNU Toolchain arm-none-eabi/13.2 Rel1/bin/../lib/gcc/arm-none-eabi/13.2.1/thumb/v8-m.main+dp/hard\libg_nano.a(libc_a-localeconv.o)
                              C:/Program Files (x86)/Arm GNU Toolchain arm-none-eabi/13.2 Rel1/bin/../lib/gcc/arm-none-eabi/13.2.1/thumb/v8-m.main+dp/hard\libg_nano.a(libc_a-nano-vfprintf_float.o) (_localeconv_r)
C:/Program Files (x86)/Arm GNU Toolchain arm-none-eabi/13.2 Rel1/bin/../lib/gcc/arm-none-eabi/13.2.1/thumb/v8-m.main+dp/hard\libg_nano.a(libc_a-closer.o)
                              C:/Program Files (x86)/Arm GNU Toolchain arm-none-eabi/13.2 Rel1/bin/../lib/gcc/arm-none-eabi/13.2.1/thumb/v8-m.main+dp/hard\libg_nano.a(libc_a-stdio.o) (_close_r)
C:/Program Files (x86)/Arm GNU Toolchain arm-none-eabi/13.2 Rel1/bin/../lib/gcc/arm-none-eabi/13.2.1/thumb/v8-m.main+dp/hard\libg_nano.a(libc_a-reent.o)
                              C:/Program Files (x86)/Arm GNU Toolchain arm-none-eabi/13.2 Rel1/bin/../lib/gcc/arm-none-eabi/13.2.1/thumb/v8-m.main+dp/hard\libg_nano.a(libc_a-closer.o) (errno)
C:/Program Files (x86)/Arm GNU Toolchain arm-none-eabi/13.2 Rel1/bin/../lib/gcc/arm-none-eabi/13.2.1/thumb/v8-m.main+dp/hard\libg_nano.a(libc_a-impure.o)
                              C:/Program Files (x86)/Arm GNU Toolchain arm-none-eabi/13.2 Rel1/bin/../lib/gcc/arm-none-eabi/13.2.1/thumb/v8-m.main+dp/hard\libg_nano.a(libc_a-snprintf.o) (_impure_ptr)
[...]
Memory Configuration

Name             Origin             Length             Attributes
RAM              0x22000000         0x000e0000         xrw
FLASH            0x02000000         0x001f8000         xr
DATA_FLASH       0x27000000         0x00003000         xr
SDRAM            0x68000000         0x08000000         xrw
OSPI0_CS0        0x80000000         0x10000000         xrw
OSPI0_CS1        0x90000000         0x10000000         xr
OPTION_SETTING_OFS0 0x0300a100         0x00000004         r
OPTION_SETTING_OFS2 0x0300a104         0x00000004         r
OPTION_SETTING_DUALSEL 0x0300a110         0x00000004         r
OPTION_SETTING_OFS1 0x1300a180         0x00000004         r
OPTION_SETTING_BANKSEL 0x1300a190         0x00000004         r
OPTION_SETTING_BPS 0x1300a1c0         0x00000010         r
OPTION_SETTING_PBPS 0x1300a1e0         0x00000010         r
OPTION_SETTING_OFS1_SEC 0x0300a200         0x00000004         r
OPTION_SETTING_BANKSEL_SEC 0x0300a210         0x00000004         r
OPTION_SETTING_BPS_SEC 0x0300a240         0x00000010         r
OPTION_SETTING_PBPS_SEC 0x0300a260         0x00000010         r
OPTION_SETTING_OFS1_SEL 0x0300a280         0x00000004         r
OPTION_SETTING_BANKSEL_SEL 0x0300a290         0x00000004         r
OPTION_SETTING_BPS_SEL 0x0300a2c0         0x00000010         r
OPTION_SETTING_DATA_FLASH_FSBLCTRL0 0x27030080         0x00000004         r
OPTION_SETTING_DATA_FLASH_FSBLCTRL1 0x27030084         0x00000004         r
OPTION_SETTING_DATA_FLASH_FSBLCTRL2 0x27030088         0x00000004         r
OPTION_SETTING_DATA_FLASH_SACC0 0x2703008c         0x00000004         r
OPTION_SETTING_DATA_FLASH_SACC1 0x27030090         0x00000004         r
OPTION_SETTING_DATA_FLASH_SAMR 0x27030094         0x00000004         r
ITCM             0x00000000         0x00010000         xrw
DTCM             0x20000000         0x00010000         xrw
*default*        0x00000000         0xffffffff

Linker script and memory map

LOAD C:/Program Files (x86)/Arm GNU Toolchain arm-none-eabi/13.2 Rel1/bin/../lib/gcc/arm-none-eabi/13.2.1/thumb/v8-m.main+dp/hard/crti.o
LOAD C:/Program Files (x86)/Arm GNU Toolchain arm-none-eabi/13.2 Rel1/bin/../lib/gcc/arm-none-eabi/13.2.1/thumb/v8-m.main+dp/hard/crtbegin.o
LOAD C:/Program Files (x86)/Arm GNU Toolchain arm-none-eabi/13.2 Rel1/bin/../lib/gcc/arm-none-eabi/13.2.1/thumb/v8-m.main+dp/hard/crt0.o
START GROUP
LOAD ./src/ina226/ina226.o
LOAD ./src/bms/bms_data.o
LOAD ./src/adekf.o
LOAD ./src/bms_nn_residual_fp32.o
LOAD ./src/can_task_entry.o
LOAD ./src/estimator_task_entry.o
LOAD ./src/hal_warmstart.o
LOAD ./src/new_thread0_entry.o
LOAD ./src/sensor_task_entry.o
LOAD ./src/uart_task_entry.o
LOAD ./ra_gen/common_data.o
LOAD ./ra_gen/hal_data.o
LOAD ./ra_gen/main.o
LOAD ./ra_gen/new_thread0.o
LOAD ./ra_gen/pin_data.o
LOAD ./ra_gen/vector_data.o
LOAD ./ra/fsp/src/rm_freertos_port/port.o
LOAD ./ra/fsp/src/r_sci_b_uart/r_sci_b_uart.o
LOAD ./ra/fsp/src/r_ioport/r_ioport.o
LOAD ./ra/fsp/src/r_iic_master/r_iic_master.o
LOAD ./ra/fsp/src/r_canfd/r_canfd.o
LOAD ./ra/fsp/src/bsp/mcu/ra8m1/bsp_linker.o
LOAD ./ra/fsp/src/bsp/mcu/all/bsp_clocks.o
LOAD ./ra/fsp/src/bsp/mcu/all/bsp_common.o
LOAD ./ra/fsp/src/bsp/mcu/all/bsp_delay.o
LOAD ./ra/fsp/src/bsp/mcu/all/bsp_group_irq.o
LOAD ./ra/fsp/src/bsp/mcu/all/bsp_guard.o
LOAD ./ra/fsp/src/bsp/mcu/all/bsp_io.o
LOAD ./ra/fsp/src/bsp/mcu/all/bsp_ipc.o
LOAD ./ra/fsp/src/bsp/mcu/all/bsp_irq.o
LOAD ./ra/fsp/src/bsp/mcu/all/bsp_macl.o
LOAD ./ra/fsp/src/bsp/mcu/all/bsp_register_protection.o
LOAD ./ra/fsp/src/bsp/mcu/all/bsp_sbrk.o
LOAD ./ra/fsp/src/bsp/mcu/all/bsp_sdram.o
LOAD ./ra/fsp/src/bsp/mcu/all/bsp_security.o
LOAD ./ra/fsp/src/bsp/cmsis/Device/RENESAS/Source/startup.o
LOAD ./ra/fsp/src/bsp/cmsis/Device/RENESAS/Source/system.o
LOAD ./ra/board/ra8m1_ek/board_init.o
LOAD ./ra/board/ra8m1_ek/board_leds.o
LOAD ./ra/aws/FreeRTOS/FreeRTOS/Source/event_groups.o
LOAD ./ra/aws/FreeRTOS/FreeRTOS/Source/list.o
LOAD ./ra/aws/FreeRTOS/FreeRTOS/Source/queue.o
LOAD ./ra/aws/FreeRTOS/FreeRTOS/Source/stream_buffer.o
LOAD ./ra/aws/FreeRTOS/FreeRTOS/Source/tasks.o
LOAD ./ra/aws/FreeRTOS/FreeRTOS/Source/timers.o
END GROUP
START GROUP
LOAD C:/Program Files (x86)/Arm GNU Toolchain arm-none-eabi/13.2 Rel1/bin/../lib/gcc/arm-none-eabi/13.2.1/thumb/v8-m.main+dp/hard\libgcc.a
LOAD C:/Program Files (x86)/Arm GNU Toolchain arm-none-eabi/13.2 Rel1/bin/../lib/gcc/arm-none-eabi/13.2.1/thumb/v8-m.main+dp/hard\libg_nano.a
LOAD C:/Program Files (x86)/Arm GNU Toolchain arm-none-eabi/13.2 Rel1/bin/../lib/gcc/arm-none-eabi/13.2.1/thumb/v8-m.main+dp/hard\libc_nano.a
END GROUP
START GROUP
LOAD C:/Program Files (x86)/Arm GNU Toolchain arm-none-eabi/13.2 Rel1/bin/../lib/gcc/arm-none-eabi/13.2.1/thumb/v8-m.main+dp/hard\libgcc.a
LOAD C:/Program Files (x86)/Arm GNU Toolchain arm-none-eabi/13.2 Rel1/bin/../lib/gcc/arm-none-eabi/13.2.1/thumb/v8-m.main+dp/hard\libc_nano.a
END GROUP
LOAD C:/Program Files (x86)/Arm GNU Toolchain arm-none-eabi/13.2 Rel1/bin/../lib/gcc/arm-none-eabi/13.2.1/thumb/v8-m.main+dp/hard/crtend.o
LOAD C:/Program Files (x86)/Arm GNU Toolchain arm-none-eabi/13.2 Rel1/bin/../lib/gcc/arm-none-eabi/13.2.1/thumb/v8-m.main+dp/hard/crtn.o
                0x22000000                        RAM_START = 0x22000000
                0x000e0000                        RAM_LENGTH = 0xe0000
                0x02000000                        FLASH_START = 0x2000000
                0x001f8000                        FLASH_LENGTH = 0x1f8000
                0x27000000                        DATA_FLASH_START = 0x27000000
                0x00003000                        DATA_FLASH_LENGTH = 0x3000
                0x68000000                        SDRAM_START = 0x68000000
                0x08000000                        SDRAM_LENGTH = 0x8000000
                0x80000000                        OSPI0_CS0_START = 0x80000000
                0x10000000                        OSPI0_CS0_LENGTH = 0x10000000
                0x90000000                        OSPI0_CS1_START = 0x90000000
                0x10000000                        OSPI0_CS1_LENGTH = 0x10000000
                0x0300a100                        OPTION_SETTING_OFS0_START = 0x300a100
                0x00000004                        OPTION_SETTING_OFS0_LENGTH = 0x4
                0x0300a104                        OPTION_SETTING_OFS2_START = 0x300a104
                0x00000004                        OPTION_SETTING_OFS2_LENGTH = 0x4
                0x0300a110                        OPTION_SETTING_DUALSEL_START = 0x300a110
                0x00000004                        OPTION_SETTING_DUALSEL_LENGTH = 0x4
                0x1300a180                        OPTION_SETTING_OFS1_START = 0x1300a180
                0x00000004                        OPTION_SETTING_OFS1_LENGTH = 0x4
                0x1300a190                        OPTION_SETTING_BANKSEL_START = 0x1300a190
                0x00000004                        OPTION_SETTING_BANKSEL_LENGTH = 0x4
                0x1300a1c0                        OPTION_SETTING_BPS_START = 0x1300a1c0
                0x00000010                        OPTION_SETTING_BPS_LENGTH = 0x10
                0x1300a1e0                        OPTION_SETTING_PBPS_START = 0x1300a1e0
                0x00000010                        OPTION_SETTING_PBPS_LENGTH = 0x10
                0x0300a200                        OPTION_SETTING_OFS1_SEC_START = 0x300a200
                0x00000004                        OPTION_SETTING_OFS1_SEC_LENGTH = 0x4
                0x0300a210                        OPTION_SETTING_BANKSEL_SEC_START = 0x300a210
                0x00000004                        OPTION_SETTING_BANKSEL_SEC_LENGTH = 0x4
                0x0300a240                        OPTION_SETTING_BPS_SEC_START = 0x300a240
                0x00000010                        OPTION_SETTING_BPS_SEC_LENGTH = 0x10
                0x0300a260                        OPTION_SETTING_PBPS_SEC_START = 0x300a260
                0x00000010                        OPTION_SETTING_PBPS_SEC_LENGTH = 0x10
                0x0300a280                        OPTION_SETTING_OFS1_SEL_START = 0x300a280
                0x00000004                        OPTION_SETTING_OFS1_SEL_LENGTH = 0x4
                0x0300a290                        OPTION_SETTING_BANKSEL_SEL_START = 0x300a290
                0x00000004                        OPTION_SETTING_BANKSEL_SEL_LENGTH = 0x4
                0x0300a2c0                        OPTION_SETTING_BPS_SEL_START = 0x300a2c0
                0x00000010                        OPTION_SETTING_BPS_SEL_LENGTH = 0x10
                0x27030080                        OPTION_SETTING_DATA_FLASH_FSBLCTRL0_START = 0x27030080
                0x00000004                        OPTION_SETTING_DATA_FLASH_FSBLCTRL0_LENGTH = 0x4
                0x27030084                        OPTION_SETTING_DATA_FLASH_FSBLCTRL1_START = 0x27030084
                0x00000004                        OPTION_SETTING_DATA_FLASH_FSBLCTRL1_LENGTH = 0x4
                0x27030088                        OPTION_SETTING_DATA_FLASH_FSBLCTRL2_START = 0x27030088
                0x00000004                        OPTION_SETTING_DATA_FLASH_FSBLCTRL2_LENGTH = 0x4
                0x2703008c                        OPTION_SETTING_DATA_FLASH_SACC0_START = 0x2703008c
                0x00000004                        OPTION_SETTING_DATA_FLASH_SACC0_LENGTH = 0x4
                0x27030090                        OPTION_SETTING_DATA_FLASH_SACC1_START = 0x27030090
                0x00000004                        OPTION_SETTING_DATA_FLASH_SACC1_LENGTH = 0x4
                0x27030094                        OPTION_SETTING_DATA_FLASH_SAMR_START = 0x27030094
                0x00000004                        OPTION_SETTING_DATA_FLASH_SAMR_LENGTH = 0x4
                0x00000000                        ITCM_START = 0x0
                0x00010000                        ITCM_LENGTH = 0x10000
                0x20000000                        DTCM_START = 0x20000000
                0x00010000                        DTCM_LENGTH = 0x10000
START GROUP
LOAD C:/Program Files (x86)/Arm GNU Toolchain arm-none-eabi/13.2 Rel1/bin/../lib/gcc/arm-none-eabi/13.2.1/thumb/v8-m.main+dp/hard\libgcc.a
LOAD C:/Program Files (x86)/Arm GNU Toolchain arm-none-eabi/13.2 Rel1/bin/../lib/gcc/arm-none-eabi/13.2.1/thumb/v8-m.main+dp/hard\libc.a
LOAD C:/Program Files (x86)/Arm GNU Toolchain arm-none-eabi/13.2 Rel1/bin/../lib/gcc/arm-none-eabi/13.2.1/thumb/v8-m.main+dp/hard\libm.a
END GROUP

.ospi0_cs1.startof
                0x90000000        0x0
                0x90000000                        __ddsc_OSPI0_CS1_START = .

.sdram.startof  0x68000000        0x0
                0x68000000                        __ddsc_SDRAM_START = .

__sdram_from_ospi0_cs1$$
                0x68000000        0x0 load address 0x90000000
                0x68000000                        __sdram_from_ospi0_cs1$$Base = .
                0x90000000                        __sdram_from_ospi0_cs1$$Load = LOADADDR (__sdram_from_ospi0_cs1$$)
 *(.sdram_from_ospi0_cs1)
 *(.sdram_code_from_ospi0_cs1)
                0x68000000                        __sdram_from_ospi0_cs1$$Limit = .

.ospi0_cs0.startof
                0x80000000        0x0
                0x80000000                        __ddsc_OSPI0_CS0_START = .

__ospi0_cs0_from_ospi0_cs1$$
                0x80000000        0x0 load address 0x90000000
                0x80000000                        __ospi0_cs0_from_ospi0_cs1$$Base = .
                0x90000000                        __ospi0_cs0_from_ospi0_cs1$$Load = LOADADDR (__ospi0_cs0_from_ospi0_cs1$$)
 *(.ospi0_cs0_from_ospi0_cs1)
 *(.ospi0_cs0_code_from_ospi0_cs1)
                0x80000000                        __ospi0_cs0_from_ospi0_cs1$$Limit = .

.itcm.startof   0x00000000        0x0
                0x00000000                        __ddsc_ITCM_START = .

__itcm_from_ospi0_cs1$$
                0x00000000        0x0 load address 0x90000000
                0x00000000                        __itcm_from_ospi0_cs1$$Base = .
                0x90000000                        __itcm_from_ospi0_cs1$$Load = LOADADDR (__itcm_from_ospi0_cs1$$)
 *(.itcm_from_ospi0_cs1)
 *(.itcm_code_from_ospi0_cs1)
                0x00000000                        __itcm_from_ospi0_cs1$$Limit = .

.dtcm.startof   0x20000000        0x0
                0x20000000                        __ddsc_DTCM_START = .

__dtcm_from_ospi0_cs1$$
                0x20000000        0x0 load address 0x90000000
                0x20000000                        __dtcm_from_ospi0_cs1$$Base = .
                0x90000000                        __dtcm_from_ospi0_cs1$$Load = LOADADDR (__dtcm_from_ospi0_cs1$$)
 *(.dtcm_from_ospi0_cs1)
 *(.dtcm_code_from_ospi0_cs1)
                0x20000000                        __dtcm_from_ospi0_cs1$$Limit = .

.ram.startof    0x22000000        0x0
                0x22000000                        __ddsc_RAM_START = .

__ram_dtc_vector$$
                0x22000000        0x0
                0x22000000                        __ram_dtc_vector$$Base = .
 *(.fsp_dtc_vector_table)
                0x22000000                        __ram_dtc_vector$$Limit = .

__ram_from_ospi0_cs1$$
                0x22000000        0x0 load address 0x90000000
                0x22000000                        __ram_from_ospi0_cs1$$Base = .
                0x90000000                        __ram_from_ospi0_cs1$$Load = LOADADDR (__ram_from_ospi0_cs1$$)
 *(.ram_from_ospi0_cs1)
 *(.ram_code_from_ospi0_cs1)
                0x22000000                        __ram_from_ospi0_cs1$$Limit = .

__ospi0_cs1_readonly$$
                0x90000000        0x0
                0x90000000                        __ospi0_cs1_readonly$$Base = .
 *(.ospi0_cs1)
 *(.ospi0_cs1_code)
                0x90000000                        __ospi0_cs1_readonly$$Limit = .

__ospi0_cs1_noinit$$
                0x90000000        0x0
                0x90000000                        __ospi0_cs1_noinit$$Base = .
 *(.ospi0_cs1_noinit)
                0x90000000                        __ospi0_cs1_noinit$$Limit = .

.ospi0_cs1.endof
                0x90000000        0x0
                0x90000000                        __ddsc_OSPI0_CS1_END = .

.data_flash.startof
                0x27000000        0x0
                0x27000000                        __ddsc_DATA_FLASH_START = .

__sdram_from_data_flash$$
                0x68000000        0x0 load address 0x27000000
                0x68000000                        __sdram_from_data_flash$$Base = .
                0x27000000                        __sdram_from_data_flash$$Load = LOADADDR (__sdram_from_data_flash$$)
 *(.sdram_from_data_flash)
 *(.sdram_code_from_data_flash)
                0x68000000                        __sdram_from_data_flash$$Limit = .

__ospi0_cs0_from_data_flash$$
                0x80000000        0x0 load address 0x27000000
                0x80000000                        __ospi0_cs0_from_data_flash$$Base = .
                0x27000000                        __ospi0_cs0_from_data_flash$$Load = LOADADDR (__ospi0_cs0_from_data_flash$$)
 *(.ospi0_cs0_from_data_flash)
 *(.ospi0_cs0_code_from_data_flash)
                0x80000000                        __ospi0_cs0_from_data_flash$$Limit = .

__itcm_from_data_flash$$
                0x00000000        0x0 load address 0x27000000
                0x00000000                        __itcm_from_data_flash$$Base = .
                0x27000000                        __itcm_from_data_flash$$Load = LOADADDR (__itcm_from_data_flash$$)
 *(.itcm_from_data_flash)
 *(.itcm_code_from_data_flash)
                0x00000000                        __itcm_from_data_flash$$Limit = .

__dtcm_from_data_flash$$
                0x20000000        0x0 load address 0x27000000
                0x20000000                        __dtcm_from_data_flash$$Base = .
                0x27000000                        __dtcm_from_data_flash$$Load = LOADADDR (__dtcm_from_data_flash$$)
 *(.dtcm_from_data_flash)
 *(.dtcm_code_from_data_flash)
                0x20000000                        __dtcm_from_data_flash$$Limit = .

__ram_from_data_flash$$
                0x22000000        0x0 load address 0x27000000
                0x22000000                        __ram_from_data_flash$$Base = .
                0x27000000                        __ram_from_data_flash$$Load = LOADADDR (__ram_from_data_flash$$)
 *(.ram_from_data_flash)
 *(.ram_code_from_data_flash)
                0x22000000                        __ram_from_data_flash$$Limit = .

__data_flash_readonly$$
                0x27000000        0x0
                0x27000000                        __data_flash_readonly$$Base = .
 *(.data_flash)
 *(.data_flash_code)
                0x27000000                        __data_flash_readonly$$Limit = .

__data_flash_noinit$$
                0x27000000        0x0
                0x27000000                        __data_flash_noinit$$Base = .
 *(.data_flash_noinit)
                0x27000000                        __data_flash_noinit$$Limit = .

.data_flash.endof
                0x27000000        0x0
                0x27000000                        __ddsc_DATA_FLASH_END = .

.flash.startof  0x02000000        0x0
                0x02000000                        __ddsc_FLASH_START = .

__flash_vectors$$
                0x02000000       0x74
                0x02000000                        __flash_vectors$$Base = .
                0x02000000                        _VECTORS = .
 *(.fixed_vectors)
 .fixed_vectors
                0x02000000       0x40 ./ra/fsp/src/bsp/cmsis/Device/RENESAS/Source/startup.o
                0x02000000                __Vectors
 *(.application_vectors)
 .application_vectors
                0x02000040       0x34 ./ra_gen/vector_data.o
                0x02000040                g_vector_table
                0x02000074                        __flash_vectors$$Limit = .

__flash_noinit$$
                0x02000074        0x0
                0x02000074                        __flash_noinit$$Base = .
 *(.flash_noinit)
                0x02000074                        __flash_noinit$$Limit = .

__sdram_from_flash$$
                0x68000000        0x0 load address 0x02000074
                0x68000000                        __sdram_from_flash$$Base = .
                0x02000074                        __sdram_from_flash$$Load = LOADADDR (__sdram_from_flash$$)
 *(.sdram_from_flash)
 *(.sdram_code_from_flash)
                0x68000000                        __sdram_from_flash$$Limit = .

__sdram_noinit_nocache$$
                0x68000000        0x0 load address 0x02000080
                0x68000000                        __sdram_noinit_nocache$$Base = .
 *(.sdram_noinit_nocache)
                0x68000000                        __sdram_noinit_nocache$$Limit = .

__sdram_zero_nocache$$
                0x68000000        0x0 load address 0x02000074
                0x68000000                        __sdram_zero_nocache$$Base = .
 *(.sdram_nocache)
                0x68000000                        . = ALIGN (0x20)
                0x68000000                        __sdram_zero_nocache$$Limit = .

__sdram_noinit$$
                0x68000000        0x0 load address 0x02000074
                0x68000000                        __sdram_noinit$$Base = .
 *(.sdram_noinit)
                0x68000000                        __sdram_noinit$$Limit = .

__sdram_zero$$  0x68000000        0x0 load address 0x02000074
                0x68000000                        __sdram_zero$$Base = .
 *(.sdram)
                0x68000000                        __sdram_zero$$Limit = .

.sdram.endof    0x68000000        0x0
                0x68000000                        __ddsc_SDRAM_END = .

__ospi0_cs0_from_flash$$
                0x80000000        0x0 load address 0x02000074
                0x80000000                        __ospi0_cs0_from_flash$$Base = .
                0x02000074                        __ospi0_cs0_from_flash$$Load = LOADADDR (__ospi0_cs0_from_flash$$)
 *(.ospi0_cs0_from_flash)
 *(.ospi0_cs0_code_from_flash)
                0x80000000                        __ospi0_cs0_from_flash$$Limit = .

__ospi0_cs0_noinit_nocache$$
                0x80000000        0x0 load address 0x02000080
                0x80000000                        __ospi0_cs0_noinit_nocache$$Base = .
 *(.ospi0_cs0_noinit_nocache)
                0x80000000                        __ospi0_cs0_noinit_nocache$$Limit = .

__ospi0_cs0_zero_nocache$$
                0x80000000        0x0 load address 0x02000074
                0x80000000                        __ospi0_cs0_zero_nocache$$Base = .
 *(.ospi0_cs0_nocache)
                0x80000000                        . = ALIGN (0x20)
                0x80000000                        __ospi0_cs0_zero_nocache$$Limit = .

__ospi0_cs0_noinit$$
                0x80000000        0x0 load address 0x02000074
                0x80000000                        __ospi0_cs0_noinit$$Base = .
 *(.ospi0_cs0_noinit)
                0x80000000                        __ospi0_cs0_noinit$$Limit = .

__ospi0_cs0_zero$$
                0x80000000        0x0 load address 0x02000074
                0x80000000                        __ospi0_cs0_zero$$Base = .
 *(.ospi0_cs0)
                0x80000000                        __ospi0_cs0_zero$$Limit = .

.ospi0_cs0.endof
                0x80000000        0x0
                0x80000000                        __ddsc_OSPI0_CS0_END = .

__itcm_from_flash$$
                0x00000000        0x0 load address 0x02000074
                0x00000000                        __itcm_from_flash$$Base = .
                0x02000074                        __itcm_from_flash$$Load = LOADADDR (__itcm_from_flash$$)
 *(.itcm_from_flash)
 *(.itcm_code_from_flash)
                0x00000000                        __itcm_from_flash$$Limit = .

__itcm_noinit$$
                0x00000000        0x0 load address 0x02000074
                0x00000000                        __itcm_noinit$$Base = .
 *(.itcm_noinit)
                0x00000000                        __itcm_noinit$$Limit = .

__itcm_zero$$   0x00000000        0x0 load address 0x02000074
                0x00000000                        __itcm_zero$$Base = .
 *(.itcm)
                0x00000000                        __itcm_zero$$Limit = .

.itcm.endof     0x00000000        0x0
                0x00000000                        __ddsc_ITCM_END = .

__dtcm_from_flash$$
                0x20000000        0x0 load address 0x02000074
                0x20000000                        __dtcm_from_flash$$Base = .
                0x02000074                        __dtcm_from_flash$$Load = LOADADDR (__dtcm_from_flash$$)
 *(.dtcm_from_flash)
 *(.dtcm_code_from_flash)
                0x20000000                        __dtcm_from_flash$$Limit = .

__dtcm_noinit$$
                0x20000000        0x0 load address 0x02000074
                0x20000000                        __dtcm_noinit$$Base = .
 *(.dtcm_noinit)
                0x20000000                        __dtcm_noinit$$Limit = .

__dtcm_zero$$   0x20000000        0x0 load address 0x02000074
                0x20000000                        __dtcm_zero$$Base = .
 *(.dtcm)
                0x20000000                        __dtcm_zero$$Limit = .

.dtcm.endof     0x20000000        0x0
                0x20000000                        __ddsc_DTCM_END = .

__ram_from_flash$$
                0x22000000      0x244 load address 0x02000074
                0x22000000                        __ram_from_flash$$Base = .
                0x02000074                        __ram_from_flash$$Load = LOADADDR (__ram_from_flash$$)
 *(.ram_from_flash)
 *(.ram_code_from_flash)
 *(.data*)
 .data.bms_data
                0x22000000       0x24 ./src/bms/bms_data.o
                0x22000000                bms_data
 *fill*         0x22000024        0x4 
 .data.g_canfd0_extended_cfg
                0x22000028       0x20 ./ra_gen/hal_data.o
                0x22000028                g_canfd0_extended_cfg
 .data.g_canfd0_global_cfg
                0x22000048       0x1c ./ra_gen/hal_data.o
                0x22000048                g_canfd0_global_cfg
 .data.g_canfd0_data_timing_cfg
                0x22000064       0x10 ./ra_gen/hal_data.o
                0x22000064                g_canfd0_data_timing_cfg
 .data.g_canfd0_bit_timing_cfg
                0x22000074       0x10 ./ra_gen/hal_data.o
                0x22000074                g_canfd0_bit_timing_cfg
 .data.g_uart0_baud_setting
                0x22000084        0x4 ./ra_gen/hal_data.o
                0x22000084                g_uart0_baud_setting
 .data._impure_ptr
                0x22000088        0x4 C:/Program Files (x86)/Arm GNU Toolchain arm-none-eabi/13.2 Rel1/bin/../lib/gcc/arm-none-eabi/13.2.1/thumb/v8-m.main+dp/hard\libg_nano.a(libc_a-impure.o)
                0x22000088                _impure_ptr
 .data._impure_data
                0x2200008c       0x4c C:/Program Files (x86)/Arm GNU Toolchain arm-none-eabi/13.2 Rel1/bin/../lib/gcc/arm-none-eabi/13.2.1/thumb/v8-m.main+dp/hard\libg_nano.a(libc_a-impure.o)
                0x2200008c                _impure_data
 .data.__global_locale
                0x220000d8      0x16c C:/Program Files (x86)/Arm GNU Toolchain arm-none-eabi/13.2 Rel1/bin/../lib/gcc/arm-none-eabi/13.2.1/thumb/v8-m.main+dp/hard\libg_nano.a(libc_a-locale.o)
                0x220000d8                __global_locale
 *(vtable)
                0x22000244                        __ram_from_flash$$Limit = .

.tm_clone_table
                0x22000244        0x0 load address 0x020002b8
 .tm_clone_table
                0x22000244        0x0 C:/Program Files (x86)/Arm GNU Toolchain arm-none-eabi/13.2 Rel1/bin/../lib/gcc/arm-none-eabi/13.2.1/thumb/v8-m.main+dp/hard/crtbegin.o
 .tm_clone_table
                0x22000244        0x0 C:/Program Files (x86)/Arm GNU Toolchain arm-none-eabi/13.2 Rel1/bin/../lib/gcc/arm-none-eabi/13.2.1/thumb/v8-m.main+dp/hard/crtend.o

.igot.plt       0x22000244        0x0 load address 0x020002b8
 .igot.plt      0x22000244        0x0 C:/Program Files (x86)/Arm GNU Toolchain arm-none-eabi/13.2 Rel1/bin/../lib/gcc/arm-none-eabi/13.2.1/thumb/v8-m.main+dp/hard/crtbegin.o

__ram_noinit_nocache$$
                0x22000260        0x0 load address 0x020002c0
                0x22000260                        __ram_noinit_nocache$$Base = .
 *(.ram_noinit_nocache)
                0x22000260                        __ram_noinit_nocache$$Limit = .

__ram_zero_nocache$$
                0x22000244       0x1c load address 0x020002b8
                0x22000244                        __ram_zero_nocache$$Base = .
 *(.ram_nocache)
                0x22000260                        . = ALIGN (0x20)
 *fill*         0x22000244       0x1c 
                0x22000260                        __ram_zero_nocache$$Limit = .

__ram_noinit$$  0x22000260      0x42c load address 0x020002b8
                0x22000260                        __ram_noinit$$Base = .
 *(.bss.g_heap)
 *(.bss.g_main_stack)
 .bss.g_main_stack
                0x22000260      0x400 ./ra/fsp/src/bsp/cmsis/Device/RENESAS/Source/startup.o
                0x22000260                g_main_stack
 *(.ram_noinit)
 .ram_noinit    0x22000660       0x2c ./ra/fsp/src/bsp/mcu/all/bsp_clocks.o
 *(.noinit)
                0x2200068c                        __ram_noinit$$Limit = .

__ram_zero$$    0x22000690     0xae0c load address 0x020002b8
                0x22000690                        __ram_zero$$Base = .
 *(.ram)
 *(.bss*)
 .bss.completed.1
                0x22000690        0x1 C:/Program Files (x86)/Arm GNU Toolchain arm-none-eabi/13.2 Rel1/bin/../lib/gcc/arm-none-eabi/13.2.1/thumb/v8-m.main+dp/hard/crtbegin.o
 *fill*         0x22000691        0x3 
 .bss.object.0  0x22000694       0x18 C:/Program Files (x86)/Arm GNU Toolchain arm-none-eabi/13.2 Rel1/bin/../lib/gcc/arm-none-eabi/13.2.1/thumb/v8-m.main+dp/hard/crtbegin.o
 .bss.bms_mutex
                0x220006ac        0x4 ./src/bms/bms_data.o
                0x220006ac                bms_mutex
 .bss.bms_mutex_buffer
                0x220006b0       0x48 ./src/bms/bms_data.o
                0x220006b0                bms_mutex_buffer
 .bss.dbg_last_id
                0x220006f8        0x4 ./src/can_task_entry.o
                0x220006f8                dbg_last_id
 .bss.dbg_rx_other
                0x220006fc        0x4 ./src/can_task_entry.o
                0x220006fc                dbg_rx_other
 .bss.dbg_rx_enq_fail
                0x22000700        0x4 ./src/can_task_entry.o
                0x22000700                dbg_rx_enq_fail
 .bss.dbg_rx_enq_ok
                0x22000704        0x4 ./src/can_task_entry.o
                0x22000704                dbg_rx_enq_ok
 .bss.dbg_rx_matched
                0x22000708        0x4 ./src/can_task_entry.o
                0x22000708                dbg_rx_matched
 .bss.dbg_rx_events
                0x2200070c        0x4 ./src/can_task_entry.o
                0x2200070c                dbg_rx_events
 .bss.canfd_tx_done
                0x22000710        0x1 ./src/can_task_entry.o
 *fill*         0x22000711        0x3 
 .bss.can_rx_queue
                0x22000714        0x4 ./src/can_task_entry.o
 .bss.s_rx_queue_storage
                0x22000718       0x80 ./src/can_task_entry.o
 .bss.s_rx_queue_buf
                0x22000798       0x48 ./src/can_task_entry.o
 .bss.plant_mailbox
                0x220007e0       0x30 ./src/can_task_entry.o
                0x220007e0                plant_mailbox
 .bss.plant_mailbox_mutex
                0x22000810        0x4 ./src/can_task_entry.o
                0x22000810                plant_mailbox_mutex
 .bss.dbg_plant_reset_tx_err
                0x22000814        0x4 ./src/can_task_entry.o
                0x22000814                dbg_plant_reset_tx_err
 .bss.dbg_plant_reset_tx_ok
                0x22000818        0x4 ./src/can_task_entry.o
                0x22000818                dbg_plant_reset_tx_ok
 .bss.s_ekf.0   0x2200081c       0x6c ./src/estimator_task_entry.o
 .bss.s_nn_ctx.1
                0x22000888       0x88 ./src/estimator_task_entry.o
 .bss.dbg_uart_timeout
                0x22000910        0x4 ./src/estimator_task_entry.o
                0x22000910                dbg_uart_timeout
 .bss.dbg_uart_write_err
                0x22000914        0x4 ./src/estimator_task_entry.o
                0x22000914                dbg_uart_write_err
 .bss.dbg_uart_ok
                0x22000918        0x4 ./src/estimator_task_entry.o
                0x22000918                dbg_uart_ok
 .bss.dbg_dI_pack
                0x2200091c        0x4 ./src/estimator_task_entry.o
                0x2200091c                dbg_dI_pack
 .bss.dbg_T_core_est
                0x22000920        0x4 ./src/estimator_task_entry.o
                0x22000920                dbg_T_core_est
 .bss.dbg_innov
                0x22000924        0x4 ./src/estimator_task_entry.o
                0x22000924                dbg_innov
 .bss.dbg_R0_est
                0x22000928        0x4 ./src/estimator_task_entry.o
                0x22000928                dbg_R0_est
 .bss.dbg_soc_est
                0x2200092c        0x4 ./src/estimator_task_entry.o
                0x2200092c                dbg_soc_est
 .bss.dbg_wcet_cyc
                0x22000930        0x4 ./src/estimator_task_entry.o
                0x22000930                dbg_wcet_cyc
 .bss.dbg_wcet_us
                0x22000934        0x4 ./src/estimator_task_entry.o
                0x22000934                dbg_wcet_us
 .bss.dbg_est_skipped
                0x22000938        0x4 ./src/estimator_task_entry.o
                0x22000938                dbg_est_skipped
 .bss.dbg_est_stale
                0x2200093c        0x4 ./src/estimator_task_entry.o
                0x2200093c                dbg_est_stale
 .bss.dbg_est_steps
                0x22000940        0x4 ./src/estimator_task_entry.o
                0x22000940                dbg_est_steps
 .bss.estimator_task_handle
                0x22000944        0x4 ./src/new_thread0_entry.o
                0x22000944                estimator_task_handle
 .bss.s_est_stack
                0x22000948     0x8000 ./src/new_thread0_entry.o
 .bss.s_est_tcb
                0x22008948       0x68 ./src/new_thread0_entry.o
 .bss.can_task_handle
                0x220089b0        0x4 ./src/new_thread0_entry.o
                0x220089b0                can_task_handle
 .bss.can_tcb   0x220089b4       0x68 ./src/new_thread0_entry.o
 *fill*         0x22008a1c        0x4 
 .bss.can_stack
                0x22008a20     0x2000 ./src/new_thread0_entry.o
 .bss.plant_mailbox_mutex_buf
                0x2200aa20       0x48 ./src/new_thread0_entry.o
 .bss.uart_tx_complete
                0x2200aa68        0x1 ./src/new_thread0_entry.o
                0x2200aa68                uart_tx_complete
 *fill*         0x2200aa69        0x3 
 .bss.g_ioport_ctrl
                0x2200aa6c        0x8 ./ra_gen/common_data.o
                0x2200aa6c                g_ioport_ctrl
 .bss.g_canfd0_ctrl
                0x2200aa74       0x1c ./ra_gen/hal_data.o
                0x2200aa74                g_canfd0_ctrl
 .bss.g_uart0_ctrl
                0x2200aa90       0x30 ./ra_gen/hal_data.o
                0x2200aa90                g_uart0_ctrl
 .bss.uxTimerTaskStack.3
                0x2200aac0      0x200 ./ra_gen/main.o
 .bss.xTimerTaskTCB.2
                0x2200acc0       0x68 ./ra_gen/main.o
 .bss.uxIdleTaskStack.1
                0x2200ad28      0x200 ./ra_gen/main.o
 .bss.xIdleTaskTCB.0
                0x2200af28       0x68 ./ra_gen/main.o
 .bss.g_fsp_common_initialized_semaphore_memory
                0x2200af90       0x48 ./ra_gen/main.o
                0x2200af90                g_fsp_common_initialized_semaphore_memory
 .bss.g_fsp_common_initialized_semaphore
                0x2200afd8        0x4 ./ra_gen/main.o
                0x2200afd8                g_fsp_common_initialized_semaphore
 .bss.g_fsp_common_initialized
                0x2200afdc        0x1 ./ra_gen/main.o
                0x2200afdc                g_fsp_common_initialized
 *fill*         0x2200afdd        0x3 
 .bss.g_fsp_common_thread_count
                0x2200afe0        0x4 ./ra_gen/main.o
                0x2200afe0                g_fsp_common_thread_count
 .bss.new_thread0
                0x2200afe4        0x4 ./ra_gen/new_thread0.o
                0x2200afe4                new_thread0
 .bss.new_thread0_memory
                0x2200afe8       0x68 ./ra_gen/new_thread0.o
 .bss.g_mask_level_before_disable
                0x2200b050        0x4 ./ra/fsp/src/rm_freertos_port/port.o
 .bss.uxCriticalNesting
                0x2200b054        0x4 ./ra/fsp/src/rm_freertos_port/port.o
 .bss.gp_ctrl   0x2200b058        0x8 ./ra/fsp/src/r_canfd/r_canfd.o
 .bss.g_bsp_group_irq_sources
                0x2200b060       0x40 ./ra/fsp/src/bsp/mcu/all/bsp_group_irq.o
                0x2200b060                g_bsp_group_irq_sources
 .bss.g_protect_pfswe_counter
                0x2200b0a0        0x4 ./ra/fsp/src/bsp/mcu/all/bsp_io.o
                0x2200b0a0                g_protect_pfswe_counter
 *fill*         0x2200b0a4        0x4 
 .bss.gp_renesas_isr_context
                0x2200b0a8       0x34 ./ra/fsp/src/bsp/mcu/all/bsp_irq.o
                0x2200b0a8                gp_renesas_isr_context
 .bss.g_protect_counters
                0x2200b0dc        0xa ./ra/fsp/src/bsp/mcu/all/bsp_register_protection.o
                0x2200b0dc                g_protect_counters
 *fill*         0x2200b0e6        0x2 
 .bss.SystemCoreClock
                0x2200b0e8        0x4 ./ra/fsp/src/bsp/cmsis/Device/RENESAS/Source/system.o
                0x2200b0e8                SystemCoreClock
 *fill*         0x2200b0ec        0x4 
 .bss.xQueueRegistry
                0x2200b0f0       0x50 ./ra/aws/FreeRTOS/FreeRTOS/Source/queue.o
                0x2200b0f0                xQueueRegistry
 .bss.uxSchedulerSuspended
                0x2200b140        0x4 ./ra/aws/FreeRTOS/FreeRTOS/Source/tasks.o
 .bss.xIdleTaskHandles
                0x2200b144        0x4 ./ra/aws/FreeRTOS/FreeRTOS/Source/tasks.o
 .bss.xNextTaskUnblockTime
                0x2200b148        0x4 ./ra/aws/FreeRTOS/FreeRTOS/Source/tasks.o
 .bss.uxTaskNumber
                0x2200b14c        0x4 ./ra/aws/FreeRTOS/FreeRTOS/Source/tasks.o
 .bss.xNumOfOverflows
                0x2200b150        0x4 ./ra/aws/FreeRTOS/FreeRTOS/Source/tasks.o
 .bss.xYieldPendings
                0x2200b154        0x4 ./ra/aws/FreeRTOS/FreeRTOS/Source/tasks.o
 .bss.xPendedTicks
                0x2200b158        0x4 ./ra/aws/FreeRTOS/FreeRTOS/Source/tasks.o
 .bss.xSchedulerRunning
                0x2200b15c        0x4 ./ra/aws/FreeRTOS/FreeRTOS/Source/tasks.o
 .bss.uxTopReadyPriority
                0x2200b160        0x4 ./ra/aws/FreeRTOS/FreeRTOS/Source/tasks.o
 .bss.xTickCount
                0x2200b164        0x4 ./ra/aws/FreeRTOS/FreeRTOS/Source/tasks.o
 .bss.uxCurrentNumberOfTasks
                0x2200b168        0x4 ./ra/aws/FreeRTOS/FreeRTOS/Source/tasks.o
 .bss.xSuspendedTaskList
                0x2200b16c       0x14 ./ra/aws/FreeRTOS/FreeRTOS/Source/tasks.o
 .bss.uxDeletedTasksWaitingCleanUp
                0x2200b180        0x4 ./ra/aws/FreeRTOS/FreeRTOS/Source/tasks.o
 .bss.xTasksWaitingTermination
                0x2200b184       0x14 ./ra/aws/FreeRTOS/FreeRTOS/Source/tasks.o
 .bss.xPendingReadyList
                0x2200b198       0x14 ./ra/aws/FreeRTOS/FreeRTOS/Source/tasks.o
 .bss.pxOverflowDelayedTaskList
                0x2200b1ac        0x4 ./ra/aws/FreeRTOS/FreeRTOS/Source/tasks.o
 .bss.pxDelayedTaskList
                0x2200b1b0        0x4 ./ra/aws/FreeRTOS/FreeRTOS/Source/tasks.o
 .bss.xDelayedTaskList2
                0x2200b1b4       0x14 ./ra/aws/FreeRTOS/FreeRTOS/Source/tasks.o
 .bss.xDelayedTaskList1
                0x2200b1c8       0x14 ./ra/aws/FreeRTOS/FreeRTOS/Source/tasks.o
 .bss.pxReadyTasksLists
                0x2200b1dc       0x78 ./ra/aws/FreeRTOS/FreeRTOS/Source/tasks.o
 .bss.pxCurrentTCB
                0x2200b254        0x4 ./ra/aws/FreeRTOS/FreeRTOS/Source/tasks.o
                0x2200b254                pxCurrentTCB
 .bss.xStaticTimerQueue.14
                0x2200b258       0x48 ./ra/aws/FreeRTOS/FreeRTOS/Source/timers.o
 .bss.ucStaticTimerQueueStorage.15
                0x2200b2a0       0x78 ./ra/aws/FreeRTOS/FreeRTOS/Source/timers.o
 .bss.xLastTime.17
                0x2200b318        0x4 ./ra/aws/FreeRTOS/FreeRTOS/Source/timers.o
 .bss.xTimerTaskHandle
                0x2200b31c        0x4 ./ra/aws/FreeRTOS/FreeRTOS/Source/timers.o
 .bss.xTimerQueue
                0x2200b320        0x4 ./ra/aws/FreeRTOS/FreeRTOS/Source/timers.o
 .bss.pxOverflowTimerList
                0x2200b324        0x4 ./ra/aws/FreeRTOS/FreeRTOS/Source/timers.o
 .bss.pxCurrentTimerList
                0x2200b328        0x4 ./ra/aws/FreeRTOS/FreeRTOS/Source/timers.o
 .bss.xActiveTimerList2
                0x2200b32c       0x14 ./ra/aws/FreeRTOS/FreeRTOS/Source/timers.o
 .bss.xActiveTimerList1
                0x2200b340       0x14 ./ra/aws/FreeRTOS/FreeRTOS/Source/timers.o
 .bss.__sf      0x2200b354      0x138 C:/Program Files (x86)/Arm GNU Toolchain arm-none-eabi/13.2 Rel1/bin/../lib/gcc/arm-none-eabi/13.2.1/thumb/v8-m.main+dp/hard\libg_nano.a(libc_a-findfp.o)
                0x2200b354                __sf
 .bss.errno     0x2200b48c        0x4 C:/Program Files (x86)/Arm GNU Toolchain arm-none-eabi/13.2 Rel1/bin/../lib/gcc/arm-none-eabi/13.2.1/thumb/v8-m.main+dp/hard\libg_nano.a(libc_a-reent.o)
                0x2200b48c                errno
 .bss.__lock___malloc_recursive_mutex
                0x2200b490        0x1 C:/Program Files (x86)/Arm GNU Toolchain arm-none-eabi/13.2 Rel1/bin/../lib/gcc/arm-none-eabi/13.2.1/thumb/v8-m.main+dp/hard\libg_nano.a(libc_a-lock.o)
                0x2200b490                __lock___malloc_recursive_mutex
 *fill*         0x2200b491        0x3 
 .bss.__malloc_sbrk_start
                0x2200b494        0x4 C:/Program Files (x86)/Arm GNU Toolchain arm-none-eabi/13.2 Rel1/bin/../lib/gcc/arm-none-eabi/13.2.1/thumb/v8-m.main+dp/hard\libg_nano.a(libc_a-mallocr.o)
                0x2200b494                __malloc_sbrk_start
 .bss.__malloc_free_list
                0x2200b498        0x4 C:/Program Files (x86)/Arm GNU Toolchain arm-none-eabi/13.2 Rel1/bin/../lib/gcc/arm-none-eabi/13.2.1/thumb/v8-m.main+dp/hard\libg_nano.a(libc_a-mallocr.o)
                0x2200b498                __malloc_free_list
                0x2200b49c                        __ram_zero$$Limit = .

__ram_thread_stack$$
                0x2200b4a0     0x1000 load address 0x020002b8
                0x2200b4a0                        __ram_thread_stack$$Base = .
 *(.stack?*)
 .stack.new_thread0
                0x2200b4a0     0x1000 ./ra_gen/new_thread0.o
                0x2200c4a0                        __ram_thread_stack$$Limit = .

.ram.endof      0x2200e000        0x0
                0x2200e000                        __ddsc_RAM_END = .

.ram.flat_nsc   0x2200e000        0x0
                0x2200e000                        __sau_ddsc_RAM_NSC = .

__flash_readonly$$
                0x020002b8     0xbbd0
                0x020002b8                        __flash_readonly$$Base = .
 *(.flash)
 *(.flash_code)
 *(.text*)
 .text.deregister_tm_clones
                0x020002b8       0x1c C:/Program Files (x86)/Arm GNU Toolchain arm-none-eabi/13.2 Rel1/bin/../lib/gcc/arm-none-eabi/13.2.1/thumb/v8-m.main+dp/hard/crtbegin.o
 .text.register_tm_clones
                0x020002d4       0x28 C:/Program Files (x86)/Arm GNU Toolchain arm-none-eabi/13.2 Rel1/bin/../lib/gcc/arm-none-eabi/13.2.1/thumb/v8-m.main+dp/hard/crtbegin.o
 .text.__do_global_dtors_aux
                0x020002fc       0x28 C:/Program Files (x86)/Arm GNU Toolchain arm-none-eabi/13.2 Rel1/bin/../lib/gcc/arm-none-eabi/13.2.1/thumb/v8-m.main+dp/hard/crtbegin.o
 .text.frame_dummy
                0x02000324       0x24 C:/Program Files (x86)/Arm GNU Toolchain arm-none-eabi/13.2 Rel1/bin/../lib/gcc/arm-none-eabi/13.2.1/thumb/v8-m.main+dp/hard/crtbegin.o
 .text.lut2d.constprop.0
                0x02000348      0x134 ./src/adekf.o
 .text.adekf_step_core
                0x0200047c      0x688 ./src/adekf.o
 .text.adekf_init
                0x02000b04       0x54 ./src/adekf.o
                0x02000b04                adekf_init
 .text.adekf_step
                0x02000b58       0x20 ./src/adekf.o
                0x02000b58                adekf_step
 .text.bms_nn_residual_reset
                0x02000b78        0xc ./src/bms_nn_residual_fp32.o
                0x02000b78                bms_nn_residual_reset
 .text.bms_nn_residual_step
                0x02000b84      0x768 ./src/bms_nn_residual_fp32.o
                0x02000b84                bms_nn_residual_step
 .text.can_send.constprop.0
                0x020012ec       0x68 ./src/can_task_entry.o
 .text.send_plant_reset_cmd
                0x02001354       0x3c ./src/can_task_entry.o
 .text.canfd0_callback
                0x02001390       0xe8 ./src/can_task_entry.o
                0x02001390                canfd0_callback
 .text.can_task_entry
                0x02001478      0x4d8 ./src/can_task_entry.o
                0x02001478                can_task_entry
 .text.uart_send
                0x02001950       0x6c ./src/estimator_task_entry.o
 *fill*         0x020019bc        0x4 
 .text.estimator_task_entry
                0x020019c0      0x4b8 ./src/estimator_task_entry.o
                0x020019c0                estimator_task_entry
 .text.R_BSP_WarmStart
                0x02001e78       0x18 ./src/hal_warmstart.o
                0x02001e78                R_BSP_WarmStart
 .text.vApplicationStackOverflowHook
                0x02001e90        0x4 ./src/new_thread0_entry.o
                0x02001e90                vApplicationStackOverflowHook
 .text.uart_callback
                0x02001e94       0x14 ./src/new_thread0_entry.o
                0x02001e94                uart_callback
 .text.new_thread0_entry
                0x02001ea8      0x110 ./src/new_thread0_entry.o
                0x02001ea8                new_thread0_entry
 .text.g_common_init
                0x02001fb8        0x4 ./ra_gen/common_data.o
                0x02001fb8                g_common_init
 .text.g_hal_init
                0x02001fbc        0x4 ./ra_gen/hal_data.o
                0x02001fbc                g_hal_init
 .text.rtos_startup_err_callback_internal
                0x02001fc0        0x4 ./ra_gen/main.o
                0x02001fc0                rtos_startup_err_callback
                0x02001fc0                rtos_startup_err_callback_internal
 .text.rtos_startup_common_init
                0x02001fc4       0x68 ./ra_gen/main.o
                0x02001fc4                rtos_startup_common_init
 .text.startup.main
                0x0200202c       0x44 ./ra_gen/main.o
                0x0200202c                main
 .text.vApplicationGetIdleTaskMemory
                0x02002070       0x1c ./ra_gen/main.o
                0x02002070                vApplicationGetIdleTaskMemory
 .text.vApplicationGetTimerTaskMemory
                0x0200208c       0x1c ./ra_gen/main.o
                0x0200208c                vApplicationGetTimerTaskMemory
 .text.new_thread0_func
                0x020020a8       0x14 ./ra_gen/new_thread0.o
 .text.new_thread0_create
                0x020020bc       0x58 ./ra_gen/new_thread0.o
                0x020020bc                new_thread0_create
 .text.prvTaskExitError
                0x02002114        0x4 ./ra/fsp/src/rm_freertos_port/port.o
 .text.SVC_Handler
                0x02002118       0x18 ./ra/fsp/src/rm_freertos_port/port.o
                0x02002118                SVC_Handler
 .text.PendSV_Handler
                0x02002130       0x44 ./ra/fsp/src/rm_freertos_port/port.o
                0x02002130                PendSV_Handler
 .text.rm_freertos_port_restore_task_stackless
                0x02002174       0x24 ./ra/fsp/src/rm_freertos_port/port.o
                0x02002174                rm_freertos_port_restore_task_stackless
 .text.SysTick_Handler
                0x02002198       0x24 ./ra/fsp/src/rm_freertos_port/port.o
                0x02002198                SysTick_Handler
 .text.vPortSVCHandler_C
                0x020021bc       0x34 ./ra/fsp/src/rm_freertos_port/port.o
                0x020021bc                vPortSVCHandler_C
 .text.pxPortInitialiseStack
                0x020021f0       0x2c ./ra/fsp/src/rm_freertos_port/port.o
                0x020021f0                pxPortInitialiseStack
 .text.vPortEnterCritical
                0x0200221c       0x50 ./ra/fsp/src/rm_freertos_port/port.o
                0x0200221c                vPortEnterCritical
 .text.vPortExitCritical
                0x0200226c       0x3c ./ra/fsp/src/rm_freertos_port/port.o
                0x0200226c                vPortExitCritical
 .text.vApplicationIdleHook
                0x020022a8       0x3c ./ra/fsp/src/rm_freertos_port/port.o
                0x020022a8                vApplicationIdleHook
 .text.vPortSetupTimerInterrupt
                0x020022e4       0x44 ./ra/fsp/src/rm_freertos_port/port.o
                0x020022e4                vPortSetupTimerInterrupt
 .text.xPortStartScheduler
                0x02002328       0x3c ./ra/fsp/src/rm_freertos_port/port.o
                0x02002328                xPortStartScheduler
 .text.vPortValidateInterruptPriority
                0x02002364       0x5c ./ra/fsp/src/rm_freertos_port/port.o
                0x02002364                vPortValidateInterruptPriority
 .text.R_SCI_B_UART_Write
                0x020023c0       0x40 ./ra/fsp/src/r_sci_b_uart/r_sci_b_uart.o
                0x020023c0                R_SCI_B_UART_Write
 .text.r_sci_b_irq_cfg
                0x02002400       0x70 ./ra/fsp/src/r_sci_b_uart/r_sci_b_uart.o
 .text.r_sci_b_uart_call_callback
                0x02002470       0x44 ./ra/fsp/src/r_sci_b_uart/r_sci_b_uart.o
 .text.R_SCI_B_UART_Open
                0x020024b4      0x284 ./ra/fsp/src/r_sci_b_uart/r_sci_b_uart.o
                0x020024b4                R_SCI_B_UART_Open
 .text.sci_b_uart_txi_isr
                0x02002738       0x90 ./ra/fsp/src/r_sci_b_uart/r_sci_b_uart.o
                0x02002738                sci_b_uart_txi_isr
 .text.sci_b_uart_rxi_isr
                0x020027c8       0x90 ./ra/fsp/src/r_sci_b_uart/r_sci_b_uart.o
                0x020027c8                sci_b_uart_rxi_isr
 .text.sci_b_uart_tei_isr
                0x02002858       0x4c ./ra/fsp/src/r_sci_b_uart/r_sci_b_uart.o
                0x02002858                sci_b_uart_tei_isr
 .text.sci_b_uart_eri_isr
                0x020028a4       0x84 ./ra/fsp/src/r_sci_b_uart/r_sci_b_uart.o
                0x020028a4                sci_b_uart_eri_isr
 .text.bsp_vbatt_init
                0x02002928       0xec ./ra/fsp/src/r_ioport/r_ioport.o
 .text.r_ioport_pins_config
                0x02002a14       0xac ./ra/fsp/src/r_ioport/r_ioport.o
 .text.R_IOPORT_Open
                0x02002ac0       0x14 ./ra/fsp/src/r_ioport/r_ioport.o
                0x02002ac0                R_IOPORT_Open
 .text.iic_master_notify
                0x02002ad4       0x3c ./ra/fsp/src/r_iic_master/r_iic_master.o
 .text.iic_master_open_hw_master
                0x02002b10      0x238 ./ra/fsp/src/r_iic_master/r_iic_master.o
 .text.iic_master_rxi_isr
                0x02002d48      0x194 ./ra/fsp/src/r_iic_master/r_iic_master.o
                0x02002d48                iic_master_rxi_isr
 .text.iic_master_txi_isr
                0x02002edc      0x124 ./ra/fsp/src/r_iic_master/r_iic_master.o
                0x02002edc                iic_master_txi_isr
 .text.iic_master_tei_isr
                0x02003000       0xe4 ./ra/fsp/src/r_iic_master/r_iic_master.o
                0x02003000                iic_master_tei_isr
 .text.iic_master_eri_isr
                0x020030e4      0x140 ./ra/fsp/src/r_iic_master/r_iic_master.o
                0x020030e4                iic_master_eri_isr
 .text.r_canfd_mb_read
                0x02003224       0xac ./ra/fsp/src/r_canfd/r_canfd.o
 .text.r_canfd_call_callback
                0x020032d0       0x3c ./ra/fsp/src/r_canfd/r_canfd.o
 .text.r_canfd_mode_transition
                0x0200330c       0xdc ./ra/fsp/src/r_canfd/r_canfd.o
 .text.R_CANFD_Close
                0x020033e8       0xf0 ./ra/fsp/src/r_canfd/r_canfd.o
                0x020033e8                R_CANFD_Close
 .text.R_CANFD_Write
                0x020034d8      0x108 ./ra/fsp/src/r_canfd/r_canfd.o
                0x020034d8                R_CANFD_Write
 .text.R_CANFD_Open
                0x020035e0      0x340 ./ra/fsp/src/r_canfd/r_canfd.o
                0x020035e0                R_CANFD_Open
 .text.canfd_error_isr
                0x02003920       0xd4 ./ra/fsp/src/r_canfd/r_canfd.o
                0x02003920                canfd_error_isr
 .text.canfd_rx_fifo_isr
                0x020039f4       0xb4 ./ra/fsp/src/r_canfd/r_canfd.o
                0x020039f4                canfd_rx_fifo_isr
 .text.canfd_channel_tx_isr
                0x02003aa8       0xd8 ./ra/fsp/src/r_canfd/r_canfd.o
                0x02003aa8                canfd_channel_tx_isr
 .text.canfd_common_fifo_rx_isr
                0x02003b80       0x88 ./ra/fsp/src/r_canfd/r_canfd.o
                0x02003b80                canfd_common_fifo_rx_isr
 .text.SystemCoreClockUpdate
                0x02003c08       0x8c ./ra/fsp/src/bsp/mcu/all/bsp_clocks.o
                0x02003c08                SystemCoreClockUpdate
 .text.R_BSP_SubClockStabilizeWaitAfterReset
                0x02003c94        0x4 ./ra/fsp/src/bsp/mcu/all/bsp_clocks.o
                0x02003c94                R_BSP_SubClockStabilizeWaitAfterReset
 .text.bsp_clock_init
                0x02003c98      0x208 ./ra/fsp/src/bsp/mcu/all/bsp_clocks.o
                0x02003c98                bsp_clock_init
 .text.R_BSP_Init_RTC
                0x02003ea0       0xb0 ./ra/fsp/src/bsp/mcu/all/bsp_clocks.o
                0x02003ea0                R_BSP_Init_RTC
 .text.__assert_func
                0x02003f50        0x4 ./ra/fsp/src/bsp/mcu/all/bsp_common.o
                0x02003f50                __assert_func
 *fill*         0x02003f54        0x4 
 .text.bsp_prv_software_delay_loop
                0x02003f58        0xc ./ra/fsp/src/bsp/mcu/all/bsp_delay.o
                0x02003f58                bsp_prv_software_delay_loop
 .text.R_BSP_SoftwareDelay
                0x02003f64       0x88 ./ra/fsp/src/bsp/mcu/all/bsp_delay.o
                0x02003f64                R_BSP_SoftwareDelay
 .text.NMI_Handler
                0x02003fec       0x44 ./ra/fsp/src/bsp/mcu/all/bsp_group_irq.o
                0x02003fec                NMI_Handler
 .text.bsp_irq_cfg
                0x02004030       0x2c ./ra/fsp/src/bsp/mcu/all/bsp_irq.o
                0x02004030                bsp_irq_cfg
 .text.R_BSP_RegisterProtectEnable
                0x0200405c       0x60 ./ra/fsp/src/bsp/mcu/all/bsp_register_protection.o
                0x0200405c                R_BSP_RegisterProtectEnable
 .text.R_BSP_RegisterProtectDisable
                0x020040bc       0x54 ./ra/fsp/src/bsp/mcu/all/bsp_register_protection.o
                0x020040bc                R_BSP_RegisterProtectDisable
 .text._sbrk    0x02004110       0x14 ./ra/fsp/src/bsp/mcu/all/bsp_sbrk.o
                0x02004110                _sbrk
 .text.Default_Handler
                0x02004124        0x4 ./ra/fsp/src/bsp/cmsis/Device/RENESAS/Source/startup.o
                0x02004124                HardFault_Handler
                0x02004124                UsageFault_Handler
                0x02004124                SecureFault_Handler
                0x02004124                Default_Handler
                0x02004124                MemManage_Handler
                0x02004124                BusFault_Handler
                0x02004124                DebugMon_Handler
 .text.Reset_Handler
                0x02004128        0xc ./ra/fsp/src/bsp/cmsis/Device/RENESAS/Source/startup.o
                0x02004128                Reset_Handler
 .text.SystemRuntimeInit
                0x02004134       0x64 ./ra/fsp/src/bsp/cmsis/Device/RENESAS/Source/system.o
 .text.SystemInit
                0x02004198      0x1a0 ./ra/fsp/src/bsp/cmsis/Device/RENESAS/Source/system.o
                0x02004198                SystemInit
 .text.bsp_init
                0x02004338        0x4 ./ra/board/ra8m1_ek/board_init.o
                0x02004338                bsp_init
 .text.vListInitialise
                0x0200433c       0x18 ./ra/aws/FreeRTOS/FreeRTOS/Source/list.o
                0x0200433c                vListInitialise
 .text.vListInitialiseItem
                0x02004354        0x8 ./ra/aws/FreeRTOS/FreeRTOS/Source/list.o
                0x02004354                vListInitialiseItem
 .text.vListInsert
                0x0200435c       0x30 ./ra/aws/FreeRTOS/FreeRTOS/Source/list.o
                0x0200435c                vListInsert
 .text.uxListRemove
                0x0200438c       0x24 ./ra/aws/FreeRTOS/FreeRTOS/Source/list.o
                0x0200438c                uxListRemove
 .text.prvCopyDataToQueue
                0x020043b0       0x7c ./ra/aws/FreeRTOS/FreeRTOS/Source/queue.o
 .text.prvUnlockQueue
                0x0200442c       0x8c ./ra/aws/FreeRTOS/FreeRTOS/Source/queue.o
 .text.xQueueGenericReset
                0x020044b8       0xbc ./ra/aws/FreeRTOS/FreeRTOS/Source/queue.o
                0x020044b8                xQueueGenericReset
 .text.xQueueGenericCreateStatic
                0x02004574       0x80 ./ra/aws/FreeRTOS/FreeRTOS/Source/queue.o
                0x02004574                xQueueGenericCreateStatic
 .text.xQueueCreateCountingSemaphoreStatic
                0x020045f4       0x78 ./ra/aws/FreeRTOS/FreeRTOS/Source/queue.o
                0x020045f4                xQueueCreateCountingSemaphoreStatic
 .text.xQueueGenericSend
                0x0200466c      0x198 ./ra/aws/FreeRTOS/FreeRTOS/Source/queue.o
                0x0200466c                xQueueGenericSend
 .text.xQueueCreateMutexStatic
                0x02004804       0x9c ./ra/aws/FreeRTOS/FreeRTOS/Source/queue.o
                0x02004804                xQueueCreateMutexStatic
 .text.xQueueGenericSendFromISR
                0x020048a0       0xe8 ./ra/aws/FreeRTOS/FreeRTOS/Source/queue.o
                0x020048a0                xQueueGenericSendFromISR
 .text.xQueueReceive
                0x02004988      0x178 ./ra/aws/FreeRTOS/FreeRTOS/Source/queue.o
                0x02004988                xQueueReceive
 .text.xQueueSemaphoreTake
                0x02004b00      0x1a8 ./ra/aws/FreeRTOS/FreeRTOS/Source/queue.o
                0x02004b00                xQueueSemaphoreTake
 .text.vQueueAddToRegistry
                0x02004ca8       0x6c ./ra/aws/FreeRTOS/FreeRTOS/Source/queue.o
                0x02004ca8                vQueueAddToRegistry
 .text.vQueueWaitForMessageRestricted
                0x02004d14       0x50 ./ra/aws/FreeRTOS/FreeRTOS/Source/queue.o
                0x02004d14                vQueueWaitForMessageRestricted
 .text.prvAddCurrentTaskToDelayedList
                0x02004d64       0xb8 ./ra/aws/FreeRTOS/FreeRTOS/Source/tasks.o
 .text.prvIdleTask
                0x02004e1c       0x64 ./ra/aws/FreeRTOS/FreeRTOS/Source/tasks.o
 .text.xTaskIncrementTick.part.0
                0x02004e80      0x19c ./ra/aws/FreeRTOS/FreeRTOS/Source/tasks.o
 .text.xTaskCreateStatic
                0x0200501c      0x220 ./ra/aws/FreeRTOS/FreeRTOS/Source/tasks.o
                0x0200501c                xTaskCreateStatic
 .text.vTaskStartScheduler
                0x0200523c       0x9c ./ra/aws/FreeRTOS/FreeRTOS/Source/tasks.o
                0x0200523c                vTaskStartScheduler
 .text.vTaskSuspendAll
                0x020052d8       0x10 ./ra/aws/FreeRTOS/FreeRTOS/Source/tasks.o
                0x020052d8                vTaskSuspendAll
 .text.xTaskResumeAll
                0x020052e8      0x1c0 ./ra/aws/FreeRTOS/FreeRTOS/Source/tasks.o
                0x020052e8                xTaskResumeAll
 .text.xTaskDelayUntil
                0x020054a8       0xac ./ra/aws/FreeRTOS/FreeRTOS/Source/tasks.o
                0x020054a8                xTaskDelayUntil
 .text.vTaskDelay
                0x02005554       0x54 ./ra/aws/FreeRTOS/FreeRTOS/Source/tasks.o
                0x02005554                vTaskDelay
 .text.xTaskGetTickCount
                0x020055a8        0xc ./ra/aws/FreeRTOS/FreeRTOS/Source/tasks.o
                0x020055a8                xTaskGetTickCount
 .text.uxTaskGetNumberOfTasks
                0x020055b4        0xc ./ra/aws/FreeRTOS/FreeRTOS/Source/tasks.o
                0x020055b4                uxTaskGetNumberOfTasks
 .text.xTaskIncrementTick
                0x020055c0       0x20 ./ra/aws/FreeRTOS/FreeRTOS/Source/tasks.o
                0x020055c0                xTaskIncrementTick
 .text.vTaskSwitchContext
                0x020055e0       0xb0 ./ra/aws/FreeRTOS/FreeRTOS/Source/tasks.o
                0x020055e0                vTaskSwitchContext
 .text.vTaskPlaceOnEventList
                0x02005690       0x3c ./ra/aws/FreeRTOS/FreeRTOS/Source/tasks.o
                0x02005690                vTaskPlaceOnEventList
 .text.vTaskPlaceOnEventListRestricted
                0x020056cc       0x64 ./ra/aws/FreeRTOS/FreeRTOS/Source/tasks.o
                0x020056cc                vTaskPlaceOnEventListRestricted
 .text.xTaskRemoveFromEventList
                0x02005730       0xf4 ./ra/aws/FreeRTOS/FreeRTOS/Source/tasks.o
                0x02005730                xTaskRemoveFromEventList
 .text.vTaskInternalSetTimeOutState
                0x02005824       0x18 ./ra/aws/FreeRTOS/FreeRTOS/Source/tasks.o
                0x02005824                vTaskInternalSetTimeOutState
 .text.xTaskCheckForTimeOut
                0x0200583c       0x90 ./ra/aws/FreeRTOS/FreeRTOS/Source/tasks.o
                0x0200583c                xTaskCheckForTimeOut
 .text.vTaskMissedYield
                0x020058cc        0xc ./ra/aws/FreeRTOS/FreeRTOS/Source/tasks.o
                0x020058cc                vTaskMissedYield
 .text.xTaskGetSchedulerState
                0x020058d8       0x20 ./ra/aws/FreeRTOS/FreeRTOS/Source/tasks.o
                0x020058d8                xTaskGetSchedulerState
 .text.xTaskPriorityInherit
                0x020058f8       0x9c ./ra/aws/FreeRTOS/FreeRTOS/Source/tasks.o
                0x020058f8                xTaskPriorityInherit
 .text.xTaskPriorityDisinherit
                0x02005994       0xac ./ra/aws/FreeRTOS/FreeRTOS/Source/tasks.o
                0x02005994                xTaskPriorityDisinherit
 .text.vTaskPriorityDisinheritAfterTimeout
                0x02005a40       0xc0 ./ra/aws/FreeRTOS/FreeRTOS/Source/tasks.o
                0x02005a40                vTaskPriorityDisinheritAfterTimeout
 .text.pvTaskIncrementMutexHeldCount
                0x02005b00       0x14 ./ra/aws/FreeRTOS/FreeRTOS/Source/tasks.o
                0x02005b00                pvTaskIncrementMutexHeldCount
 .text.prvCheckForValidListAndQueue
                0x02005b14       0x74 ./ra/aws/FreeRTOS/FreeRTOS/Source/timers.o
 .text.prvProcessExpiredTimer
                0x02005b88       0x90 ./ra/aws/FreeRTOS/FreeRTOS/Source/timers.o
 .text.prvTimerTask
                0x02005c18      0x24c ./ra/aws/FreeRTOS/FreeRTOS/Source/timers.o
 .text.xTimerCreateTimerTask
                0x02005e64       0x6c ./ra/aws/FreeRTOS/FreeRTOS/Source/timers.o
                0x02005e64                xTimerCreateTimerTask
 .text.__cvt    0x02005ed0       0xa8 C:/Program Files (x86)/Arm GNU Toolchain arm-none-eabi/13.2 Rel1/bin/../lib/gcc/arm-none-eabi/13.2.1/thumb/v8-m.main+dp/hard\libg_nano.a(libc_a-nano-vfprintf_float.o)
                0x02005ed0                __cvt
 .text.__exponent
                0x02005f78       0x72 C:/Program Files (x86)/Arm GNU Toolchain arm-none-eabi/13.2 Rel1/bin/../lib/gcc/arm-none-eabi/13.2.1/thumb/v8-m.main+dp/hard\libg_nano.a(libc_a-nano-vfprintf_float.o)
                0x02005f78                __exponent
 *fill*         0x02005fea        0x6 
 .text._printf_float
                0x02005ff0      0x434 C:/Program Files (x86)/Arm GNU Toolchain arm-none-eabi/13.2 Rel1/bin/../lib/gcc/arm-none-eabi/13.2.1/thumb/v8-m.main+dp/hard\libg_nano.a(libc_a-nano-vfprintf_float.o)
                0x02005ff0                _printf_float
 .text._printf_common
                0x02006424       0xe4 C:/Program Files (x86)/Arm GNU Toolchain arm-none-eabi/13.2 Rel1/bin/../lib/gcc/arm-none-eabi/13.2.1/thumb/v8-m.main+dp/hard\libg_nano.a(libc_a-nano-vfprintf_i.o)
                0x02006424                _printf_common
 .text._printf_i
                0x02006508      0x23c C:/Program Files (x86)/Arm GNU Toolchain arm-none-eabi/13.2 Rel1/bin/../lib/gcc/arm-none-eabi/13.2.1/thumb/v8-m.main+dp/hard\libg_nano.a(libc_a-nano-vfprintf_i.o)
                0x02006508                _printf_i
 .text.snprintf
                0x02006744       0x68 C:/Program Files (x86)/Arm GNU Toolchain arm-none-eabi/13.2 Rel1/bin/../lib/gcc/arm-none-eabi/13.2.1/thumb/v8-m.main+dp/hard\libg_nano.a(libc_a-snprintf.o)
                0x02006744                sniprintf
                0x02006744                snprintf
 .text.memset   0x020067ac       0x10 C:/Program Files (x86)/Arm GNU Toolchain arm-none-eabi/13.2 Rel1/bin/../lib/gcc/arm-none-eabi/13.2.1/thumb/v8-m.main+dp/hard\libg_nano.a(libc_a-memset.o)
                0x020067ac                memset
 .text._localeconv_r
                0x020067bc        0x8 C:/Program Files (x86)/Arm GNU Toolchain arm-none-eabi/13.2 Rel1/bin/../lib/gcc/arm-none-eabi/13.2.1/thumb/v8-m.main+dp/hard\libg_nano.a(libc_a-localeconv.o)
                0x020067bc                _localeconv_r
 .text.__errno  0x020067c4        0xc C:/Program Files (x86)/Arm GNU Toolchain arm-none-eabi/13.2 Rel1/bin/../lib/gcc/arm-none-eabi/13.2.1/thumb/v8-m.main+dp/hard\libg_nano.a(libc_a-errno.o)
                0x020067c4                __errno
 .text.__retarget_lock_acquire_recursive
                0x020067d0        0x2 C:/Program Files (x86)/Arm GNU Toolchain arm-none-eabi/13.2 Rel1/bin/../lib/gcc/arm-none-eabi/13.2.1/thumb/v8-m.main+dp/hard\libg_nano.a(libc_a-lock.o)
                0x020067d0                __retarget_lock_acquire_recursive
 .text.__retarget_lock_release_recursive
                0x020067d2        0x2 C:/Program Files (x86)/Arm GNU Toolchain arm-none-eabi/13.2 Rel1/bin/../lib/gcc/arm-none-eabi/13.2.1/thumb/v8-m.main+dp/hard\libg_nano.a(libc_a-lock.o)
                0x020067d2                __retarget_lock_release_recursive
 .text.memchr   0x020067d4       0x1c C:/Program Files (x86)/Arm GNU Toolchain arm-none-eabi/13.2 Rel1/bin/../lib/gcc/arm-none-eabi/13.2.1/thumb/v8-m.main+dp/hard\libg_nano.a(libc_a-memchr-stub.o)
                0x020067d4                memchr
 .text.memcpy   0x020067f0       0x1a C:/Program Files (x86)/Arm GNU Toolchain arm-none-eabi/13.2 Rel1/bin/../lib/gcc/arm-none-eabi/13.2.1/thumb/v8-m.main+dp/hard\libg_nano.a(libc_a-memcpy-stub.o)
                0x020067f0                memcpy
 .text          0x0200680a       0x10 C:/Program Files (x86)/Arm GNU Toolchain arm-none-eabi/13.2 Rel1/bin/../lib/gcc/arm-none-eabi/13.2.1/thumb/v8-m.main+dp/hard\libg_nano.a(libc_a-strlen.o)
                0x0200680a                strlen
 .text.quorem   0x0200681a      0x11a C:/Program Files (x86)/Arm GNU Toolchain arm-none-eabi/13.2 Rel1/bin/../lib/gcc/arm-none-eabi/13.2.1/thumb/v8-m.main+dp/hard\libg_nano.a(libc_a-dtoa.o)
 *fill*         0x02006934        0x4 
 .text._dtoa_r  0x02006938      0xa9c C:/Program Files (x86)/Arm GNU Toolchain arm-none-eabi/13.2 Rel1/bin/../lib/gcc/arm-none-eabi/13.2.1/thumb/v8-m.main+dp/hard\libg_nano.a(libc_a-dtoa.o)
                0x02006938                _dtoa_r
 .text._free_r  0x020073d4       0x94 C:/Program Files (x86)/Arm GNU Toolchain arm-none-eabi/13.2 Rel1/bin/../lib/gcc/arm-none-eabi/13.2.1/thumb/v8-m.main+dp/hard\libg_nano.a(libc_a-freer.o)
                0x020073d4                _free_r
 .text.malloc   0x02007468       0x10 C:/Program Files (x86)/Arm GNU Toolchain arm-none-eabi/13.2 Rel1/bin/../lib/gcc/arm-none-eabi/13.2.1/thumb/v8-m.main+dp/hard\libg_nano.a(libc_a-malloc.o)
                0x02007468                malloc
 .text.sbrk_aligned
                0x02007478       0x44 C:/Program Files (x86)/Arm GNU Toolchain arm-none-eabi/13.2 Rel1/bin/../lib/gcc/arm-none-eabi/13.2.1/thumb/v8-m.main+dp/hard\libg_nano.a(libc_a-mallocr.o)
 .text._malloc_r
                0x020074bc      0x100 C:/Program Files (x86)/Arm GNU Toolchain arm-none-eabi/13.2 Rel1/bin/../lib/gcc/arm-none-eabi/13.2.1/thumb/v8-m.main+dp/hard\libg_nano.a(libc_a-mallocr.o)
                0x020074bc                _malloc_r
 .text.__malloc_lock
                0x020075bc        0xc C:/Program Files (x86)/Arm GNU Toolchain arm-none-eabi/13.2 Rel1/bin/../lib/gcc/arm-none-eabi/13.2.1/thumb/v8-m.main+dp/hard\libg_nano.a(libc_a-mlock.o)
                0x020075bc                __malloc_lock
 .text.__malloc_unlock
                0x020075c8        0xc C:/Program Files (x86)/Arm GNU Toolchain arm-none-eabi/13.2 Rel1/bin/../lib/gcc/arm-none-eabi/13.2.1/thumb/v8-m.main+dp/hard\libg_nano.a(libc_a-mlock.o)
                0x020075c8                __malloc_unlock
 .text._Balloc  0x020075d4       0x80 C:/Program Files (x86)/Arm GNU Toolchain arm-none-eabi/13.2 Rel1/bin/../lib/gcc/arm-none-eabi/13.2.1/thumb/v8-m.main+dp/hard\libg_nano.a(libc_a-mprec.o)
                0x020075d4                _Balloc
 .text._Bfree   0x02007654       0x44 C:/Program Files (x86)/Arm GNU Toolchain arm-none-eabi/13.2 Rel1/bin/../lib/gcc/arm-none-eabi/13.2.1/thumb/v8-m.main+dp/hard\libg_nano.a(libc_a-mprec.o)
                0x02007654                _Bfree
 .text.__multadd
                0x02007698       0x90 C:/Program Files (x86)/Arm GNU Toolchain arm-none-eabi/13.2 Rel1/bin/../lib/gcc/arm-none-eabi/13.2.1/thumb/v8-m.main+dp/hard\libg_nano.a(libc_a-mprec.o)
                0x02007698                __multadd
 .text.__hi0bits
                0x02007728       0x3e C:/Program Files (x86)/Arm GNU Toolchain arm-none-eabi/13.2 Rel1/bin/../lib/gcc/arm-none-eabi/13.2.1/thumb/v8-m.main+dp/hard\libg_nano.a(libc_a-mprec.o)
                0x02007728                __hi0bits
 .text.__lo0bits
                0x02007766       0x5a C:/Program Files (x86)/Arm GNU Toolchain arm-none-eabi/13.2 Rel1/bin/../lib/gcc/arm-none-eabi/13.2.1/thumb/v8-m.main+dp/hard\libg_nano.a(libc_a-mprec.o)
                0x02007766                __lo0bits
 .text.__i2b    0x020077c0       0x2c C:/Program Files (x86)/Arm GNU Toolchain arm-none-eabi/13.2 Rel1/bin/../lib/gcc/arm-none-eabi/13.2.1/thumb/v8-m.main+dp/hard\libg_nano.a(libc_a-mprec.o)
                0x020077c0                __i2b
 .text.__multiply
                0x020077ec      0x148 C:/Program Files (x86)/Arm GNU Toolchain arm-none-eabi/13.2 Rel1/bin/../lib/gcc/arm-none-eabi/13.2.1/thumb/v8-m.main+dp/hard\libg_nano.a(libc_a-mprec.o)
                0x020077ec                __multiply
 .text.__pow5mult
                0x02007934       0xb4 C:/Program Files (x86)/Arm GNU Toolchain arm-none-eabi/13.2 Rel1/bin/../lib/gcc/arm-none-eabi/13.2.1/thumb/v8-m.main+dp/hard\libg_nano.a(libc_a-mprec.o)
                0x02007934                __pow5mult
 .text.__lshift
                0x020079e8       0xd8 C:/Program Files (x86)/Arm GNU Toolchain arm-none-eabi/13.2 Rel1/bin/../lib/gcc/arm-none-eabi/13.2.1/thumb/v8-m.main+dp/hard\libg_nano.a(libc_a-mprec.o)
                0x020079e8                __lshift
 .text.__mcmp   0x02007ac0       0x36 C:/Program Files (x86)/Arm GNU Toolchain arm-none-eabi/13.2 Rel1/bin/../lib/gcc/arm-none-eabi/13.2.1/thumb/v8-m.main+dp/hard\libg_nano.a(libc_a-mprec.o)
                0x02007ac0                __mcmp
 *fill*         0x02007af6        0x2 
 .text.__mdiff  0x02007af8      0x130 C:/Program Files (x86)/Arm GNU Toolchain arm-none-eabi/13.2 Rel1/bin/../lib/gcc/arm-none-eabi/13.2.1/thumb/v8-m.main+dp/hard\libg_nano.a(libc_a-mprec.o)
                0x02007af8                __mdiff
 .text.__d2b    0x02007c28       0xb0 C:/Program Files (x86)/Arm GNU Toolchain arm-none-eabi/13.2 Rel1/bin/../lib/gcc/arm-none-eabi/13.2.1/thumb/v8-m.main+dp/hard\libg_nano.a(libc_a-mprec.o)
                0x02007c28                __d2b
 .text.__ssputs_r
                0x02007cd8       0xb6 C:/Program Files (x86)/Arm GNU Toolchain arm-none-eabi/13.2 Rel1/bin/../lib/gcc/arm-none-eabi/13.2.1/thumb/v8-m.main+dp/hard\libg_nano.a(libc_a-nano-svfprintf.o)
                0x02007cd8                __ssputs_r
 *fill*         0x02007d8e        0x2 
 .text._svfprintf_r
                0x02007d90      0x1f8 C:/Program Files (x86)/Arm GNU Toolchain arm-none-eabi/13.2 Rel1/bin/../lib/gcc/arm-none-eabi/13.2.1/thumb/v8-m.main+dp/hard\libg_nano.a(libc_a-nano-svfprintf.o)
                0x02007d90                _svfiprintf_r
                0x02007d90                _svfprintf_r
 .text.memmove  0x02007f88       0x34 C:/Program Files (x86)/Arm GNU Toolchain arm-none-eabi/13.2 Rel1/bin/../lib/gcc/arm-none-eabi/13.2.1/thumb/v8-m.main+dp/hard\libg_nano.a(libc_a-memmove.o)
                0x02007f88                memmove
 .text._sbrk_r  0x02007fbc       0x20 C:/Program Files (x86)/Arm GNU Toolchain arm-none-eabi/13.2 Rel1/bin/../lib/gcc/arm-none-eabi/13.2.1/thumb/v8-m.main+dp/hard\libg_nano.a(libc_a-sbrkr.o)
                0x02007fbc                _sbrk_r
 .text._calloc_r
                0x02007fdc       0x28 C:/Program Files (x86)/Arm GNU Toolchain arm-none-eabi/13.2 Rel1/bin/../lib/gcc/arm-none-eabi/13.2.1/thumb/v8-m.main+dp/hard\libg_nano.a(libc_a-callocr.o)
                0x02007fdc                _calloc_r
 .text.__ascii_mbtowc
                0x02008004       0x24 C:/Program Files (x86)/Arm GNU Toolchain arm-none-eabi/13.2 Rel1/bin/../lib/gcc/arm-none-eabi/13.2.1/thumb/v8-m.main+dp/hard\libg_nano.a(libc_a-mbtowc_r.o)
                0x02008004                __ascii_mbtowc
 .text._realloc_r
                0x02008028       0x5c C:/Program Files (x86)/Arm GNU Toolchain arm-none-eabi/13.2 Rel1/bin/../lib/gcc/arm-none-eabi/13.2.1/thumb/v8-m.main+dp/hard\libg_nano.a(libc_a-reallocr.o)
                0x02008028                _realloc_r
 .text.__ascii_wctomb
                0x02008084       0x1a C:/Program Files (x86)/Arm GNU Toolchain arm-none-eabi/13.2 Rel1/bin/../lib/gcc/arm-none-eabi/13.2.1/thumb/v8-m.main+dp/hard\libg_nano.a(libc_a-wctomb_r.o)
                0x02008084                __ascii_wctomb
 .text._malloc_usable_size_r
                0x0200809e       0x10 C:/Program Files (x86)/Arm GNU Toolchain arm-none-eabi/13.2 Rel1/bin/../lib/gcc/arm-none-eabi/13.2.1/thumb/v8-m.main+dp/hard\libg_nano.a(libc_a-msizer.o)
                0x0200809e                _malloc_usable_size_r
 *fill*         0x020080ae        0x2 
 .text.tanhf    0x020080b0       0xf8 C:/Program Files (x86)/Arm GNU Toolchain arm-none-eabi/13.2 Rel1/bin/../lib/gcc/arm-none-eabi/13.2.1/thumb/v8-m.main+dp/hard\libm.a(libm_a-sf_tanh.o)
                0x020080b0                tanhf
 .text.expm1f   0x020081a8      0x270 C:/Program Files (x86)/Arm GNU Toolchain arm-none-eabi/13.2 Rel1/bin/../lib/gcc/arm-none-eabi/13.2.1/thumb/v8-m.main+dp/hard\libm.a(libm_a-sf_expm1.o)
                0x020081a8                expm1f
 .text.with_errnof
                0x02008418       0x1c C:/Program Files (x86)/Arm GNU Toolchain arm-none-eabi/13.2 Rel1/bin/../lib/gcc/arm-none-eabi/13.2.1/thumb/v8-m.main+dp/hard\libm.a(libm_a-math_errf.o)
 .text.xflowf   0x02008434       0x20 C:/Program Files (x86)/Arm GNU Toolchain arm-none-eabi/13.2 Rel1/bin/../lib/gcc/arm-none-eabi/13.2.1/thumb/v8-m.main+dp/hard\libm.a(libm_a-math_errf.o)
 .text.__math_oflowf
                0x02008454        0xc C:/Program Files (x86)/Arm GNU Toolchain arm-none-eabi/13.2 Rel1/bin/../lib/gcc/arm-none-eabi/13.2.1/thumb/v8-m.main+dp/hard\libm.a(libm_a-math_errf.o)
                0x02008454                __math_oflowf
 .text.fabsf    0x02008460       0x10 C:/Program Files (x86)/Arm GNU Toolchain arm-none-eabi/13.2 Rel1/bin/../lib/gcc/arm-none-eabi/13.2.1/thumb/v8-m.main+dp/hard\libm.a(libm_a-sf_fabs.o)
                0x02008460                fabsf
 *(.rodata*)
 .rodata.s_R1C1_table
                0x02008470       0x90 ./src/adekf.o
 .rodata.s_C1_table
                0x02008500       0x90 ./src/adekf.o
 .rodata.s_SoC_bp_12
                0x02008590       0x30 ./src/adekf.o
 .rodata.s_OCV_table
                0x020085c0      0x4bc ./src/adekf.o
 *fill*         0x02008a7c        0x4 
 .rodata.s_SoC_bp_101
                0x02008a80      0x194 ./src/adekf.o
 .rodata.s_T_bp
                0x02008c14        0xc ./src/adekf.o
 .rodata.bms_nn_w3
                0x02008c20       0x60 ./src/bms_nn_residual_fp32.o
 .rodata.bms_nn_b2
                0x02008c80       0x60 ./src/bms_nn_residual_fp32.o
 .rodata.bms_nn_w2
                0x02008ce0     0x1200 ./src/bms_nn_residual_fp32.o
 .rodata.bms_nn_b1
                0x02009ee0       0xc0 ./src/bms_nn_residual_fp32.o
 .rodata.bms_nn_w1
                0x02009fa0      0xb40 ./src/bms_nn_residual_fp32.o
 .rodata.bms_nn_input_scale
                0x0200aae0       0x3c ./src/bms_nn_residual_fp32.o
 *fill*         0x0200ab1c        0x4 
 .rodata.bms_nn_input_offset
                0x0200ab20       0x3c ./src/bms_nn_residual_fp32.o
 .rodata.can_task_entry.str1.4
                0x0200ab5c      0x890 ./src/can_task_entry.o
                                 0x28 (size before relaxing)
 .rodata.__func__.0
                0x0200b3ec        0xf ./src/can_task_entry.o
 *fill*         0x0200b3fb        0x1 
 .rodata.p_canfd0_afl
                0x0200b3fc       0x10 ./src/can_task_entry.o
                0x0200b3fc                p_canfd0_afl
 .rodata.estimator_task_entry.str1.4
                0x0200b40c      0x152 ./src/estimator_task_entry.o
 .rodata.new_thread0_entry.str1.4
                0x0200b40c       0xcd ./src/new_thread0_entry.o
 .rodata.__func__.0
                0x0200b40c       0x12 ./src/new_thread0_entry.o
 *fill*         0x0200b41e        0x2 
 .rodata.g_canfd0_cfg
                0x0200b420       0x18 ./ra_gen/hal_data.o
                0x0200b420                g_canfd0_cfg
 .rodata.g_uart0_cfg
                0x0200b438       0x20 ./ra_gen/hal_data.o
                0x0200b438                g_uart0_cfg
 .rodata.g_uart0_cfg_extend
                0x0200b458       0x14 ./ra_gen/hal_data.o
                0x0200b458                g_uart0_cfg_extend
 .rodata.new_thread0_create.str1.4
                0x0200b46c        0xb ./ra_gen/new_thread0.o
 .rodata.new_thread0_parameters
                0x0200b46c        0x4 ./ra_gen/new_thread0.o
                0x0200b46c                new_thread0_parameters
 .rodata.g_bsp_pin_cfg
                0x0200b470        0xc ./ra_gen/pin_data.o
                0x0200b470                g_bsp_pin_cfg
 .rodata.g_bsp_pin_cfg_data
                0x0200b47c      0x228 ./ra_gen/pin_data.o
                0x0200b47c                g_bsp_pin_cfg_data
 *fill*         0x0200b6a4        0x4 
 .rodata.g_interrupt_event_link_select
                0x0200b6a8       0x1a ./ra_gen/vector_data.o
                0x0200b6a8                g_interrupt_event_link_select
 .rodata.vPortSVCHandler_C.str1.4
                0x0200b6c2       0x3a ./ra/fsp/src/rm_freertos_port/port.o
 .rodata.vPortEnterCritical.str1.4
                0x0200b6c2       0x46 ./ra/fsp/src/rm_freertos_port/port.o
 .rodata.vPortExitCritical.str1.4
                0x0200b6c2       0x12 ./ra/fsp/src/rm_freertos_port/port.o
 .rodata.vPortValidateInterruptPriority.str1.4
                0x0200b6c2       0x64 ./ra/fsp/src/rm_freertos_port/port.o
 *fill*         0x0200b6c2        0x2 
 .rodata.__func__.0
                0x0200b6c4       0x1f ./ra/fsp/src/rm_freertos_port/port.o
 *fill*         0x0200b6e3        0x1 
 .rodata.__func__.1
                0x0200b6e4       0x12 ./ra/fsp/src/rm_freertos_port/port.o
 *fill*         0x0200b6f6        0x2 
 .rodata.__func__.2
                0x0200b6f8       0x13 ./ra/fsp/src/rm_freertos_port/port.o
 *fill*         0x0200b70b        0x1 
 .rodata.__func__.3
                0x0200b70c       0x12 ./ra/fsp/src/rm_freertos_port/port.o
 *fill*         0x0200b71e        0x2 
 .rodata.g_vbatt_pins_input
                0x0200b720        0x6 ./ra/fsp/src/r_ioport/r_ioport.o
 *fill*         0x0200b726        0x2 
 .rodata.dlc_to_bytes
                0x0200b728       0x10 ./ra/fsp/src/r_canfd/r_canfd.o
 .rodata.g_init_info
                0x0200b738       0x18 ./ra/fsp/src/bsp/mcu/ra8m1/bsp_linker.o
                0x0200b738                g_init_info
 .rodata.nocache_list
                0x0200b750       0x18 ./ra/fsp/src/bsp/mcu/ra8m1/bsp_linker.o
 .rodata.copy_list
                0x0200b768       0xf0 ./ra/fsp/src/bsp/mcu/ra8m1/bsp_linker.o
 .rodata.zero_list
                0x0200b858       0x60 ./ra/fsp/src/bsp/mcu/ra8m1/bsp_linker.o
 .rodata.g_prcr_masks
                0x0200b8b8        0xa ./ra/fsp/src/bsp/mcu/all/bsp_register_protection.o
 .rodata.vQueueUnregisterQueue.part.0.str1.4
                0x0200b8c2       0x33 ./ra/aws/FreeRTOS/FreeRTOS/Source/queue.o
 .rodata.xQueueGenericReset.str1.4
                0x0200b8c2       0x2c ./ra/aws/FreeRTOS/FreeRTOS/Source/queue.o
 .rodata.xQueueGenericCreateStatic.str1.4
                0x0200b8c2       0x37 ./ra/aws/FreeRTOS/FreeRTOS/Source/queue.o
 .rodata.xQueueCreateCountingSemaphoreStatic.str1.4
                0x0200b8c2        0x8 ./ra/aws/FreeRTOS/FreeRTOS/Source/queue.o
 .rodata.xQueueGenericSend.str1.4
                0x0200b8c2       0xfb ./ra/aws/FreeRTOS/FreeRTOS/Source/queue.o
 .rodata.xQueueGenericSendFromISR.str1.4
                0x0200b8c2       0x22 ./ra/aws/FreeRTOS/FreeRTOS/Source/queue.o
 .rodata.xQueueGiveFromISR.str1.4
                0x0200b8c2       0x7d ./ra/aws/FreeRTOS/FreeRTOS/Source/queue.o
 .rodata.xQueueReceive.str1.4
                0x0200b8c2       0x66 ./ra/aws/FreeRTOS/FreeRTOS/Source/queue.o
 *fill*         0x0200b8c2        0x2 
 .rodata.__func__.2
                0x0200b8c4       0x14 ./ra/aws/FreeRTOS/FreeRTOS/Source/queue.o
 .rodata.__func__.12
                0x0200b8d8       0x14 ./ra/aws/FreeRTOS/FreeRTOS/Source/queue.o
 .rodata.__func__.13
                0x0200b8ec        0xe ./ra/aws/FreeRTOS/FreeRTOS/Source/queue.o
 *fill*         0x0200b8fa        0x2 
 .rodata.__func__.15
                0x0200b8fc       0x19 ./ra/aws/FreeRTOS/FreeRTOS/Source/queue.o
 *fill*         0x0200b915        0x3 
 .rodata.__func__.16
                0x0200b918       0x12 ./ra/aws/FreeRTOS/FreeRTOS/Source/queue.o
 *fill*         0x0200b92a        0x2 
 .rodata.__func__.17
                0x0200b92c       0x24 ./ra/aws/FreeRTOS/FreeRTOS/Source/queue.o
 .rodata.__func__.19
                0x0200b950       0x1a ./ra/aws/FreeRTOS/FreeRTOS/Source/queue.o
 *fill*         0x0200b96a        0x2 
 .rodata.__func__.20
                0x0200b96c       0x13 ./ra/aws/FreeRTOS/FreeRTOS/Source/queue.o
 .rodata.prvTaskIsTaskSuspended.part.0.str1.4
                0x0200b97f       0x33 ./ra/aws/FreeRTOS/FreeRTOS/Source/tasks.o
 .rodata.xTaskIncrementTick.part.0.str1.4
                0x0200b97f       0x76 ./ra/aws/FreeRTOS/FreeRTOS/Source/tasks.o
 .rodata.xTaskCreateStatic.str1.4
                0x0200b97f       0x69 ./ra/aws/FreeRTOS/FreeRTOS/Source/tasks.o
 .rodata.vTaskStartScheduler.str1.4
                0x0200b97f       0x12 ./ra/aws/FreeRTOS/FreeRTOS/Source/tasks.o
 .rodata.xTaskResumeAll.str1.4
                0x0200b97f       0x1b ./ra/aws/FreeRTOS/FreeRTOS/Source/tasks.o
 .rodata.xTaskDelayUntil.str1.4
                0x0200b97f       0x47 ./ra/aws/FreeRTOS/FreeRTOS/Source/tasks.o
 .rodata.vTaskSwitchContext.str1.4
                0x0200b97f        0xe ./ra/aws/FreeRTOS/FreeRTOS/Source/tasks.o
 .rodata.vTaskPlaceOnEventList.str1.4
                0x0200b97f        0xc ./ra/aws/FreeRTOS/FreeRTOS/Source/tasks.o
 .rodata.xTaskRemoveFromEventList.str1.4
                0x0200b97f        0xf ./ra/aws/FreeRTOS/FreeRTOS/Source/tasks.o
 .rodata.vTaskSetTimeOutState.str1.4
                0x0200b97f        0xa ./ra/aws/FreeRTOS/FreeRTOS/Source/tasks.o
 .rodata.xTaskCheckForTimeOut.str1.4
                0x0200b97f        0xe ./ra/aws/FreeRTOS/FreeRTOS/Source/tasks.o
 .rodata.xTaskPriorityDisinherit.str1.4
                0x0200b97f       0x2d ./ra/aws/FreeRTOS/FreeRTOS/Source/tasks.o
 .rodata.vTaskPriorityDisinheritAfterTimeout.str1.4
                0x0200b97f       0x16 ./ra/aws/FreeRTOS/FreeRTOS/Source/tasks.o
 *fill*         0x0200b97f        0x1 
 .rodata.__func__.7
                0x0200b980       0x24 ./ra/aws/FreeRTOS/FreeRTOS/Source/tasks.o
 .rodata.__func__.8
                0x0200b9a4       0x18 ./ra/aws/FreeRTOS/FreeRTOS/Source/tasks.o
 .rodata.__func__.10
                0x0200b9bc       0x15 ./ra/aws/FreeRTOS/FreeRTOS/Source/tasks.o
 *fill*         0x0200b9d1        0x3 
 .rodata.__func__.13
                0x0200b9d4       0x19 ./ra/aws/FreeRTOS/FreeRTOS/Source/tasks.o
 *fill*         0x0200b9ed        0x3 
 .rodata.__func__.14
                0x0200b9f0       0x20 ./ra/aws/FreeRTOS/FreeRTOS/Source/tasks.o
 .rodata.__func__.16
                0x0200ba10       0x16 ./ra/aws/FreeRTOS/FreeRTOS/Source/tasks.o
 *fill*         0x0200ba26        0x2 
 .rodata.__func__.17
                0x0200ba28       0x13 ./ra/aws/FreeRTOS/FreeRTOS/Source/tasks.o
 *fill*         0x0200ba3b        0x1 
 .rodata.__func__.18
                0x0200ba3c       0x13 ./ra/aws/FreeRTOS/FreeRTOS/Source/tasks.o
 *fill*         0x0200ba4f        0x1 
 .rodata.__func__.22
                0x0200ba50        0xf ./ra/aws/FreeRTOS/FreeRTOS/Source/tasks.o
 *fill*         0x0200ba5f        0x1 
 .rodata.__func__.23
                0x0200ba60       0x14 ./ra/aws/FreeRTOS/FreeRTOS/Source/tasks.o
 .rodata.__func__.29
                0x0200ba74        0xb ./ra/aws/FreeRTOS/FreeRTOS/Source/tasks.o
 *fill*         0x0200ba7f        0x1 
 .rodata.__func__.30
                0x0200ba80       0x10 ./ra/aws/FreeRTOS/FreeRTOS/Source/tasks.o
 .rodata.__func__.32
                0x0200ba90       0x15 ./ra/aws/FreeRTOS/FreeRTOS/Source/tasks.o
 *fill*         0x0200baa5        0x3 
 .rodata.__func__.33
                0x0200baa8       0x14 ./ra/aws/FreeRTOS/FreeRTOS/Source/tasks.o
 .rodata.uxTopUsedPriority
                0x0200babc        0x4 ./ra/aws/FreeRTOS/FreeRTOS/Source/tasks.o
 .rodata.prvCheckForValidListAndQueue.str1.4
                0x0200bac0        0x5 ./ra/aws/FreeRTOS/FreeRTOS/Source/timers.o
 .rodata.xTimerGetReloadMode.part.0.str1.4
                0x0200bac0       0x34 ./ra/aws/FreeRTOS/FreeRTOS/Source/timers.o
 .rodata.prvTimerTask.str1.4
                0x0200bac0       0x25 ./ra/aws/FreeRTOS/FreeRTOS/Source/timers.o
 .rodata.xTimerCreateTimerTask.str1.4
                0x0200bac0       0x10 ./ra/aws/FreeRTOS/FreeRTOS/Source/timers.o
 .rodata.__func__.16
                0x0200bac0       0x1b ./ra/aws/FreeRTOS/FreeRTOS/Source/timers.o
 *fill*         0x0200badb        0x1 
 .rodata.__func__.18
                0x0200badc       0x16 ./ra/aws/FreeRTOS/FreeRTOS/Source/timers.o
 .rodata._printf_float.str1.1
                0x0200baf2      0x137 C:/Program Files (x86)/Arm GNU Toolchain arm-none-eabi/13.2 Rel1/bin/../lib/gcc/arm-none-eabi/13.2.1/thumb/v8-m.main+dp/hard\libg_nano.a(libc_a-nano-vfprintf_float.o)
                                 0x12 (size before relaxing)
 .rodata._printf_i.str1.1
                0x0200bc29       0x22 C:/Program Files (x86)/Arm GNU Toolchain arm-none-eabi/13.2 Rel1/bin/../lib/gcc/arm-none-eabi/13.2.1/thumb/v8-m.main+dp/hard\libg_nano.a(libc_a-nano-vfprintf_i.o)
 .rodata._dtoa_r.str1.1
                0x0200bc29       0x90 C:/Program Files (x86)/Arm GNU Toolchain arm-none-eabi/13.2 Rel1/bin/../lib/gcc/arm-none-eabi/13.2.1/thumb/v8-m.main+dp/hard\libg_nano.a(libc_a-dtoa.o)
 .rodata._Balloc.str1.1
                0x0200bc29       0x71 C:/Program Files (x86)/Arm GNU Toolchain arm-none-eabi/13.2 Rel1/bin/../lib/gcc/arm-none-eabi/13.2.1/thumb/v8-m.main+dp/hard\libg_nano.a(libc_a-mprec.o)
 .rodata.__multadd.str1.1
                0x0200bc29       0x11 C:/Program Files (x86)/Arm GNU Toolchain arm-none-eabi/13.2 Rel1/bin/../lib/gcc/arm-none-eabi/13.2.1/thumb/v8-m.main+dp/hard\libg_nano.a(libc_a-mprec.o)
 *fill*         0x0200bc29        0x3 
 .rodata.p05.0  0x0200bc2c        0xc C:/Program Files (x86)/Arm GNU Toolchain arm-none-eabi/13.2 Rel1/bin/../lib/gcc/arm-none-eabi/13.2.1/thumb/v8-m.main+dp/hard\libg_nano.a(libc_a-mprec.o)
 .rodata.__mprec_bigtens
                0x0200bc38       0x28 C:/Program Files (x86)/Arm GNU Toolchain arm-none-eabi/13.2 Rel1/bin/../lib/gcc/arm-none-eabi/13.2.1/thumb/v8-m.main+dp/hard\libg_nano.a(libc_a-mprec.o)
                0x0200bc38                __mprec_bigtens
 .rodata.__mprec_tens
                0x0200bc60       0xc8 C:/Program Files (x86)/Arm GNU Toolchain arm-none-eabi/13.2 Rel1/bin/../lib/gcc/arm-none-eabi/13.2.1/thumb/v8-m.main+dp/hard\libg_nano.a(libc_a-mprec.o)
                0x0200bc60                __mprec_tens
 .rodata._svfprintf_r.str1.1
                0x0200bd28       0x11 C:/Program Files (x86)/Arm GNU Toolchain arm-none-eabi/13.2 Rel1/bin/../lib/gcc/arm-none-eabi/13.2.1/thumb/v8-m.main+dp/hard\libg_nano.a(libc_a-nano-svfprintf.o)
 .rodata._setlocale_r.str1.1
                0x0200bd28        0x9 C:/Program Files (x86)/Arm GNU Toolchain arm-none-eabi/13.2 Rel1/bin/../lib/gcc/arm-none-eabi/13.2.1/thumb/v8-m.main+dp/hard\libg_nano.a(libc_a-locale.o)
 .rodata.str1.1
                0x0200bd28        0x2 C:/Program Files (x86)/Arm GNU Toolchain arm-none-eabi/13.2 Rel1/bin/../lib/gcc/arm-none-eabi/13.2.1/thumb/v8-m.main+dp/hard\libg_nano.a(libc_a-locale.o)
 .rodata._ctype_
                0x0200bd28      0x101 C:/Program Files (x86)/Arm GNU Toolchain arm-none-eabi/13.2 Rel1/bin/../lib/gcc/arm-none-eabi/13.2.1/thumb/v8-m.main+dp/hard\libg_nano.a(libc_a-ctype_.o)
                0x0200bd28                _ctype_
 *fill*         0x0200be29        0x3 
 .rodata.tiny   0x0200be2c        0x4 C:/Program Files (x86)/Arm GNU Toolchain arm-none-eabi/13.2 Rel1/bin/../lib/gcc/arm-none-eabi/13.2.1/thumb/v8-m.main+dp/hard\libm.a(libm_a-sf_tanh.o)
 .rodata.two    0x0200be30        0x4 C:/Program Files (x86)/Arm GNU Toolchain arm-none-eabi/13.2 Rel1/bin/../lib/gcc/arm-none-eabi/13.2.1/thumb/v8-m.main+dp/hard\libm.a(libm_a-sf_tanh.o)
 .rodata.one    0x0200be34        0x4 C:/Program Files (x86)/Arm GNU Toolchain arm-none-eabi/13.2 Rel1/bin/../lib/gcc/arm-none-eabi/13.2.1/thumb/v8-m.main+dp/hard\libm.a(libm_a-sf_tanh.o)
 *(.mcuboot_sce9_key)
 *(.version)
 .version       0x0200be38       0x50 ./ra/fsp/src/bsp/mcu/all/bsp_common.o
                0x0200be88                        __flash_readonly$$Limit = .

.glue_7         0x0200be88        0x0
 .glue_7        0x0200be88        0x0 linker stubs

.glue_7t        0x0200be88        0x0
 .glue_7t       0x0200be88        0x0 linker stubs

.vfp11_veneer   0x0200be88        0x0
 .vfp11_veneer  0x0200be88        0x0 linker stubs

.v4_bx          0x0200be88        0x0
 .v4_bx         0x0200be88        0x0 linker stubs

.init           0x0200be88        0x4
 .init          0x0200be88        0x4 C:/Program Files (x86)/Arm GNU Toolchain arm-none-eabi/13.2 Rel1/bin/../lib/gcc/arm-none-eabi/13.2.1/thumb/v8-m.main+dp/hard/crti.o
                0x0200be88                _init

.fini           0x0200be8c        0x4
 .fini          0x0200be8c        0x4 C:/Program Files (x86)/Arm GNU Toolchain arm-none-eabi/13.2 Rel1/bin/../lib/gcc/arm-none-eabi/13.2.1/thumb/v8-m.main+dp/hard/crti.o
                0x0200be8c                _fini

.iplt           0x0200be90        0x0
 .iplt          0x0200be90        0x0 C:/Program Files (x86)/Arm GNU Toolchain arm-none-eabi/13.2 Rel1/bin/../lib/gcc/arm-none-eabi/13.2.1/thumb/v8-m.main+dp/hard/crtbegin.o

__flash_ctor$$
 *crtbegin.o(.ctors)
 *crtbegin?.o(.ctors)
 EXCLUDE_FILE(*crtend.o *crtend?.o) *(.ctors)
 *(SORT_BY_NAME(.ctors.*))
 *(.ctors)
 *crtbegin.o(.dtors)
 *crtbegin?.o(.dtors)
 EXCLUDE_FILE(*crtend.o *crtend?.o) *(.dtors)
 *(SORT_BY_NAME(.dtors.*))
 *(.dtors)

__flash_preinit_array$$
                0x0200be90        0x0
                0x0200be90                        __preinit_array_start = .
 *(.preinit_array)
                0x0200be90                        __preinit_array_end = .

__flash_.got$$
 *(.got.plt)
 *(.got)

__flash_init_array$$
                0x0200be90        0x4
                0x0200be90                        __init_array_start = .
 *(SORT_BY_NAME(.init_array.*))
 *(.init_array)
 .init_array    0x0200be90        0x4 C:/Program Files (x86)/Arm GNU Toolchain arm-none-eabi/13.2 Rel1/bin/../lib/gcc/arm-none-eabi/13.2.1/thumb/v8-m.main+dp/hard/crtbegin.o
                0x0200be94                        __init_array_end = .

__flash_fini_array$$
                0x0200be94        0x4
                0x0200be94                        __fini_array_start = .
 *(SORT_BY_NAME(.fini_array.*))
 *(.fini_array)
 .fini_array    0x0200be94        0x4 C:/Program Files (x86)/Arm GNU Toolchain arm-none-eabi/13.2 Rel1/bin/../lib/gcc/arm-none-eabi/13.2.1/thumb/v8-m.main+dp/hard/crtbegin.o
                0x0200be98                        __fini_array_end = .

__flash_arm.extab$$
 *(.ARM.extab*)
 *(.gnu.linkonce.armextab.*)

__flash_arm.exidx$$
                0x0200be98        0x8
                0x0200be98                        __exidx_start = .
 *(.ARM.exidx*)
 .ARM.exidx     0x0200be98        0x8 C:/Program Files (x86)/Arm GNU Toolchain arm-none-eabi/13.2 Rel1/bin/../lib/gcc/arm-none-eabi/13.2.1/thumb/v8-m.main+dp/hard\libg_nano.a(libc_a-strlen.o)
 *(.gnu.linkonce.armexidx.*)
                0x0200bea0                        __exidx_end = .

.flash.endof    0x02010000        0x0
                0x02010000                        __ddsc_FLASH_END = .

.flash.flat_nsc
                0x02010000        0x0
                0x02010000                        __sau_ddsc_FLASH_NSC = .

.option_setting_ofs0.startof
                0x0300a100        0x0
                0x0300a100                        __ddsc_OPTION_SETTING_OFS0_START = .

__option_setting_ofs0_reg$$
                0x0300a100        0x4
                0x0300a100                        __option_setting_ofs0_reg$$Base = .
 *(.option_setting_ofs0)
 .option_setting_ofs0
                0x0300a100        0x4 ./ra/fsp/src/bsp/mcu/ra8m1/bsp_linker.o
                0x0300a104                        __option_setting_ofs0_reg$$Limit = .

.option_setting_ofs0.endof
                0x0300a104        0x0
                0x0300a104                        __ddsc_OPTION_SETTING_OFS0_END = .

.option_setting_ofs2.startof
                0x0300a104        0x0
                0x0300a104                        __ddsc_OPTION_SETTING_OFS2_START = .

__option_setting_ofs2_reg$$
                0x0300a104        0x4
                0x0300a104                        __option_setting_ofs2_reg$$Base = .
 *(.option_setting_ofs2)
 .option_setting_ofs2
                0x0300a104        0x4 ./ra/fsp/src/bsp/mcu/ra8m1/bsp_linker.o
                0x0300a108                        __option_setting_ofs2_reg$$Limit = .

.option_setting_ofs2.endof
                0x0300a108        0x0
                0x0300a108                        __ddsc_OPTION_SETTING_OFS2_END = .

.option_setting_dualsel.startof
                0x0300a110        0x0
                0x0300a110                        __ddsc_OPTION_SETTING_DUALSEL_START = .

__option_setting_dualsel_reg$$
                0x0300a110        0x0
                0x0300a110                        __option_setting_dualsel_reg$$Base = .
 *(.option_setting_dualsel)
                0x0300a110                        __option_setting_dualsel_reg$$Limit = .

.option_setting_dualsel.endof
                0x0300a110        0x0
                0x0300a110                        __ddsc_OPTION_SETTING_DUALSEL_END = .

.option_setting_ofs1.startof
                0x1300a180        0x0
                0x1300a180                        __ddsc_OPTION_SETTING_OFS1_START = .

__option_setting_ofs1_reg$$
                0x1300a180        0x0
                0x1300a180                        __option_setting_ofs1_reg$$Base = .
 *(.option_setting_ofs1)
                0x1300a180                        __option_setting_ofs1_reg$$Limit = .

.option_setting_ofs1.endof
                0x1300a180        0x0
                0x1300a180                        __ddsc_OPTION_SETTING_OFS1_END = .

.option_setting_banksel.startof
                0x1300a190        0x0
                0x1300a190                        __ddsc_OPTION_SETTING_BANKSEL_START = .

__option_setting_banksel_reg$$
                0x1300a190        0x0
                0x1300a190                        __option_setting_banksel_reg$$Base = .
 *(.option_setting_banksel)