T5D20 000:000.604   SEGGER J-Link V8.58 Log File
T5D20 000:000.853   DLL Compiled: Aug  6 2025 12:29:52
T5D20 000:000.858   Logging started @ 2026-05-27 16:01
T5D20 000:000.862   Process: C:\Users\mahad\.eclipse\com.renesas.platform_1435879475\DebugComp\RA\e2-server-gdb.exe
T5D20 000:000.870 - 0.866ms 
T5D20 000:000.882 JLINK_GetDLLVersion()
T5D20 000:000.887 - 0.005ms returns 85800
T5D20 000:003.097 JLINK_OpenEx(...)
T5D20 000:009.946   Firmware: J-Link OB-RA4M2 compiled Dec 10 2025 15:52:53
T5D20 000:010.566   Firmware: J-Link OB-RA4M2 compiled Dec 10 2025 15:52:53
T5D20 000:022.497   Hardware: V1.00
T5D20 000:022.522   S/N: 1087103049
T5D20 000:022.528   OEM: SEGGER
T5D20 000:022.533   Feature(s): None
T5D20 000:023.181   Bootloader: 2021 May 14
T5D20 000:023.716   USB speed mode: Full speed (12 MBit/s)
T5D20 000:024.090   TELNET listener socket opened on port 19021
T5D20 000:024.285   WEBSRV WEBSRV_Init(): Starting webserver thread(s)
T5D20 000:024.410   WEBSRV Webserver running on local port 19080
T5D20 000:024.511   Looking for J-Link GUI Server exe at: C:\Users\mahad\.eclipse\com.renesas.platform_1435879475\DebugComp\RA\ARM\Segger_v8.58.0\JLinkGUIServer.exe
T5D20 000:024.592   Looking for J-Link GUI Server exe at: C:\Program Files\SEGGER\JLink\JLinkGUIServer.exe
T5D20 000:024.620   Forking J-Link GUI Server: C:\Program Files\SEGGER\JLink\JLinkGUIServer.exe
T5D20 000:048.821   J-Link GUI Server info: "J-Link GUI server V9.30a "
T5D20 000:049.188 - 46.089ms returns "O.K."
T5D20 000:049.322 JLINK_TIF_Select(JLINKARM_TIF_SWD)
T5D20 000:050.264 - 0.942ms returns 0x00
T5D20 000:050.283 JLINK_ClrRESET()
T5D20 000:050.494 - 0.210ms 
T5D20 000:100.922 JLINK_SetSpeed(1500)
T5D20 000:101.077 - 0.158ms 
T5D20 000:101.087 JLINK_CORESIGHT_Configure(PerformTIFInit=0)
T5D20 000:101.465 - 0.379ms returns 0
T5D20 000:101.489 JLINK_CORESIGHT_ReadAPDPReg(DP reg 0x00)
T5D20 000:101.921   Value=0x6BA02477
T5D20 000:101.935 - 0.447ms returns 0
T5D20 000:101.946 JLINK_CORESIGHT_WriteAPDPReg(DP reg 0x00, 0x0000001F)
T5D20 000:102.189 - 0.243ms returns 0
T5D20 000:102.201 JLINK_CORESIGHT_ReadAPDPReg(DP reg 0x00)
T5D20 000:102.440   Value=0x6BA02477
T5D20 000:102.447 - 0.246ms returns 0
T5D20 000:102.453 JLINK_CORESIGHT_WriteAPDPReg(DP reg 0x02, 0x00000000)
T5D20 000:102.724 - 0.271ms returns 0
T5D20 000:102.734 JLINK_CORESIGHT_WriteAPDPReg(DP reg 0x01, 0x50000000)
T5D20 000:102.924 - 0.189ms returns 0
T5D20 000:102.945 JLINK_CORESIGHT_ReadAPDPReg(DP reg 0x01)
T5D20 000:103.220   Value=0xF0000040
T5D20 000:103.235 - 0.289ms returns 0
T5D20 000:103.243 JLINK_CORESIGHT_WriteAPDPReg(DP reg 0x00, 0x0000001F)
T5D20 000:103.465 - 0.222ms returns 0
T5D20 000:103.473 JLINK_CORESIGHT_ReadAPDPReg(DP reg 0x00)
T5D20 000:103.767   Value=0x6BA02477
T5D20 000:103.774 - 0.302ms returns 0
T5D20 000:103.780 JLINK_CORESIGHT_WriteAPDPReg(DP reg 0x01, 0x54000000)
T5D20 000:103.987 - 0.206ms returns 0
T5D20 000:103.993 JLINK_CORESIGHT_WriteAPDPReg(DP reg 0x01, 0x50000F00)
T5D20 000:104.233 - 0.240ms returns 0
T5D20 000:104.241 JLINK_CORESIGHT_WriteAPDPReg(DP reg 0x02, 0x01000000)
T5D20 000:104.449 - 0.208ms returns 0
T5D20 000:104.457 JLINK_CORESIGHT_WriteAPDPReg(AP reg 0x00, 0x80000002)
T5D20 000:104.747 - 0.290ms returns 0
T5D20 000:104.755 JLINK_CORESIGHT_WriteAPDPReg(AP reg 0x01, 0x80011100)
T5D20 000:104.984 - 0.229ms returns 0
T5D20 000:104.992 JLINK_CORESIGHT_WriteAPDPReg(AP reg 0x03, 0x000000A5)
T5D20 000:105.209 - 0.216ms returns 0
T5D20 000:105.227 JLINK_CORESIGHT_WriteAPDPReg(AP reg 0x00, 0x80000002)
T5D20 000:105.465 - 0.238ms returns 0
T5D20 000:105.472 JLINK_CORESIGHT_WriteAPDPReg(AP reg 0x01, 0x80011100)
T5D20 000:105.722 - 0.250ms returns 0
T5D20 000:105.728 JLINK_CORESIGHT_ReadAPDPReg(AP reg 0x03)
T5D20 000:105.985   Value=0x000000A5
T5D20 000:106.002 - 0.273ms returns 0
T5D20 000:106.013 JLINK_ClrTMS()
T5D20 000:106.107 - 0.097ms 
T5D20 000:111.930 JLINK_SetTCK()
T5D20 000:112.150 - 0.219ms returns 0
T5D20 000:117.916 JLINK_SetRESET()
T5D20 000:118.051 - 0.134ms 
T5D20 000:319.092 JLINK_CORESIGHT_WriteAPDPReg(AP reg 0x00, 0x80000002)
T5D20 000:319.484 - 0.392ms returns 0
T5D20 000:319.501 JLINK_CORESIGHT_WriteAPDPReg(AP reg 0x01, 0x80011100)
T5D20 000:319.747 - 0.246ms returns 0
T5D20 000:319.759 JLINK_CORESIGHT_ReadAPDPReg(AP reg 0x03)
T5D20 000:320.046   Value=0x00000000
T5D20 000:320.058 - 0.299ms returns 0
T5D20 000:320.070 JLINK_CORESIGHT_WriteAPDPReg(AP reg 0x00, 0x80000002)
T5D20 000:320.308 - 0.237ms returns 0
T5D20 000:320.319 JLINK_CORESIGHT_WriteAPDPReg(AP reg 0x01, 0x80011140)
T5D20 000:320.625 - 0.307ms returns 0
T5D20 000:320.638 JLINK_CORESIGHT_ReadAPDPReg(AP reg 0x03)
T5D20 000:320.931   Value=0x00000002
T5D20 000:320.943 - 0.305ms returns 0
T5D20 000:320.954 JLINK_CORESIGHT_WriteAPDPReg(AP reg 0x00, 0x80000002)
T5D20 000:321.203 - 0.249ms returns 0
T5D20 000:321.215 JLINK_CORESIGHT_WriteAPDPReg(AP reg 0x01, 0x80011120)
T5D20 000:321.428 - 0.213ms returns 0
T5D20 000:321.440 JLINK_CORESIGHT_WriteAPDPReg(AP reg 0x03, 0x00000055)
T5D20 000:321.740 - 0.300ms returns 0
T5D20 000:321.746 JLINK_CORESIGHT_WriteAPDPReg(AP reg 0x00, 0x80000002)
T5D20 000:321.958 - 0.211ms returns 0
T5D20 000:321.981 JLINK_CORESIGHT_WriteAPDPReg(AP reg 0x01, 0x80011140)
T5D20 000:322.221 - 0.240ms returns 0
T5D20 000:322.229 JLINK_CORESIGHT_ReadAPDPReg(AP reg 0x03)
T5D20 000:322.510   Value=0x00000000
T5D20 000:322.522 - 0.293ms returns 0
T5D20 000:322.530 JLINK_CORESIGHT_WriteAPDPReg(AP reg 0x00, 0x80000002)
T5D20 000:322.762 - 0.232ms returns 0
T5D20 000:322.768 JLINK_CORESIGHT_WriteAPDPReg(AP reg 0x01, 0x80011130)
T5D20 000:322.970 - 0.201ms returns 0
T5D20 000:322.976 JLINK_CORESIGHT_ReadAPDPReg(AP reg 0x03)
T5D20 000:323.301   Value=0x000000C6
T5D20 000:323.324 - 0.347ms returns 0
T5D20 000:323.340 JLINK_CORESIGHT_WriteAPDPReg(AP reg 0x00, 0x80000002)
T5D20 000:323.627 - 0.287ms returns 0
T5D20 000:323.641 JLINK_CORESIGHT_WriteAPDPReg(AP reg 0x01, 0x80011140)
T5D20 000:323.904 - 0.262ms returns 0
T5D20 000:323.926 JLINK_CORESIGHT_ReadAPDPReg(AP reg 0x03)
T5D20 000:324.256   Value=0x00000002
T5D20 000:324.273 - 0.346ms returns 0
T5D20 000:324.281 JLINK_CORESIGHT_WriteAPDPReg(AP reg 0x00, 0x80000002)
T5D20 000:324.548 - 0.267ms returns 0
T5D20 000:324.569 JLINK_CORESIGHT_WriteAPDPReg(AP reg 0x01, 0x80011120)
T5D20 000:324.814 - 0.245ms returns 0
T5D20 000:324.827 JLINK_CORESIGHT_WriteAPDPReg(AP reg 0x03, 0x3A010001)
T5D20 000:325.072 - 0.244ms returns 0
T5D20 000:325.087 JLINK_CORESIGHT_WriteAPDPReg(AP reg 0x00, 0x80000002)
T5D20 000:325.350 - 0.262ms returns 0
T5D20 000:325.365 JLINK_CORESIGHT_WriteAPDPReg(AP reg 0x01, 0x80011140)
T5D20 000:325.616 - 0.251ms returns 0
T5D20 000:325.632 JLINK_CORESIGHT_ReadAPDPReg(AP reg 0x03)
T5D20 000:325.932   Value=0x00000002
T5D20 000:325.945 - 0.313ms returns 0
T5D20 000:325.953 JLINK_CORESIGHT_WriteAPDPReg(AP reg 0x00, 0x80000002)
T5D20 000:326.178 - 0.225ms returns 0
T5D20 000:326.195 JLINK_CORESIGHT_WriteAPDPReg(AP reg 0x01, 0x80011120)
T5D20 000:326.411 - 0.216ms returns 0
T5D20 000:326.418 JLINK_CORESIGHT_WriteAPDPReg(AP reg 0x03, 0x000003C5)
T5D20 000:326.619 - 0.202ms returns 0
T5D20 000:326.627 JLINK_CORESIGHT_WriteAPDPReg(AP reg 0x00, 0x80000002)
T5D20 000:326.903 - 0.275ms returns 0
T5D20 000:326.929 JLINK_CORESIGHT_WriteAPDPReg(AP reg 0x01, 0x80011140)
T5D20 000:327.225 - 0.295ms returns 0
T5D20 000:327.245 JLINK_CORESIGHT_ReadAPDPReg(AP reg 0x03)
T5D20 000:327.599   Value=0x00000002
T5D20 000:327.624 - 0.378ms returns 0
T5D20 000:327.636 JLINK_CORESIGHT_ReadAPDPReg(AP reg 0x03)
T5D20 000:327.947   Value=0x00000002
T5D20 000:327.962 - 0.325ms returns 0
T5D20 000:327.969 JLINK_CORESIGHT_ReadAPDPReg(AP reg 0x03)
T5D20 000:328.286   Value=0x00000002
T5D20 000:328.306 - 0.336ms returns 0
T5D20 000:328.315 JLINK_CORESIGHT_ReadAPDPReg(AP reg 0x03)
T5D20 000:328.747   Value=0x00000002
T5D20 000:328.759 - 0.444ms returns 0
T5D20 000:328.775 JLINK_CORESIGHT_ReadAPDPReg(AP reg 0x03)
T5D20 000:329.068   Value=0x00000002
T5D20 000:329.087 - 0.311ms returns 0
T5D20 000:329.106 JLINK_CORESIGHT_ReadAPDPReg(AP reg 0x03)
T5D20 000:329.408   Value=0x00000000
T5D20 000:329.427 - 0.321ms returns 0
T5D20 000:329.444 JLINK_CORESIGHT_WriteAPDPReg(AP reg 0x00, 0x80000002)
T5D20 000:329.740 - 0.296ms returns 0
T5D20 000:329.753 JLINK_CORESIGHT_WriteAPDPReg(AP reg 0x01, 0x80011130)
T5D20 000:330.044 - 0.290ms returns 0
T5D20 000:330.070 JLINK_CORESIGHT_ReadAPDPReg(AP reg 0x03)
T5D20 000:330.428   Value=0x3A2A0081
T5D20 000:330.444 - 0.373ms returns 0
T5D20 000:330.459 JLINK_CORESIGHT_WriteAPDPReg(AP reg 0x00, 0x80000002)
T5D20 000:330.736 - 0.276ms returns 0
T5D20 000:330.749 JLINK_CORESIGHT_WriteAPDPReg(AP reg 0x01, 0x80011140)
T5D20 000:331.031 - 0.282ms returns 0
T5D20 000:331.044 JLINK_CORESIGHT_ReadAPDPReg(AP reg 0x03)
T5D20 000:331.328   Value=0x00000000
T5D20 000:331.339 - 0.295ms returns 0
T5D20 000:331.350 JLINK_CORESIGHT_WriteAPDPReg(AP reg 0x00, 0x80000002)
T5D20 000:331.660 - 0.309ms returns 0
T5D20 000:331.695 JLINK_CORESIGHT_WriteAPDPReg(AP reg 0x01, 0x80011130)
T5D20 000:332.010 - 0.314ms returns 0
T5D20 000:332.374 JLINK_CORESIGHT_ReadAPDPReg(AP reg 0x03)
T5D20 000:332.689   Value=0x808D5B00
T5D20 000:332.712 - 0.338ms returns 0
T5D20 000:332.724 JLINK_CORESIGHT_WriteAPDPReg(AP reg 0x00, 0x80000002)
T5D20 000:333.025 - 0.301ms returns 0
T5D20 000:333.046 JLINK_CORESIGHT_WriteAPDPReg(AP reg 0x01, 0x80011140)
T5D20 000:333.338 - 0.292ms returns 0
T5D20 000:333.359 JLINK_CORESIGHT_ReadAPDPReg(AP reg 0x03)
T5D20 000:333.842   Value=0x00000000
T5D20 000:333.876 - 0.516ms returns 0
T5D20 000:333.894 JLINK_CORESIGHT_WriteAPDPReg(AP reg 0x00, 0x80000002)
T5D20 000:334.234 - 0.340ms returns 0
T5D20 000:334.253 JLINK_CORESIGHT_WriteAPDPReg(AP reg 0x01, 0x80011130)
T5D20 000:334.517 - 0.263ms returns 0
T5D20 000:334.540 JLINK_CORESIGHT_ReadAPDPReg(AP reg 0x03)
T5D20 000:334.832   Value=0x0603030B
T5D20 000:334.863 - 0.323ms returns 0
T5D20 000:334.886 JLINK_CORESIGHT_WriteAPDPReg(AP reg 0x00, 0x80000002)
T5D20 000:335.176 - 0.289ms returns 0
T5D20 000:335.203 JLINK_CORESIGHT_WriteAPDPReg(AP reg 0x01, 0x80011140)
T5D20 000:335.452 - 0.249ms returns 0
T5D20 000:335.461 JLINK_CORESIGHT_ReadAPDPReg(AP reg 0x03)
T5D20 000:335.816   Value=0x00000000
T5D20 000:335.838 - 0.376ms returns 0
T5D20 000:335.849 JLINK_CORESIGHT_WriteAPDPReg(AP reg 0x00, 0x80000002)
T5D20 000:336.144 - 0.295ms returns 0
T5D20 000:336.161 JLINK_CORESIGHT_WriteAPDPReg(AP reg 0x01, 0x80011130)
T5D20 000:336.395 - 0.233ms returns 0
T5D20 000:336.411 JLINK_CORESIGHT_ReadAPDPReg(AP reg 0x03)
T5D20 000:336.708   Value=0x2F4B4E20
T5D20 000:336.725 - 0.314ms returns 0
T5D20 000:336.733 JLINK_CORESIGHT_WriteAPDPReg(AP reg 0x00, 0x80000002)
T5D20 000:336.978 - 0.245ms returns 0
T5D20 000:336.991 JLINK_CORESIGHT_WriteAPDPReg(AP reg 0x01, 0x80011140)
T5D20 000:337.257 - 0.265ms returns 0
T5D20 000:337.281 JLINK_CORESIGHT_ReadAPDPReg(AP reg 0x03)
T5D20 000:337.654   Value=0x00000000
T5D20 000:337.669 - 0.387ms returns 0
T5D20 000:337.677 JLINK_CORESIGHT_WriteAPDPReg(AP reg 0x00, 0x80000002)
T5D20 000:337.941 - 0.264ms returns 0
T5D20 000:337.965 JLINK_CORESIGHT_WriteAPDPReg(AP reg 0x01, 0x80011130)
T5D20 000:338.207 - 0.242ms returns 0
T5D20 000:338.225 JLINK_CORESIGHT_ReadAPDPReg(AP reg 0x03)
T5D20 000:338.621   Value=0x47CCEB0A
T5D20 000:338.647 - 0.421ms returns 0
T5D20 000:338.659 JLINK_CORESIGHT_WriteAPDPReg(AP reg 0x00, 0x80000002)
T5D20 000:338.927 - 0.268ms returns 0
T5D20 000:338.947 JLINK_CORESIGHT_WriteAPDPReg(AP reg 0x01, 0x80011140)
T5D20 000:339.226 - 0.278ms returns 0
T5D20 000:339.243 JLINK_CORESIGHT_ReadAPDPReg(AP reg 0x03)
T5D20 000:339.528   Value=0x00000000
T5D20 000:339.546 - 0.303ms returns 0
T5D20 000:339.559 JLINK_CORESIGHT_WriteAPDPReg(AP reg 0x00, 0x80000002)
T5D20 000:339.846 - 0.287ms returns 0
T5D20 000:339.863 JLINK_CORESIGHT_WriteAPDPReg(AP reg 0x01, 0x80011130)
T5D20 000:340.120 - 0.256ms returns 0
T5D20 000:340.137 JLINK_CORESIGHT_ReadAPDPReg(AP reg 0x03)
T5D20 000:340.463   Value=0x39353553
T5D20 000:340.487 - 0.350ms returns 0
T5D20 000:340.498 JLINK_CORESIGHT_WriteAPDPReg(AP reg 0x00, 0x80000002)
T5D20 000:340.769 - 0.270ms returns 0
T5D20 000:340.787 JLINK_CORESIGHT_WriteAPDPReg(AP reg 0x01, 0x80011140)
T5D20 000:341.020 - 0.231ms returns 0
T5D20 000:341.067 JLINK_CORESIGHT_ReadAPDPReg(AP reg 0x03)
T5D20 000:341.334   Value=0x00000000
T5D20 000:341.343 - 0.277ms returns 0
T5D20 000:341.350 JLINK_CORESIGHT_WriteAPDPReg(AP reg 0x00, 0x80000002)
T5D20 000:341.623 - 0.272ms returns 0
T5D20 000:341.641 JLINK_CORESIGHT_WriteAPDPReg(AP reg 0x01, 0x80011130)
T5D20 000:341.897 - 0.256ms returns 0
T5D20 000:341.920 JLINK_CORESIGHT_ReadAPDPReg(AP reg 0x03)
T5D20 000:342.201   Value=0x6F144333
T5D20 000:342.219 - 0.299ms returns 0
T5D20 000:342.230 JLINK_CORESIGHT_WriteAPDPReg(AP reg 0x00, 0x80000002)
T5D20 000:342.560 - 0.330ms returns 0
T5D20 000:342.580 JLINK_CORESIGHT_WriteAPDPReg(AP reg 0x01, 0x80011140)
T5D20 000:342.806 - 0.226ms returns 0
T5D20 000:342.820 JLINK_CORESIGHT_ReadAPDPReg(AP reg 0x03)
T5D20 000:343.110   Value=0x00000000
T5D20 000:343.118 - 0.298ms returns 0
T5D20 000:343.125 JLINK_CORESIGHT_WriteAPDPReg(AP reg 0x00, 0x80000002)
T5D20 000:343.414 - 0.289ms returns 0
T5D20 000:343.431 JLINK_CORESIGHT_WriteAPDPReg(AP reg 0x01, 0x80011130)
T5D20 000:343.648 - 0.216ms returns 0
T5D20 000:343.659 JLINK_CORESIGHT_ReadAPDPReg(AP reg 0x03)
T5D20 000:343.960   Value=0x4637526C
T5D20 000:343.991 - 0.331ms returns 0
T5D20 000:344.007 JLINK_CORESIGHT_WriteAPDPReg(AP reg 0x00, 0x80000002)
T5D20 000:344.316 - 0.308ms returns 0
T5D20 000:344.330 JLINK_CORESIGHT_WriteAPDPReg(AP reg 0x01, 0x80011140)
T5D20 000:344.552 - 0.222ms returns 0
T5D20 000:344.563 JLINK_CORESIGHT_ReadAPDPReg(AP reg 0x03)
T5D20 000:344.883   Value=0x00000000
T5D20 000:344.895 - 0.331ms returns 0
T5D20 000:344.903 JLINK_CORESIGHT_WriteAPDPReg(AP reg 0x00, 0x80000002)
T5D20 000:345.136 - 0.234ms returns 0
T5D20 000:345.148 JLINK_CORESIGHT_WriteAPDPReg(AP reg 0x01, 0x80011130)
T5D20 000:345.394 - 0.246ms returns 0
T5D20 000:345.417 JLINK_CORESIGHT_ReadAPDPReg(AP reg 0x03)
T5D20 000:345.706   Value=0x314D3841
T5D20 000:345.716 - 0.299ms returns 0
T5D20 000:345.723 JLINK_CORESIGHT_WriteAPDPReg(AP reg 0x00, 0x80000002)
T5D20 000:345.972 - 0.248ms returns 0
T5D20 000:345.992 JLINK_CORESIGHT_WriteAPDPReg(AP reg 0x01, 0x80011140)
T5D20 000:346.264 - 0.272ms returns 0
T5D20 000:346.284 JLINK_CORESIGHT_ReadAPDPReg(AP reg 0x03)
T5D20 000:346.645   Value=0x00000000
T5D20 000:346.678 - 0.393ms returns 0
T5D20 000:346.697 JLINK_CORESIGHT_WriteAPDPReg(AP reg 0x00, 0x80000002)
T5D20 000:346.964 - 0.267ms returns 0
T5D20 000:346.980 JLINK_CORESIGHT_WriteAPDPReg(AP reg 0x01, 0x80011130)
T5D20 000:347.227 - 0.247ms returns 0
T5D20 000:347.241 JLINK_CORESIGHT_ReadAPDPReg(AP reg 0x03)
T5D20 000:347.542   Value=0x43454841
T5D20 000:347.565 - 0.323ms returns 0
T5D20 000:347.577 JLINK_CORESIGHT_WriteAPDPReg(AP reg 0x00, 0x80000002)
T5D20 000:347.813 - 0.236ms returns 0
T5D20 000:347.832 JLINK_CORESIGHT_WriteAPDPReg(AP reg 0x01, 0x80011140)
T5D20 000:348.065 - 0.233ms returns 0
T5D20 000:348.085 JLINK_CORESIGHT_ReadAPDPReg(AP reg 0x03)
T5D20 000:348.409   Value=0x00000000
T5D20 000:348.426 - 0.341ms returns 0
T5D20 000:348.434 JLINK_CORESIGHT_WriteAPDPReg(AP reg 0x00, 0x80000002)
T5D20 000:349.073 - 0.639ms returns 0
T5D20 000:349.344 JLINK_CORESIGHT_WriteAPDPReg(AP reg 0x01, 0x80011130)
T5D20 000:349.611 - 0.266ms returns 0
T5D20 000:349.630 JLINK_CORESIGHT_ReadAPDPReg(AP reg 0x03)
T5D20 000:349.924   Value=0x20204442
T5D20 000:349.941 - 0.310ms returns 0
T5D20 000:349.949 JLINK_CORESIGHT_WriteAPDPReg(AP reg 0x00, 0x80000002)
T5D20 000:350.234 - 0.284ms returns 0
T5D20 000:350.257 JLINK_CORESIGHT_WriteAPDPReg(AP reg 0x01, 0x80011140)
T5D20 000:350.499 - 0.242ms returns 0
T5D20 000:350.509 JLINK_CORESIGHT_ReadAPDPReg(AP reg 0x03)
T5D20 000:350.856   Value=0x00000000
T5D20 000:350.873 - 0.363ms returns 0
T5D20 000:350.881 JLINK_CORESIGHT_WriteAPDPReg(AP reg 0x00, 0x80000002)
T5D20 000:351.239 - 0.357ms returns 0
T5D20 000:351.256 JLINK_CORESIGHT_WriteAPDPReg(AP reg 0x01, 0x80011130)
T5D20 000:351.644 - 0.387ms returns 0
T5D20 000:351.670 JLINK_CORESIGHT_ReadAPDPReg(AP reg 0x03)
T5D20 000:351.970   Value=0x00031520
T5D20 000:351.981 - 0.310ms returns 0
T5D20 000:352.052 JLINK_CORESIGHT_WriteAPDPReg(AP reg 0x00, 0x80000002)
T5D20 000:352.321 - 0.268ms returns 0
T5D20 000:352.343 JLINK_CORESIGHT_WriteAPDPReg(AP reg 0x01, 0x80011140)
T5D20 000:352.623 - 0.279ms returns 0
T5D20 000:352.634 JLINK_CORESIGHT_ReadAPDPReg(AP reg 0x03)
T5D20 000:352.929   Value=0x00000002
T5D20 000:352.940 - 0.306ms returns 0
T5D20 000:352.947 JLINK_CORESIGHT_WriteAPDPReg(AP reg 0x00, 0x80000002)
T5D20 000:353.206 - 0.257ms returns 0
T5D20 000:353.240 JLINK_CORESIGHT_WriteAPDPReg(AP reg 0x01, 0x80011120)
T5D20 000:353.515 - 0.274ms returns 0
T5D20 000:353.538 JLINK_CORESIGHT_WriteAPDPReg(AP reg 0x03, 0x2C010001)
T5D20 000:353.806 - 0.268ms returns 0
T5D20 000:353.826 JLINK_CORESIGHT_WriteAPDPReg(AP reg 0x00, 0x80000002)
T5D20 000:354.083 - 0.256ms returns 0
T5D20 000:354.104 JLINK_CORESIGHT_WriteAPDPReg(AP reg 0x01, 0x80011140)
T5D20 000:354.373 - 0.269ms returns 0
T5D20 000:354.393 JLINK_CORESIGHT_ReadAPDPReg(AP reg 0x03)
T5D20 000:354.717   Value=0x00000002
T5D20 000:354.745 - 0.352ms returns 0
T5D20 000:354.758 JLINK_CORESIGHT_WriteAPDPReg(AP reg 0x00, 0x80000002)
T5D20 000:355.015 - 0.257ms returns 0
T5D20 000:355.036 JLINK_CORESIGHT_WriteAPDPReg(AP reg 0x01, 0x80011120)
T5D20 000:355.301 - 0.264ms returns 0
T5D20 000:355.327 JLINK_CORESIGHT_WriteAPDPReg(AP reg 0x03, 0x000003D3)
T5D20 000:355.631 - 0.303ms returns 0
T5D20 000:355.649 JLINK_CORESIGHT_WriteAPDPReg(AP reg 0x00, 0x80000002)
T5D20 000:355.928 - 0.279ms returns 0
T5D20 000:355.950 JLINK_CORESIGHT_WriteAPDPReg(AP reg 0x01, 0x80011140)
T5D20 000:356.928 - 0.978ms returns 0
T5D20 000:356.990 JLINK_CORESIGHT_ReadAPDPReg(AP reg 0x03)
T5D20 000:357.312   Value=0x00000000
T5D20 000:357.335 - 0.346ms returns 0
T5D20 000:357.351 JLINK_CORESIGHT_WriteAPDPReg(AP reg 0x00, 0x80000002)
T5D20 000:357.619 - 0.268ms returns 0
T5D20 000:357.645 JLINK_CORESIGHT_WriteAPDPReg(AP reg 0x01, 0x80011130)
T5D20 000:357.879 - 0.233ms returns 0
T5D20 000:357.904 JLINK_CORESIGHT_ReadAPDPReg(AP reg 0x03)
T5D20 000:358.230   Value=0x2C020081
T5D20 000:358.252 - 0.348ms returns 0
T5D20 000:358.276 JLINK_CORESIGHT_WriteAPDPReg(AP reg 0x00, 0x80000002)
T5D20 000:358.533 - 0.257ms returns 0
T5D20 000:358.547 JLINK_CORESIGHT_WriteAPDPReg(AP reg 0x01, 0x80011140)
T5D20 000:358.771 - 0.224ms returns 0
T5D20 000:358.803 JLINK_CORESIGHT_ReadAPDPReg(AP reg 0x03)
T5D20 000:359.071   Value=0x00000000
T5D20 000:359.110 - 0.305ms returns 0
T5D20 000:359.135 JLINK_CORESIGHT_WriteAPDPReg(AP reg 0x00, 0x80000002)
T5D20 000:359.375 - 0.239ms returns 0
T5D20 000:359.397 JLINK_CORESIGHT_WriteAPDPReg(AP reg 0x01, 0x80011130)
T5D20 000:359.619 - 0.221ms returns 0
T5D20 000:359.647 JLINK_CORESIGHT_ReadAPDPReg(AP reg 0x03)
T5D20 000:359.955   Value=0x0003CE04
T5D20 000:359.972 - 0.324ms returns 0
T5D20 000:359.991 JLINK_CORESIGHT_WriteAPDPReg(AP reg 0x00, 0x80000002)
T5D20 000:360.216 - 0.225ms returns 0
T5D20 000:360.240 JLINK_CORESIGHT_WriteAPDPReg(AP reg 0x01, 0x80011140)
T5D20 000:360.489 - 0.249ms returns 0
T5D20 000:360.513 JLINK_CORESIGHT_ReadAPDPReg(AP reg 0x03)
T5D20 000:360.808   Value=0x00000002
T5D20 000:360.826 - 0.312ms returns 0
T5D20 000:360.838 JLINK_CORESIGHT_WriteAPDPReg(AP reg 0x00, 0x80000002)
T5D20 000:361.128 - 0.289ms returns 0
T5D20 000:361.166 JLINK_CORESIGHT_WriteAPDPReg(AP reg 0x01, 0x80011120)
T5D20 000:361.428 - 0.261ms returns 0
T5D20 000:361.457 JLINK_CORESIGHT_WriteAPDPReg(AP reg 0x03, 0x73010001)
T5D20 000:361.727 - 0.270ms returns 0
T5D20 000:361.748 JLINK_CORESIGHT_WriteAPDPReg(AP reg 0x00, 0x80000002)
T5D20 000:362.010 - 0.262ms returns 0
T5D20 000:362.038 JLINK_CORESIGHT_WriteAPDPReg(AP reg 0x01, 0x80011140)
T5D20 000:362.288 - 0.249ms returns 0
T5D20 000:362.311 JLINK_CORESIGHT_ReadAPDPReg(AP reg 0x03)
T5D20 000:362.626   Value=0x00000002
T5D20 000:362.642 - 0.331ms returns 0
T5D20 000:362.660 JLINK_CORESIGHT_WriteAPDPReg(AP reg 0x00, 0x80000002)
T5D20 000:362.884 - 0.224ms returns 0
T5D20 000:362.895 JLINK_CORESIGHT_WriteAPDPReg(AP reg 0x01, 0x80011120)
T5D20 000:363.139 - 0.243ms returns 0
T5D20 000:363.165 JLINK_CORESIGHT_WriteAPDPReg(AP reg 0x03, 0x0000038C)
T5D20 000:363.455 - 0.290ms returns 0
T5D20 000:363.490 JLINK_CORESIGHT_WriteAPDPReg(AP reg 0x00, 0x80000002)
T5D20 000:363.766 - 0.276ms returns 0
T5D20 000:363.809 JLINK_CORESIGHT_WriteAPDPReg(AP reg 0x01, 0x80011140)
T5D20 000:364.457 - 0.648ms returns 0
T5D20 000:364.850 JLINK_CORESIGHT_ReadAPDPReg(AP reg 0x03)
T5D20 000:365.169   Value=0x00000000
T5D20 000:365.194 - 0.343ms returns 0
T5D20 000:365.207 JLINK_CORESIGHT_WriteAPDPReg(AP reg 0x00, 0x80000002)
T5D20 000:365.464 - 0.256ms returns 0
T5D20 000:365.474 JLINK_CORESIGHT_WriteAPDPReg(AP reg 0x01, 0x80011130)
T5D20 000:365.760 - 0.285ms returns 0
T5D20 000:365.771 JLINK_CORESIGHT_ReadAPDPReg(AP reg 0x03)
T5D20 000:366.063   Value=0x73020081
T5D20 000:366.070 - 0.298ms returns 0
T5D20 000:366.076 JLINK_CORESIGHT_WriteAPDPReg(AP reg 0x00, 0x80000002)
T5D20 000:366.347 - 0.270ms returns 0
T5D20 000:366.354 JLINK_CORESIGHT_WriteAPDPReg(AP reg 0x01, 0x80011140)
T5D20 000:366.621 - 0.265ms returns 0
T5D20 000:366.643 JLINK_CORESIGHT_ReadAPDPReg(AP reg 0x03)
T5D20 000:366.918   Value=0x00000000
T5D20 000:366.925 - 0.282ms returns 0
T5D20 000:366.932 JLINK_CORESIGHT_WriteAPDPReg(AP reg 0x00, 0x80000002)
T5D20 000:367.174 - 0.242ms returns 0
T5D20 000:367.182 JLINK_CORESIGHT_WriteAPDPReg(AP reg 0x01, 0x80011130)
T5D20 000:367.388 - 0.205ms returns 0
T5D20 000:367.400 JLINK_CORESIGHT_ReadAPDPReg(AP reg 0x03)
T5D20 000:367.656   Value=0x00038902
T5D20 000:367.664 - 0.264ms returns 0
T5D20 000:367.672 JLINK_CORESIGHT_WriteAPDPReg(AP reg 0x00, 0x80000002)
T5D20 000:367.907 - 0.234ms returns 0
T5D20 000:367.919 JLINK_CORESIGHT_WriteAPDPReg(AP reg 0x01, 0x80011140)
T5D20 000:368.158 - 0.238ms returns 0
T5D20 000:368.168 JLINK_CORESIGHT_ReadAPDPReg(AP reg 0x03)
T5D20 000:368.426   Value=0x00000002
T5D20 000:368.435 - 0.267ms returns 0
T5D20 000:368.442 JLINK_CORESIGHT_WriteAPDPReg(AP reg 0x00, 0x80000002)
T5D20 000:368.664 - 0.221ms returns 0
T5D20 000:368.675 JLINK_CORESIGHT_WriteAPDPReg(AP reg 0x01, 0x80011120)
T5D20 000:368.969 - 0.292ms returns 0
T5D20 000:368.987 JLINK_CORESIGHT_WriteAPDPReg(AP reg 0x03, 0x75010001)
T5D20 000:369.250 - 0.262ms returns 0
T5D20 000:369.290 JLINK_CORESIGHT_WriteAPDPReg(AP reg 0x00, 0x80000002)
T5D20 000:369.537 - 0.247ms returns 0
T5D20 000:369.558 JLINK_CORESIGHT_WriteAPDPReg(AP reg 0x01, 0x80011140)
T5D20 000:369.810 - 0.252ms returns 0
T5D20 000:369.825 JLINK_CORESIGHT_ReadAPDPReg(AP reg 0x03)
T5D20 000:370.114   Value=0x00000002
T5D20 000:370.127 - 0.302ms returns 0
T5D20 000:370.134 JLINK_CORESIGHT_WriteAPDPReg(AP reg 0x00, 0x80000002)
T5D20 000:370.373 - 0.238ms returns 0
T5D20 000:370.381 JLINK_CORESIGHT_WriteAPDPReg(AP reg 0x01, 0x80011120)
T5D20 000:370.627 - 0.245ms returns 0
T5D20 000:370.638 JLINK_CORESIGHT_WriteAPDPReg(AP reg 0x03, 0x0000038A)
T5D20 000:370.873 - 0.235ms returns 0
T5D20 000:370.886 JLINK_CORESIGHT_WriteAPDPReg(AP reg 0x00, 0x80000002)
T5D20 000:371.175 - 0.288ms returns 0
T5D20 000:371.198 JLINK_CORESIGHT_WriteAPDPReg(AP reg 0x01, 0x80011140)
T5D20 000:373.947 - 2.746ms returns 0
T5D20 000:373.988 JLINK_CORESIGHT_ReadAPDPReg(AP reg 0x03)
T5D20 000:374.355   Value=0x00000000
T5D20 000:374.378 - 0.390ms returns 0
T5D20 000:374.388 JLINK_CORESIGHT_WriteAPDPReg(AP reg 0x00, 0x80000002)
T5D20 000:374.653 - 0.265ms returns 0
T5D20 000:374.660 JLINK_CORESIGHT_WriteAPDPReg(AP reg 0x01, 0x80011130)
T5D20 000:374.864 - 0.204ms returns 0
T5D20 000:374.870 JLINK_CORESIGHT_ReadAPDPReg(AP reg 0x03)
T5D20 000:375.124   Value=0x75020081
T5D20 000:375.133 - 0.262ms returns 0
T5D20 000:375.139 JLINK_CORESIGHT_WriteAPDPReg(AP reg 0x00, 0x80000002)
T5D20 000:375.384 - 0.244ms returns 0
T5D20 000:375.392 JLINK_CORESIGHT_WriteAPDPReg(AP reg 0x01, 0x80011140)
T5D20 000:375.621 - 0.228ms returns 0
T5D20 000:375.634 JLINK_CORESIGHT_ReadAPDPReg(AP reg 0x03)
T5D20 000:375.889   Value=0x00000000
T5D20 000:375.899 - 0.265ms returns 0
T5D20 000:375.905 JLINK_CORESIGHT_WriteAPDPReg(AP reg 0x00, 0x80000002)
T5D20 000:376.140 - 0.234ms returns 0
T5D20 000:376.160 JLINK_CORESIGHT_WriteAPDPReg(AP reg 0x01, 0x80011130)
T5D20 000:376.403 - 0.243ms returns 0
T5D20 000:376.409 JLINK_CORESIGHT_ReadAPDPReg(AP reg 0x03)
T5D20 000:376.657   Value=0x00038702
T5D20 000:376.664 - 0.254ms returns 0
T5D20 000:376.678 JLINK_CORESIGHT_WriteAPDPReg(AP reg 0x00, 0x80000002)
T5D20 000:376.906 - 0.227ms returns 0
T5D20 000:376.913 JLINK_CORESIGHT_WriteAPDPReg(AP reg 0x01, 0x80011140)
T5D20 000:377.131 - 0.217ms returns 0
T5D20 000:377.144 JLINK_CORESIGHT_ReadAPDPReg(AP reg 0x03)
T5D20 000:377.434   Value=0x00000002
T5D20 000:377.446 - 0.302ms returns 0
T5D20 000:377.453 JLINK_CORESIGHT_WriteAPDPReg(AP reg 0x00, 0x80000002)
T5D20 000:377.766 - 0.312ms returns 0
T5D20 000:377.785 JLINK_CORESIGHT_WriteAPDPReg(AP reg 0x01, 0x80011120)
T5D20 000:378.022 - 0.236ms returns 0
T5D20 000:378.031 JLINK_CORESIGHT_WriteAPDPReg(AP reg 0x03, 0x4F010001)
T5D20 000:378.261 - 0.229ms returns 0
T5D20 000:378.267 JLINK_CORESIGHT_WriteAPDPReg(AP reg 0x00, 0x80000002)
T5D20 000:378.472 - 0.205ms returns 0
T5D20 000:378.478 JLINK_CORESIGHT_WriteAPDPReg(AP reg 0x01, 0x80011140)
T5D20 000:381.005 - 2.526ms returns 0
T5D20 000:381.026 JLINK_CORESIGHT_ReadAPDPReg(AP reg 0x03)
T5D20 000:381.340   Value=0x00000002
T5D20 000:381.385 - 0.359ms returns 0
T5D20 000:381.402 JLINK_CORESIGHT_WriteAPDPReg(AP reg 0x00, 0x80000002)
T5D20 000:381.657 - 0.254ms returns 0
T5D20 000:381.672 JLINK_CORESIGHT_WriteAPDPReg(AP reg 0x01, 0x80011120)
T5D20 000:381.902 - 0.231ms returns 0
T5D20 000:381.909 JLINK_CORESIGHT_WriteAPDPReg(AP reg 0x03, 0x000003B0)
T5D20 000:382.114 - 0.204ms returns 0
T5D20 000:382.130 JLINK_CORESIGHT_WriteAPDPReg(AP reg 0x00, 0x80000002)
T5D20 000:382.362 - 0.232ms returns 0
T5D20 000:382.368 JLINK_CORESIGHT_WriteAPDPReg(AP reg 0x01, 0x80011140)
T5D20 000:382.620 - 0.252ms returns 0
T5D20 000:382.628 JLINK_CORESIGHT_ReadAPDPReg(AP reg 0x03)
T5D20 000:382.883   Value=0x00000002
T5D20 000:382.891 - 0.263ms returns 0
T5D20 000:382.897 JLINK_CORESIGHT_ReadAPDPReg(AP reg 0x03)
T5D20 000:383.180   Value=0x00000002
T5D20 000:383.188 - 0.290ms returns 0
T5D20 000:383.194 JLINK_CORESIGHT_ReadAPDPReg(AP reg 0x03)
T5D20 000:383.448   Value=0x00000002
T5D20 000:383.457 - 0.262ms returns 0
T5D20 000:383.463 JLINK_CORESIGHT_ReadAPDPReg(AP reg 0x03)
T5D20 000:383.805   Value=0x00000002
T5D20 000:383.823 - 0.360ms returns 0
T5D20 000:383.829 JLINK_CORESIGHT_ReadAPDPReg(AP reg 0x03)
T5D20 000:384.089   Value=0x00000002
T5D20 000:384.098 - 0.269ms returns 0
T5D20 000:384.104 JLINK_CORESIGHT_ReadAPDPReg(AP reg 0x03)
T5D20 000:384.387   Value=0x00000002
T5D20 000:384.405 - 0.300ms returns 0
T5D20 000:384.413 JLINK_CORESIGHT_ReadAPDPReg(AP reg 0x03)
T5D20 000:384.725   Value=0x00000002
T5D20 000:384.758 - 0.344ms returns 0
T5D20 000:384.771 JLINK_CORESIGHT_ReadAPDPReg(AP reg 0x03)
T5D20 000:385.085   Value=0x00000002
T5D20 000:385.112 - 0.340ms returns 0
T5D20 000:385.122 JLINK_CORESIGHT_ReadAPDPReg(AP reg 0x03)
T5D20 000:385.439   Value=0x00000002
T5D20 000:385.467 - 0.344ms returns 0
T5D20 000:385.480 JLINK_CORESIGHT_ReadAPDPReg(AP reg 0x03)
T5D20 000:386.563   Value=0x00000002
T5D20 000:386.592 - 1.112ms returns 0
T5D20 000:386.602 JLINK_CORESIGHT_ReadAPDPReg(AP reg 0x03)
T5D20 000:386.889   Value=0x00000000
T5D20 000:386.910 - 0.307ms returns 0
T5D20 000:386.932 JLINK_CORESIGHT_WriteAPDPReg(AP reg 0x00, 0x80000002)
T5D20 000:387.184 - 0.251ms returns 0
T5D20 000:387.197 JLINK_CORESIGHT_WriteAPDPReg(AP reg 0x01, 0x80011130)
T5D20 000:387.430 - 0.233ms returns 0
T5D20 000:387.436 JLINK_CORESIGHT_ReadAPDPReg(AP reg 0x03)
T5D20 000:387.689   Value=0x4F0B0081
T5D20 000:387.696 - 0.259ms returns 0
T5D20 000:387.702 JLINK_CORESIGHT_WriteAPDPReg(AP reg 0x00, 0x80000002)
T5D20 000:387.936 - 0.233ms returns 0
T5D20 000:387.945 JLINK_CORESIGHT_WriteAPDPReg(AP reg 0x01, 0x80011140)
T5D20 000:388.181 - 0.236ms returns 0
T5D20 000:388.191 JLINK_CORESIGHT_ReadAPDPReg(AP reg 0x03)
T5D20 000:388.477   Value=0x00000000
T5D20 000:388.486 - 0.295ms returns 0
T5D20 000:388.493 JLINK_CORESIGHT_WriteAPDPReg(AP reg 0x00, 0x80000002)
T5D20 000:388.766 - 0.272ms returns 0
T5D20 000:388.776 JLINK_CORESIGHT_WriteAPDPReg(AP reg 0x01, 0x80011130)
T5D20 000:389.001 - 0.225ms returns 0
T5D20 000:389.011 JLINK_CORESIGHT_ReadAPDPReg(AP reg 0x03)
T5D20 000:389.307   Value=0x40000000
T5D20 000:389.316 - 0.305ms returns 0
T5D20 000:389.342 JLINK_CORESIGHT_WriteAPDPReg(AP reg 0x00, 0x80000002)
T5D20 000:389.610 - 0.267ms returns 0
T5D20 000:389.619 JLINK_CORESIGHT_WriteAPDPReg(AP reg 0x01, 0x80011140)
T5D20 000:389.849 - 0.230ms returns 0
T5D20 000:389.858 JLINK_CORESIGHT_ReadAPDPReg(AP reg 0x03)
T5D20 000:390.112   Value=0x00000000
T5D20 000:390.120 - 0.262ms returns 0
T5D20 000:390.133 JLINK_CORESIGHT_WriteAPDPReg(AP reg 0x00, 0x80000002)
T5D20 000:390.371 - 0.237ms returns 0
T5D20 000:390.382 JLINK_CORESIGHT_WriteAPDPReg(AP reg 0x01, 0x80011130)
T5D20 000:390.609 - 0.227ms returns 0
T5D20 000:390.620 JLINK_CORESIGHT_ReadAPDPReg(AP reg 0x03)
T5D20 000:390.907   Value=0x00000000
T5D20 000:390.916 - 0.296ms returns 0
T5D20 000:390.924 JLINK_CORESIGHT_WriteAPDPReg(AP reg 0x00, 0x80000002)
T5D20 000:391.158 - 0.234ms returns 0
T5D20 000:391.170 JLINK_CORESIGHT_WriteAPDPReg(AP reg 0x01, 0x80011140)
T5D20 000:391.413 - 0.243ms returns 0
T5D20 000:391.423 JLINK_CORESIGHT_ReadAPDPReg(AP reg 0x03)
T5D20 000:391.701   Value=0x00000000
T5D20 000:391.708 - 0.285ms returns 0
T5D20 000:391.716 JLINK_CORESIGHT_WriteAPDPReg(AP reg 0x00, 0x80000002)
T5D20 000:391.919 - 0.202ms returns 0
T5D20 000:391.928 JLINK_CORESIGHT_WriteAPDPReg(AP reg 0x01, 0x80011130)
T5D20 000:392.134 - 0.206ms returns 0
T5D20 000:392.145 JLINK_CORESIGHT_ReadAPDPReg(AP reg 0x03)
T5D20 000:392.395   Value=0x03660000
T5D20 000:392.402 - 0.257ms returns 0
T5D20 000:392.736 JLINK_CORESIGHT_ReadAPDPReg(DP reg 0x01)
T5D20 000:392.948   Value=0xF0000F40
T5D20 000:392.955 - 0.219ms returns 0
T5D20 000:392.961 JLINK_CORESIGHT_WriteAPDPReg(DP reg 0x01, 0xA0000F40)
T5D20 000:393.676 - 0.714ms returns 0
T5D20 000:393.701 JLINK_CORESIGHT_ReadAPDPReg(DP reg 0x01)
T5D20 000:393.940   Value=0x00000F40
T5D20 000:393.948 - 0.247ms returns 0
T5D20 000:393.954 JLINK_ClrRESET()
T5D20 000:394.211 - 0.256ms 
T5D20 000:504.759 JLINK_Close()
T5D20 000:519.201 - 14.441ms
T5D20 000:519.237   
T5D20 000:519.242   Closed
