Archive member included to satisfy reference by file (symbol)

C:/Program Files (x86)/Arm GNU Toolchain arm-none-eabi/13.2 Rel1/bin/../lib/gcc/arm-none-eabi/13.2.1/thumb/v8-m.main+dp/hard\libgcc.a(_aeabi_ldivmod.o)
                              ./ra/fsp/src/r_sci_b_uart/r_sci_b_uart.o (__aeabi_ldivmod)
C:/Program Files (x86)/Arm GNU Toolchain arm-none-eabi/13.2 Rel1/bin/../lib/gcc/arm-none-eabi/13.2.1/thumb/v8-m.main+dp/hard\libgcc.a(_udivmoddi4.o)
                              C:/Program Files (x86)/Arm GNU Toolchain arm-none-eabi/13.2 Rel1/bin/../lib/gcc/arm-none-eabi/13.2.1/thumb/v8-m.main+dp/hard\libgcc.a(_aeabi_ldivmod.o) (__udivmoddi4)
C:/Program Files (x86)/Arm GNU Toolchain arm-none-eabi/13.2 Rel1/bin/../lib/gcc/arm-none-eabi/13.2.1/thumb/v8-m.main+dp/hard\libgcc.a(_dvmd_tls.o)
                              C:/Program Files (x86)/Arm GNU Toolchain arm-none-eabi/13.2 Rel1/bin/../lib/gcc/arm-none-eabi/13.2.1/thumb/v8-m.main+dp/hard\libgcc.a(_aeabi_ldivmod.o) (__aeabi_ldiv0)
C:/Program Files (x86)/Arm GNU Toolchain arm-none-eabi/13.2 Rel1/bin/../lib/gcc/arm-none-eabi/13.2.1/thumb/v8-m.main+dp/hard\libg_nano.a(libc_a-exit.o)
                              C:/Program Files (x86)/Arm GNU Toolchain arm-none-eabi/13.2 Rel1/bin/../lib/gcc/arm-none-eabi/13.2.1/thumb/v8-m.main+dp/hard/crt0.o (exit)
C:/Program Files (x86)/Arm GNU Toolchain arm-none-eabi/13.2 Rel1/bin/../lib/gcc/arm-none-eabi/13.2.1/thumb/v8-m.main+dp/hard\libg_nano.a(libc_a-findfp.o)
                              C:/Program Files (x86)/Arm GNU Toolchain arm-none-eabi/13.2 Rel1/bin/../lib/gcc/arm-none-eabi/13.2.1/thumb/v8-m.main+dp/hard\libg_nano.a(libc_a-exit.o) (__stdio_exit_handler)
C:/Program Files (x86)/Arm GNU Toolchain arm-none-eabi/13.2 Rel1/bin/../lib/gcc/arm-none-eabi/13.2.1/thumb/v8-m.main+dp/hard\libg_nano.a(libc_a-fwalk.o)
                              C:/Program Files (x86)/Arm GNU Toolchain arm-none-eabi/13.2 Rel1/bin/../lib/gcc/arm-none-eabi/13.2.1/thumb/v8-m.main+dp/hard\libg_nano.a(libc_a-findfp.o) (_fwalk_sglue)
C:/Program Files (x86)/Arm GNU Toolchain arm-none-eabi/13.2 Rel1/bin/../lib/gcc/arm-none-eabi/13.2.1/thumb/v8-m.main+dp/hard\libg_nano.a(libc_a-snprintf.o)
                              ./src/uart_task_entry.o (snprintf)
C:/Program Files (x86)/Arm GNU Toolchain arm-none-eabi/13.2 Rel1/bin/../lib/gcc/arm-none-eabi/13.2.1/thumb/v8-m.main+dp/hard\libg_nano.a(libc_a-stdio.o)
                              C:/Program Files (x86)/Arm GNU Toolchain arm-none-eabi/13.2 Rel1/bin/../lib/gcc/arm-none-eabi/13.2.1/thumb/v8-m.main+dp/hard\libg_nano.a(libc_a-findfp.o) (__sread)
C:/Program Files (x86)/Arm GNU Toolchain arm-none-eabi/13.2 Rel1/bin/../lib/gcc/arm-none-eabi/13.2.1/thumb/v8-m.main+dp/hard\libg_nano.a(libc_a-memset.o)
                              C:/Program Files (x86)/Arm GNU Toolchain arm-none-eabi/13.2 Rel1/bin/../lib/gcc/arm-none-eabi/13.2.1/thumb/v8-m.main+dp/hard/crt0.o (memset)
C:/Program Files (x86)/Arm GNU Toolchain arm-none-eabi/13.2 Rel1/bin/../lib/gcc/arm-none-eabi/13.2.1/thumb/v8-m.main+dp/hard\libg_nano.a(libc_a-closer.o)
                              C:/Program Files (x86)/Arm GNU Toolchain arm-none-eabi/13.2 Rel1/bin/../lib/gcc/arm-none-eabi/13.2.1/thumb/v8-m.main+dp/hard\libg_nano.a(libc_a-stdio.o) (_close_r)
C:/Program Files (x86)/Arm GNU Toolchain arm-none-eabi/13.2 Rel1/bin/../lib/gcc/arm-none-eabi/13.2.1/thumb/v8-m.main+dp/hard\libg_nano.a(libc_a-reent.o)
                              C:/Program Files (x86)/Arm GNU Toolchain arm-none-eabi/13.2 Rel1/bin/../lib/gcc/arm-none-eabi/13.2.1/thumb/v8-m.main+dp/hard\libg_nano.a(libc_a-closer.o) (errno)
C:/Program Files (x86)/Arm GNU Toolchain arm-none-eabi/13.2 Rel1/bin/../lib/gcc/arm-none-eabi/13.2.1/thumb/v8-m.main+dp/hard\libg_nano.a(libc_a-impure.o)
                              C:/Program Files (x86)/Arm GNU Toolchain arm-none-eabi/13.2 Rel1/bin/../lib/gcc/arm-none-eabi/13.2.1/thumb/v8-m.main+dp/hard\libg_nano.a(libc_a-snprintf.o) (_impure_ptr)
C:/Program Files (x86)/Arm GNU Toolchain arm-none-eabi/13.2 Rel1/bin/../lib/gcc/arm-none-eabi/13.2.1/thumb/v8-m.main+dp/hard\libg_nano.a(libc_a-lseekr.o)
                              C:/Program Files (x86)/Arm GNU Toolchain arm-none-eabi/13.2 Rel1/bin/../lib/gcc/arm-none-eabi/13.2.1/thumb/v8-m.main+dp/hard\libg_nano.a(libc_a-stdio.o) (_lseek_r)
C:/Program Files (x86)/Arm GNU Toolchain arm-none-eabi/13.2 Rel1/bin/../lib/gcc/arm-none-eabi/13.2.1/thumb/v8-m.main+dp/hard\libg_nano.a(libc_a-readr.o)
                              C:/Program Files (x86)/Arm GNU Toolchain arm-none-eabi/13.2 Rel1/bin/../lib/gcc/arm-none-eabi/13.2.1/thumb/v8-m.main+dp/hard\libg_nano.a(libc_a-stdio.o) (_read_r)
C:/Program Files (x86)/Arm GNU Toolchain arm-none-eabi/13.2 Rel1/bin/../lib/gcc/arm-none-eabi/13.2.1/thumb/v8-m.main+dp/hard\libg_nano.a(libc_a-writer.o)
[...]
Memory Configuration

Name             Origin             Length             Attributes
RAM              0x22000000         0x000e0000         xrw
FLASH            0x02000000         0x001f8000         xr
DATA_FLASH       0x27000000         0x00003000         xr
SDRAM            0x68000000         0x08000000         xrw
OSPI0_CS0        0x80000000         0x10000000         xrw
OSPI0_CS1        0x90000000         0x10000000         xr
OPTION_SETTING_OFS0 0x0300a100         0x00000004         r
OPTION_SETTING_OFS2 0x0300a104         0x00000004         r
OPTION_SETTING_DUALSEL 0x0300a110         0x00000004         r
OPTION_SETTING_OFS1 0x1300a180         0x00000004         r
OPTION_SETTING_BANKSEL 0x1300a190         0x00000004         r
OPTION_SETTING_BPS 0x1300a1c0         0x00000010         r
OPTION_SETTING_PBPS 0x1300a1e0         0x00000010         r
OPTION_SETTING_OFS1_SEC 0x0300a200         0x00000004         r
OPTION_SETTING_BANKSEL_SEC 0x0300a210         0x00000004         r
OPTION_SETTING_BPS_SEC 0x0300a240         0x00000010         r
OPTION_SETTING_PBPS_SEC 0x0300a260         0x00000010         r
OPTION_SETTING_OFS1_SEL 0x0300a280         0x00000004         r
OPTION_SETTING_BANKSEL_SEL 0x0300a290         0x00000004         r
OPTION_SETTING_BPS_SEL 0x0300a2c0         0x00000010         r
OPTION_SETTING_DATA_FLASH_FSBLCTRL0 0x27030080         0x00000004         r
OPTION_SETTING_DATA_FLASH_FSBLCTRL1 0x27030084         0x00000004         r
OPTION_SETTING_DATA_FLASH_FSBLCTRL2 0x27030088         0x00000004         r
OPTION_SETTING_DATA_FLASH_SACC0 0x2703008c         0x00000004         r
OPTION_SETTING_DATA_FLASH_SACC1 0x27030090         0x00000004         r
OPTION_SETTING_DATA_FLASH_SAMR 0x27030094         0x00000004         r
ITCM             0x00000000         0x00010000         xrw
DTCM             0x20000000         0x00010000         xrw
*default*        0x00000000         0xffffffff

Linker script and memory map

LOAD C:/Program Files (x86)/Arm GNU Toolchain arm-none-eabi/13.2 Rel1/bin/../lib/gcc/arm-none-eabi/13.2.1/thumb/v8-m.main+dp/hard/crti.o
LOAD C:/Program Files (x86)/Arm GNU Toolchain arm-none-eabi/13.2 Rel1/bin/../lib/gcc/arm-none-eabi/13.2.1/thumb/v8-m.main+dp/hard/crtbegin.o
LOAD C:/Program Files (x86)/Arm GNU Toolchain arm-none-eabi/13.2 Rel1/bin/../lib/gcc/arm-none-eabi/13.2.1/thumb/v8-m.main+dp/hard/crt0.o
START GROUP
LOAD ./src/ina226/ina226.o
LOAD ./src/bms/bms_data.o
LOAD ./src/can_task_entry.o
LOAD ./src/hal_warmstart.o
LOAD ./src/new_thread0_entry.o
LOAD ./src/sensor_task_entry.o
LOAD ./src/uart_task_entry.o
LOAD ./ra_gen/common_data.o
LOAD ./ra_gen/hal_data.o
LOAD ./ra_gen/main.o
LOAD ./ra_gen/new_thread0.o
LOAD ./ra_gen/pin_data.o
LOAD ./ra_gen/vector_data.o
LOAD ./ra/fsp/src/rm_freertos_port/port.o
LOAD ./ra/fsp/src/r_sci_b_uart/r_sci_b_uart.o
LOAD ./ra/fsp/src/r_ioport/r_ioport.o
LOAD ./ra/fsp/src/r_iic_master/r_iic_master.o
LOAD ./ra/fsp/src/r_canfd/r_canfd.o
LOAD ./ra/fsp/src/bsp/mcu/ra8m1/bsp_linker.o
LOAD ./ra/fsp/src/bsp/mcu/all/bsp_clocks.o
LOAD ./ra/fsp/src/bsp/mcu/all/bsp_common.o
LOAD ./ra/fsp/src/bsp/mcu/all/bsp_delay.o
LOAD ./ra/fsp/src/bsp/mcu/all/bsp_group_irq.o
LOAD ./ra/fsp/src/bsp/mcu/all/bsp_guard.o
LOAD ./ra/fsp/src/bsp/mcu/all/bsp_io.o
LOAD ./ra/fsp/src/bsp/mcu/all/bsp_ipc.o
LOAD ./ra/fsp/src/bsp/mcu/all/bsp_irq.o
LOAD ./ra/fsp/src/bsp/mcu/all/bsp_macl.o
LOAD ./ra/fsp/src/bsp/mcu/all/bsp_register_protection.o
LOAD ./ra/fsp/src/bsp/mcu/all/bsp_sbrk.o
LOAD ./ra/fsp/src/bsp/mcu/all/bsp_sdram.o
LOAD ./ra/fsp/src/bsp/mcu/all/bsp_security.o
LOAD ./ra/fsp/src/bsp/cmsis/Device/RENESAS/Source/startup.o
LOAD ./ra/fsp/src/bsp/cmsis/Device/RENESAS/Source/system.o
LOAD ./ra/board/ra8m1_ek/board_init.o
LOAD ./ra/board/ra8m1_ek/board_leds.o
LOAD ./ra/aws/FreeRTOS/FreeRTOS/Source/event_groups.o
LOAD ./ra/aws/FreeRTOS/FreeRTOS/Source/list.o
LOAD ./ra/aws/FreeRTOS/FreeRTOS/Source/queue.o
LOAD ./ra/aws/FreeRTOS/FreeRTOS/Source/stream_buffer.o
LOAD ./ra/aws/FreeRTOS/FreeRTOS/Source/tasks.o
LOAD ./ra/aws/FreeRTOS/FreeRTOS/Source/timers.o
END GROUP
START GROUP
LOAD C:/Program Files (x86)/Arm GNU Toolchain arm-none-eabi/13.2 Rel1/bin/../lib/gcc/arm-none-eabi/13.2.1/thumb/v8-m.main+dp/hard\libgcc.a
LOAD C:/Program Files (x86)/Arm GNU Toolchain arm-none-eabi/13.2 Rel1/bin/../lib/gcc/arm-none-eabi/13.2.1/thumb/v8-m.main+dp/hard\libg_nano.a
LOAD C:/Program Files (x86)/Arm GNU Toolchain arm-none-eabi/13.2 Rel1/bin/../lib/gcc/arm-none-eabi/13.2.1/thumb/v8-m.main+dp/hard\libc_nano.a
END GROUP
START GROUP
LOAD C:/Program Files (x86)/Arm GNU Toolchain arm-none-eabi/13.2 Rel1/bin/../lib/gcc/arm-none-eabi/13.2.1/thumb/v8-m.main+dp/hard\libgcc.a
LOAD C:/Program Files (x86)/Arm GNU Toolchain arm-none-eabi/13.2 Rel1/bin/../lib/gcc/arm-none-eabi/13.2.1/thumb/v8-m.main+dp/hard\libc_nano.a
END GROUP
LOAD C:/Program Files (x86)/Arm GNU Toolchain arm-none-eabi/13.2 Rel1/bin/../lib/gcc/arm-none-eabi/13.2.1/thumb/v8-m.main+dp/hard/crtend.o
LOAD C:/Program Files (x86)/Arm GNU Toolchain arm-none-eabi/13.2 Rel1/bin/../lib/gcc/arm-none-eabi/13.2.1/thumb/v8-m.main+dp/hard/crtn.o
                0x22000000                        RAM_START = 0x22000000
                0x000e0000                        RAM_LENGTH = 0xe0000
                0x02000000                        FLASH_START = 0x2000000
                0x001f8000                        FLASH_LENGTH = 0x1f8000
                0x27000000                        DATA_FLASH_START = 0x27000000
                0x00003000                        DATA_FLASH_LENGTH = 0x3000
                0x68000000                        SDRAM_START = 0x68000000
                0x08000000                        SDRAM_LENGTH = 0x8000000
                0x80000000                        OSPI0_CS0_START = 0x80000000
                0x10000000                        OSPI0_CS0_LENGTH = 0x10000000
                0x90000000                        OSPI0_CS1_START = 0x90000000
                0x10000000                        OSPI0_CS1_LENGTH = 0x10000000
                0x0300a100                        OPTION_SETTING_OFS0_START = 0x300a100
                0x00000004                        OPTION_SETTING_OFS0_LENGTH = 0x4
                0x0300a104                        OPTION_SETTING_OFS2_START = 0x300a104
                0x00000004                        OPTION_SETTING_OFS2_LENGTH = 0x4
                0x0300a110                        OPTION_SETTING_DUALSEL_START = 0x300a110
                0x00000004                        OPTION_SETTING_DUALSEL_LENGTH = 0x4
                0x1300a180                        OPTION_SETTING_OFS1_START = 0x1300a180
                0x00000004                        OPTION_SETTING_OFS1_LENGTH = 0x4
                0x1300a190                        OPTION_SETTING_BANKSEL_START = 0x1300a190
                0x00000004                        OPTION_SETTING_BANKSEL_LENGTH = 0x4
                0x1300a1c0                        OPTION_SETTING_BPS_START = 0x1300a1c0
                0x00000010                        OPTION_SETTING_BPS_LENGTH = 0x10
                0x1300a1e0                        OPTION_SETTING_PBPS_START = 0x1300a1e0
                0x00000010                        OPTION_SETTING_PBPS_LENGTH = 0x10
                0x0300a200                        OPTION_SETTING_OFS1_SEC_START = 0x300a200
                0x00000004                        OPTION_SETTING_OFS1_SEC_LENGTH = 0x4
                0x0300a210                        OPTION_SETTING_BANKSEL_SEC_START = 0x300a210
                0x00000004                        OPTION_SETTING_BANKSEL_SEC_LENGTH = 0x4
                0x0300a240                        OPTION_SETTING_BPS_SEC_START = 0x300a240
                0x00000010                        OPTION_SETTING_BPS_SEC_LENGTH = 0x10
                0x0300a260                        OPTION_SETTING_PBPS_SEC_START = 0x300a260
                0x00000010                        OPTION_SETTING_PBPS_SEC_LENGTH = 0x10
                0x0300a280                        OPTION_SETTING_OFS1_SEL_START = 0x300a280
                0x00000004                        OPTION_SETTING_OFS1_SEL_LENGTH = 0x4
                0x0300a290                        OPTION_SETTING_BANKSEL_SEL_START = 0x300a290
                0x00000004                        OPTION_SETTING_BANKSEL_SEL_LENGTH = 0x4
                0x0300a2c0                        OPTION_SETTING_BPS_SEL_START = 0x300a2c0
                0x00000010                        OPTION_SETTING_BPS_SEL_LENGTH = 0x10
                0x27030080                        OPTION_SETTING_DATA_FLASH_FSBLCTRL0_START = 0x27030080
                0x00000004                        OPTION_SETTING_DATA_FLASH_FSBLCTRL0_LENGTH = 0x4
                0x27030084                        OPTION_SETTING_DATA_FLASH_FSBLCTRL1_START = 0x27030084
                0x00000004                        OPTION_SETTING_DATA_FLASH_FSBLCTRL1_LENGTH = 0x4
                0x27030088                        OPTION_SETTING_DATA_FLASH_FSBLCTRL2_START = 0x27030088
                0x00000004                        OPTION_SETTING_DATA_FLASH_FSBLCTRL2_LENGTH = 0x4
                0x2703008c                        OPTION_SETTING_DATA_FLASH_SACC0_START = 0x2703008c
                0x00000004                        OPTION_SETTING_DATA_FLASH_SACC0_LENGTH = 0x4
                0x27030090                        OPTION_SETTING_DATA_FLASH_SACC1_START = 0x27030090
                0x00000004                        OPTION_SETTING_DATA_FLASH_SACC1_LENGTH = 0x4
                0x27030094                        OPTION_SETTING_DATA_FLASH_SAMR_START = 0x27030094
                0x00000004                        OPTION_SETTING_DATA_FLASH_SAMR_LENGTH = 0x4
                0x00000000                        ITCM_START = 0x0
                0x00010000                        ITCM_LENGTH = 0x10000
                0x20000000                        DTCM_START = 0x20000000
                0x00010000                        DTCM_LENGTH = 0x10000
START GROUP
LOAD C:/Program Files (x86)/Arm GNU Toolchain arm-none-eabi/13.2 Rel1/bin/../lib/gcc/arm-none-eabi/13.2.1/thumb/v8-m.main+dp/hard\libgcc.a
LOAD C:/Program Files (x86)/Arm GNU Toolchain arm-none-eabi/13.2 Rel1/bin/../lib/gcc/arm-none-eabi/13.2.1/thumb/v8-m.main+dp/hard\libc.a
LOAD C:/Program Files (x86)/Arm GNU Toolchain arm-none-eabi/13.2 Rel1/bin/../lib/gcc/arm-none-eabi/13.2.1/thumb/v8-m.main+dp/hard\libm.a
END GROUP

.ospi0_cs1.startof
                0x90000000        0x0
                0x90000000                        __ddsc_OSPI0_CS1_START = .

.sdram.startof  0x68000000        0x0
                0x68000000                        __ddsc_SDRAM_START = .

__sdram_from_ospi0_cs1$$
                0x68000000        0x0 load address 0x90000000
                0x68000000                        __sdram_from_ospi0_cs1$$Base = .
                0x90000000                        __sdram_from_ospi0_cs1$$Load = LOADADDR (__sdram_from_ospi0_cs1$$)
 *(.sdram_from_ospi0_cs1)
 *(.sdram_code_from_ospi0_cs1)
                0x68000000                        __sdram_from_ospi0_cs1$$Limit = .

.ospi0_cs0.startof
                0x80000000        0x0
                0x80000000                        __ddsc_OSPI0_CS0_START = .

__ospi0_cs0_from_ospi0_cs1$$
                0x80000000        0x0 load address 0x90000000
                0x80000000                        __ospi0_cs0_from_ospi0_cs1$$Base = .
                0x90000000                        __ospi0_cs0_from_ospi0_cs1$$Load = LOADADDR (__ospi0_cs0_from_ospi0_cs1$$)
 *(.ospi0_cs0_from_ospi0_cs1)
 *(.ospi0_cs0_code_from_ospi0_cs1)
                0x80000000                        __ospi0_cs0_from_ospi0_cs1$$Limit = .

.itcm.startof   0x00000000        0x0
                0x00000000                        __ddsc_ITCM_START = .

__itcm_from_ospi0_cs1$$
                0x00000000        0x0 load address 0x90000000
                0x00000000                        __itcm_from_ospi0_cs1$$Base = .
                0x90000000                        __itcm_from_ospi0_cs1$$Load = LOADADDR (__itcm_from_ospi0_cs1$$)
 *(.itcm_from_ospi0_cs1)
 *(.itcm_code_from_ospi0_cs1)
                0x00000000                        __itcm_from_ospi0_cs1$$Limit = .

.dtcm.startof   0x20000000        0x0
                0x20000000                        __ddsc_DTCM_START = .

__dtcm_from_ospi0_cs1$$
                0x20000000        0x0 load address 0x90000000
                0x20000000                        __dtcm_from_ospi0_cs1$$Base = .
                0x90000000                        __dtcm_from_ospi0_cs1$$Load = LOADADDR (__dtcm_from_ospi0_cs1$$)
 *(.dtcm_from_ospi0_cs1)
 *(.dtcm_code_from_ospi0_cs1)
                0x20000000                        __dtcm_from_ospi0_cs1$$Limit = .

.ram.startof    0x22000000        0x0
                0x22000000                        __ddsc_RAM_START = .

__ram_dtc_vector$$
                0x22000000        0x0
                0x22000000                        __ram_dtc_vector$$Base = .
 *(.fsp_dtc_vector_table)
                0x22000000                        __ram_dtc_vector$$Limit = .

__ram_from_ospi0_cs1$$
                0x22000000        0x0 load address 0x90000000
                0x22000000                        __ram_from_ospi0_cs1$$Base = .
                0x90000000                        __ram_from_ospi0_cs1$$Load = LOADADDR (__ram_from_ospi0_cs1$$)
 *(.ram_from_ospi0_cs1)
 *(.ram_code_from_ospi0_cs1)
                0x22000000                        __ram_from_ospi0_cs1$$Limit = .

__ospi0_cs1_readonly$$
                0x90000000        0x0
                0x90000000                        __ospi0_cs1_readonly$$Base = .
 *(.ospi0_cs1)
 *(.ospi0_cs1_code)
                0x90000000                        __ospi0_cs1_readonly$$Limit = .

__ospi0_cs1_noinit$$
                0x90000000        0x0
                0x90000000                        __ospi0_cs1_noinit$$Base = .
 *(.ospi0_cs1_noinit)
                0x90000000                        __ospi0_cs1_noinit$$Limit = .

.ospi0_cs1.endof
                0x90000000        0x0
                0x90000000                        __ddsc_OSPI0_CS1_END = .

.data_flash.startof
                0x27000000        0x0
                0x27000000                        __ddsc_DATA_FLASH_START = .

__sdram_from_data_flash$$
                0x68000000        0x0 load address 0x27000000
                0x68000000                        __sdram_from_data_flash$$Base = .
                0x27000000                        __sdram_from_data_flash$$Load = LOADADDR (__sdram_from_data_flash$$)
 *(.sdram_from_data_flash)
 *(.sdram_code_from_data_flash)
                0x68000000                        __sdram_from_data_flash$$Limit = .

__ospi0_cs0_from_data_flash$$
                0x80000000        0x0 load address 0x27000000
                0x80000000                        __ospi0_cs0_from_data_flash$$Base = .
                0x27000000                        __ospi0_cs0_from_data_flash$$Load = LOADADDR (__ospi0_cs0_from_data_flash$$)
 *(.ospi0_cs0_from_data_flash)
 *(.ospi0_cs0_code_from_data_flash)
                0x80000000                        __ospi0_cs0_from_data_flash$$Limit = .

__itcm_from_data_flash$$
                0x00000000        0x0 load address 0x27000000
                0x00000000                        __itcm_from_data_flash$$Base = .
                0x27000000                        __itcm_from_data_flash$$Load = LOADADDR (__itcm_from_data_flash$$)
 *(.itcm_from_data_flash)
 *(.itcm_code_from_data_flash)
                0x00000000                        __itcm_from_data_flash$$Limit = .

__dtcm_from_data_flash$$
                0x20000000        0x0 load address 0x27000000
                0x20000000                        __dtcm_from_data_flash$$Base = .
                0x27000000                        __dtcm_from_data_flash$$Load = LOADADDR (__dtcm_from_data_flash$$)
 *(.dtcm_from_data_flash)
 *(.dtcm_code_from_data_flash)
                0x20000000                        __dtcm_from_data_flash$$Limit = .

__ram_from_data_flash$$
                0x22000000        0x0 load address 0x27000000
                0x22000000                        __ram_from_data_flash$$Base = .
                0x27000000                        __ram_from_data_flash$$Load = LOADADDR (__ram_from_data_flash$$)
 *(.ram_from_data_flash)
 *(.ram_code_from_data_flash)
                0x22000000                        __ram_from_data_flash$$Limit = .

__data_flash_readonly$$
                0x27000000        0x0
                0x27000000                        __data_flash_readonly$$Base = .
 *(.data_flash)
 *(.data_flash_code)
                0x27000000                        __data_flash_readonly$$Limit = .

__data_flash_noinit$$
                0x27000000        0x0
                0x27000000                        __data_flash_noinit$$Base = .
 *(.data_flash_noinit)
                0x27000000                        __data_flash_noinit$$Limit = .

.data_flash.endof
                0x27000000        0x0
                0x27000000                        __ddsc_DATA_FLASH_END = .

.flash.startof  0x02000000        0x0
                0x02000000                        __ddsc_FLASH_START = .

__flash_vectors$$
                0x02000000       0x74
                0x02000000                        __flash_vectors$$Base = .
                0x02000000                        _VECTORS = .
 *(.fixed_vectors)
 .fixed_vectors
                0x02000000       0x40 ./ra/fsp/src/bsp/cmsis/Device/RENESAS/Source/startup.o
                0x02000000                __Vectors
 *(.application_vectors)
 .application_vectors
                0x02000040       0x34 ./ra_gen/vector_data.o
                0x02000040                g_vector_table
                0x02000074                        __flash_vectors$$Limit = .

__flash_noinit$$
                0x02000074        0x0
                0x02000074                        __flash_noinit$$Base = .
 *(.flash_noinit)
                0x02000074                        __flash_noinit$$Limit = .

__sdram_from_flash$$
                0x68000000        0x0 load address 0x02000074
                0x68000000                        __sdram_from_flash$$Base = .
                0x02000074                        __sdram_from_flash$$Load = LOADADDR (__sdram_from_flash$$)
 *(.sdram_from_flash)
 *(.sdram_code_from_flash)
                0x68000000                        __sdram_from_flash$$Limit = .

__sdram_noinit_nocache$$
                0x68000000        0x0 load address 0x02000080
                0x68000000                        __sdram_noinit_nocache$$Base = .
 *(.sdram_noinit_nocache)
                0x68000000                        __sdram_noinit_nocache$$Limit = .

__sdram_zero_nocache$$
                0x68000000        0x0 load address 0x02000074
                0x68000000                        __sdram_zero_nocache$$Base = .
 *(.sdram_nocache)
                0x68000000                        . = ALIGN (0x20)
                0x68000000                        __sdram_zero_nocache$$Limit = .

__sdram_noinit$$
                0x68000000        0x0 load address 0x02000074
                0x68000000                        __sdram_noinit$$Base = .
 *(.sdram_noinit)
                0x68000000                        __sdram_noinit$$Limit = .

__sdram_zero$$  0x68000000        0x0 load address 0x02000074
                0x68000000                        __sdram_zero$$Base = .
 *(.sdram)
                0x68000000                        __sdram_zero$$Limit = .

.sdram.endof    0x68000000        0x0
                0x68000000                        __ddsc_SDRAM_END = .

__ospi0_cs0_from_flash$$
                0x80000000        0x0 load address 0x02000074
                0x80000000                        __ospi0_cs0_from_flash$$Base = .
                0x02000074                        __ospi0_cs0_from_flash$$Load = LOADADDR (__ospi0_cs0_from_flash$$)
 *(.ospi0_cs0_from_flash)
 *(.ospi0_cs0_code_from_flash)
                0x80000000                        __ospi0_cs0_from_flash$$Limit = .

__ospi0_cs0_noinit_nocache$$
                0x80000000        0x0 load address 0x02000080
                0x80000000                        __ospi0_cs0_noinit_nocache$$Base = .
 *(.ospi0_cs0_noinit_nocache)
                0x80000000                        __ospi0_cs0_noinit_nocache$$Limit = .

__ospi0_cs0_zero_nocache$$
                0x80000000        0x0 load address 0x02000074
                0x80000000                        __ospi0_cs0_zero_nocache$$Base = .
 *(.ospi0_cs0_nocache)
                0x80000000                        . = ALIGN (0x20)
                0x80000000                        __ospi0_cs0_zero_nocache$$Limit = .

__ospi0_cs0_noinit$$
                0x80000000        0x0 load address 0x02000074
                0x80000000                        __ospi0_cs0_noinit$$Base = .
 *(.ospi0_cs0_noinit)
                0x80000000                        __ospi0_cs0_noinit$$Limit = .

__ospi0_cs0_zero$$
                0x80000000        0x0 load address 0x02000074
                0x80000000                        __ospi0_cs0_zero$$Base = .
 *(.ospi0_cs0)
                0x80000000                        __ospi0_cs0_zero$$Limit = .

.ospi0_cs0.endof
                0x80000000        0x0
                0x80000000                        __ddsc_OSPI0_CS0_END = .

__itcm_from_flash$$
                0x00000000        0x0 load address 0x02000074
                0x00000000                        __itcm_from_flash$$Base = .
                0x02000074                        __itcm_from_flash$$Load = LOADADDR (__itcm_from_flash$$)
 *(.itcm_from_flash)
 *(.itcm_code_from_flash)
                0x00000000                        __itcm_from_flash$$Limit = .

__itcm_noinit$$
                0x00000000        0x0 load address 0x02000074
                0x00000000                        __itcm_noinit$$Base = .
 *(.itcm_noinit)
                0x00000000                        __itcm_noinit$$Limit = .

__itcm_zero$$   0x00000000        0x0 load address 0x02000074
                0x00000000                        __itcm_zero$$Base = .
 *(.itcm)
                0x00000000                        __itcm_zero$$Limit = .

.itcm.endof     0x00000000        0x0
                0x00000000                        __ddsc_ITCM_END = .

__dtcm_from_flash$$
                0x20000000        0x0 load address 0x02000074
                0x20000000                        __dtcm_from_flash$$Base = .
                0x02000074                        __dtcm_from_flash$$Load = LOADADDR (__dtcm_from_flash$$)
 *(.dtcm_from_flash)
 *(.dtcm_code_from_flash)
                0x20000000                        __dtcm_from_flash$$Limit = .

__dtcm_noinit$$
                0x20000000        0x0 load address 0x02000074
                0x20000000                        __dtcm_noinit$$Base = .
 *(.dtcm_noinit)
                0x20000000                        __dtcm_noinit$$Limit = .

__dtcm_zero$$   0x20000000        0x0 load address 0x02000074
                0x20000000                        __dtcm_zero$$Base = .
 *(.dtcm)
                0x20000000                        __dtcm_zero$$Limit = .

.dtcm.endof     0x20000000        0x0
                0x20000000                        __ddsc_DTCM_END = .

__ram_from_flash$$
                0x22000000       0xd8 load address 0x02000074
                0x22000000                        __ram_from_flash$$Base = .
                0x02000074                        __ram_from_flash$$Load = LOADADDR (__ram_from_flash$$)
 *(.ram_from_flash)
 *(.ram_code_from_flash)
 *(.data*)
 .data.bms_data
                0x22000000       0x24 ./src/bms/bms_data.o
                0x22000000                bms_data
 .data.soc_pct  0x22000024        0x4 ./src/sensor_task_entry.o
 .data.g_canfd0_extended_cfg
                0x22000028       0x20 ./ra_gen/hal_data.o
                0x22000028                g_canfd0_extended_cfg
 .data.g_canfd0_global_cfg
                0x22000048       0x1c ./ra_gen/hal_data.o
                0x22000048                g_canfd0_global_cfg
 .data.g_canfd0_data_timing_cfg
                0x22000064       0x10 ./ra_gen/hal_data.o
                0x22000064                g_canfd0_data_timing_cfg
 .data.g_canfd0_bit_timing_cfg
                0x22000074       0x10 ./ra_gen/hal_data.o
                0x22000074                g_canfd0_bit_timing_cfg
 .data.g_uart0_baud_setting
                0x22000084        0x4 ./ra_gen/hal_data.o
                0x22000084                g_uart0_baud_setting
 .data._impure_ptr
                0x22000088        0x4 C:/Program Files (x86)/Arm GNU Toolchain arm-none-eabi/13.2 Rel1/bin/../lib/gcc/arm-none-eabi/13.2.1/thumb/v8-m.main+dp/hard\libg_nano.a(libc_a-impure.o)
                0x22000088                _impure_ptr
 .data._impure_data
                0x2200008c       0x4c C:/Program Files (x86)/Arm GNU Toolchain arm-none-eabi/13.2 Rel1/bin/../lib/gcc/arm-none-eabi/13.2.1/thumb/v8-m.main+dp/hard\libg_nano.a(libc_a-impure.o)
                0x2200008c                _impure_data
 *(vtable)
                0x220000d8                        __ram_from_flash$$Limit = .

.tm_clone_table
                0x220000d8        0x0 load address 0x0200014c
 .tm_clone_table
                0x220000d8        0x0 C:/Program Files (x86)/Arm GNU Toolchain arm-none-eabi/13.2 Rel1/bin/../lib/gcc/arm-none-eabi/13.2.1/thumb/v8-m.main+dp/hard/crtbegin.o
 .tm_clone_table
                0x220000d8        0x0 C:/Program Files (x86)/Arm GNU Toolchain arm-none-eabi/13.2 Rel1/bin/../lib/gcc/arm-none-eabi/13.2.1/thumb/v8-m.main+dp/hard/crtend.o

.igot.plt       0x220000d8        0x0 load address 0x0200014c
 .igot.plt      0x220000d8        0x0 C:/Program Files (x86)/Arm GNU Toolchain arm-none-eabi/13.2 Rel1/bin/../lib/gcc/arm-none-eabi/13.2.1/thumb/v8-m.main+dp/hard/crtbegin.o

__ram_noinit_nocache$$
                0x220000e0        0x0 load address 0x02000160
                0x220000e0                        __ram_noinit_nocache$$Base = .
 *(.ram_noinit_nocache)
                0x220000e0                        __ram_noinit_nocache$$Limit = .

__ram_zero_nocache$$
                0x220000d8        0x8 load address 0x0200014c
                0x220000d8                        __ram_zero_nocache$$Base = .
 *(.ram_nocache)
                0x220000e0                        . = ALIGN (0x20)
 *fill*         0x220000d8        0x8 
                0x220000e0                        __ram_zero_nocache$$Limit = .

__ram_noinit$$  0x220000e0      0x42c load address 0x0200014c
                0x220000e0                        __ram_noinit$$Base = .
 *(.bss.g_heap)
 *(.bss.g_main_stack)
 .bss.g_main_stack
                0x220000e0      0x400 ./ra/fsp/src/bsp/cmsis/Device/RENESAS/Source/startup.o
                0x220000e0                g_main_stack
 *(.ram_noinit)
 .ram_noinit    0x220004e0       0x2c ./ra/fsp/src/bsp/mcu/all/bsp_clocks.o
 *(.noinit)
                0x2200050c                        __ram_noinit$$Limit = .

__ram_zero$$    0x22000510     0x23dc load address 0x0200014c
                0x22000510                        __ram_zero$$Base = .
 *(.ram)
 *(.bss*)
 .bss.completed.1
                0x22000510        0x1 C:/Program Files (x86)/Arm GNU Toolchain arm-none-eabi/13.2 Rel1/bin/../lib/gcc/arm-none-eabi/13.2.1/thumb/v8-m.main+dp/hard/crtbegin.o
 *fill*         0x22000511        0x3 
 .bss.object.0  0x22000514       0x18 C:/Program Files (x86)/Arm GNU Toolchain arm-none-eabi/13.2 Rel1/bin/../lib/gcc/arm-none-eabi/13.2.1/thumb/v8-m.main+dp/hard/crtbegin.o
 .bss.bms_mutex
                0x2200052c        0x4 ./src/bms/bms_data.o
                0x2200052c                bms_mutex
 .bss.bms_mutex_buffer
                0x22000530       0x48 ./src/bms/bms_data.o
                0x22000530                bms_mutex_buffer
 .bss.canfd_tx_done
                0x22000578        0x1 ./src/can_task_entry.o
 *fill*         0x22000579        0x3 
 .bss.uart_task_handle
                0x2200057c        0x4 ./src/new_thread0_entry.o
                0x2200057c                uart_task_handle
 .bss.uart_tcb  0x22000580       0x68 ./src/new_thread0_entry.o
 .bss.uart_stack
                0x220005e8      0x800 ./src/new_thread0_entry.o
 .bss.can_task_handle
                0x22000de8        0x4 ./src/new_thread0_entry.o
                0x22000de8                can_task_handle
 .bss.can_tcb   0x22000dec       0x68 ./src/new_thread0_entry.o
 *fill*         0x22000e54        0x4 
 .bss.can_stack
                0x22000e58      0x800 ./src/new_thread0_entry.o
 .bss.sensor_task_handle
                0x22001658        0x4 ./src/new_thread0_entry.o
                0x22001658                sensor_task_handle
 .bss.sensor_tcb
                0x2200165c       0x68 ./src/new_thread0_entry.o
 *fill*         0x220016c4        0x4 
 .bss.sensor_stack
                0x220016c8      0x800 ./src/new_thread0_entry.o
 .bss.uart_tx_complete
                0x22001ec8        0x1 ./src/new_thread0_entry.o
                0x22001ec8                uart_tx_complete
 *fill*         0x22001ec9        0x3 
 .bss.g_ioport_ctrl
                0x22001ecc        0x8 ./ra_gen/common_data.o
                0x22001ecc                g_ioport_ctrl
 .bss.g_canfd0_ctrl
                0x22001ed4       0x1c ./ra_gen/hal_data.o
                0x22001ed4                g_canfd0_ctrl
 .bss.g_uart0_ctrl
                0x22001ef0       0x30 ./ra_gen/hal_data.o
                0x22001ef0                g_uart0_ctrl
 .bss.uxTimerTaskStack.3
                0x22001f20      0x200 ./ra_gen/main.o
 .bss.xTimerTaskTCB.2
                0x22002120       0x68 ./ra_gen/main.o
 .bss.uxIdleTaskStack.1
                0x22002188      0x200 ./ra_gen/main.o
 .bss.xIdleTaskTCB.0
                0x22002388       0x68 ./ra_gen/main.o
 .bss.g_fsp_common_initialized_semaphore_memory
                0x220023f0       0x48 ./ra_gen/main.o
                0x220023f0                g_fsp_common_initialized_semaphore_memory
 .bss.g_fsp_common_initialized_semaphore
                0x22002438        0x4 ./ra_gen/main.o
                0x22002438                g_fsp_common_initialized_semaphore
 .bss.g_fsp_common_initialized
                0x2200243c        0x1 ./ra_gen/main.o
                0x2200243c                g_fsp_common_initialized
 *fill*         0x2200243d        0x3 
 .bss.g_fsp_common_thread_count
                0x22002440        0x4 ./ra_gen/main.o
                0x22002440                g_fsp_common_thread_count
 .bss.new_thread0
                0x22002444        0x4 ./ra_gen/new_thread0.o
                0x22002444                new_thread0
 .bss.new_thread0_memory
                0x22002448       0x68 ./ra_gen/new_thread0.o
 .bss.g_mask_level_before_disable
                0x220024b0        0x4 ./ra/fsp/src/rm_freertos_port/port.o
 .bss.uxCriticalNesting
                0x220024b4        0x4 ./ra/fsp/src/rm_freertos_port/port.o
 .bss.gp_ctrl   0x220024b8        0x8 ./ra/fsp/src/r_canfd/r_canfd.o
 .bss.g_bsp_group_irq_sources
                0x220024c0       0x40 ./ra/fsp/src/bsp/mcu/all/bsp_group_irq.o
                0x220024c0                g_bsp_group_irq_sources
 .bss.g_protect_pfswe_counter
                0x22002500        0x4 ./ra/fsp/src/bsp/mcu/all/bsp_io.o
                0x22002500                g_protect_pfswe_counter
 *fill*         0x22002504        0x4 
 .bss.gp_renesas_isr_context
                0x22002508       0x34 ./ra/fsp/src/bsp/mcu/all/bsp_irq.o
                0x22002508                gp_renesas_isr_context
 .bss.g_protect_counters
                0x2200253c        0xa ./ra/fsp/src/bsp/mcu/all/bsp_register_protection.o
                0x2200253c                g_protect_counters
 *fill*         0x22002546        0x2 
 .bss.SystemCoreClock
                0x22002548        0x4 ./ra/fsp/src/bsp/cmsis/Device/RENESAS/Source/system.o
                0x22002548                SystemCoreClock
 *fill*         0x2200254c        0x4 
 .bss.xQueueRegistry
                0x22002550       0x50 ./ra/aws/FreeRTOS/FreeRTOS/Source/queue.o
                0x22002550                xQueueRegistry
 .bss.uxSchedulerSuspended
                0x220025a0        0x4 ./ra/aws/FreeRTOS/FreeRTOS/Source/tasks.o
 .bss.xIdleTaskHandles
                0x220025a4        0x4 ./ra/aws/FreeRTOS/FreeRTOS/Source/tasks.o
 .bss.xNextTaskUnblockTime
                0x220025a8        0x4 ./ra/aws/FreeRTOS/FreeRTOS/Source/tasks.o
 .bss.uxTaskNumber
                0x220025ac        0x4 ./ra/aws/FreeRTOS/FreeRTOS/Source/tasks.o
 .bss.xNumOfOverflows
                0x220025b0        0x4 ./ra/aws/FreeRTOS/FreeRTOS/Source/tasks.o
 .bss.xYieldPendings
                0x220025b4        0x4 ./ra/aws/FreeRTOS/FreeRTOS/Source/tasks.o
 .bss.xPendedTicks
                0x220025b8        0x4 ./ra/aws/FreeRTOS/FreeRTOS/Source/tasks.o
 .bss.xSchedulerRunning
                0x220025bc        0x4 ./ra/aws/FreeRTOS/FreeRTOS/Source/tasks.o
 .bss.uxTopReadyPriority
                0x220025c0        0x4 ./ra/aws/FreeRTOS/FreeRTOS/Source/tasks.o
 .bss.xTickCount
                0x220025c4        0x4 ./ra/aws/FreeRTOS/FreeRTOS/Source/tasks.o
 .bss.uxCurrentNumberOfTasks
                0x220025c8        0x4 ./ra/aws/FreeRTOS/FreeRTOS/Source/tasks.o
 .bss.xSuspendedTaskList
                0x220025cc       0x14 ./ra/aws/FreeRTOS/FreeRTOS/Source/tasks.o
 .bss.uxDeletedTasksWaitingCleanUp
                0x220025e0        0x4 ./ra/aws/FreeRTOS/FreeRTOS/Source/tasks.o
 .bss.xTasksWaitingTermination
                0x220025e4       0x14 ./ra/aws/FreeRTOS/FreeRTOS/Source/tasks.o
 .bss.xPendingReadyList
                0x220025f8       0x14 ./ra/aws/FreeRTOS/FreeRTOS/Source/tasks.o
 .bss.pxOverflowDelayedTaskList
                0x2200260c        0x4 ./ra/aws/FreeRTOS/FreeRTOS/Source/tasks.o
 .bss.pxDelayedTaskList
                0x22002610        0x4 ./ra/aws/FreeRTOS/FreeRTOS/Source/tasks.o
 .bss.xDelayedTaskList2
                0x22002614       0x14 ./ra/aws/FreeRTOS/FreeRTOS/Source/tasks.o
 .bss.xDelayedTaskList1
                0x22002628       0x14 ./ra/aws/FreeRTOS/FreeRTOS/Source/tasks.o
 .bss.pxReadyTasksLists
                0x2200263c       0x64 ./ra/aws/FreeRTOS/FreeRTOS/Source/tasks.o
 .bss.pxCurrentTCB
                0x220026a0        0x4 ./ra/aws/FreeRTOS/FreeRTOS/Source/tasks.o
                0x220026a0                pxCurrentTCB
 .bss.xStaticTimerQueue.14
                0x220026a4       0x48 ./ra/aws/FreeRTOS/FreeRTOS/Source/timers.o
 *fill*         0x220026ec        0x4 
 .bss.ucStaticTimerQueueStorage.15
                0x220026f0       0x78 ./ra/aws/FreeRTOS/FreeRTOS/Source/timers.o
 .bss.xLastTime.17
                0x22002768        0x4 ./ra/aws/FreeRTOS/FreeRTOS/Source/timers.o
 .bss.xTimerTaskHandle
                0x2200276c        0x4 ./ra/aws/FreeRTOS/FreeRTOS/Source/timers.o
 .bss.xTimerQueue
                0x22002770        0x4 ./ra/aws/FreeRTOS/FreeRTOS/Source/timers.o
 .bss.pxOverflowTimerList
                0x22002774        0x4 ./ra/aws/FreeRTOS/FreeRTOS/Source/timers.o
 .bss.pxCurrentTimerList
                0x22002778        0x4 ./ra/aws/FreeRTOS/FreeRTOS/Source/timers.o
 .bss.xActiveTimerList2
                0x2200277c       0x14 ./ra/aws/FreeRTOS/FreeRTOS/Source/timers.o
 .bss.xActiveTimerList1
                0x22002790       0x14 ./ra/aws/FreeRTOS/FreeRTOS/Source/timers.o
 .bss.__sf      0x220027a4      0x138 C:/Program Files (x86)/Arm GNU Toolchain arm-none-eabi/13.2 Rel1/bin/../lib/gcc/arm-none-eabi/13.2.1/thumb/v8-m.main+dp/hard\libg_nano.a(libc_a-findfp.o)
                0x220027a4                __sf
 .bss.errno     0x220028dc        0x4 C:/Program Files (x86)/Arm GNU Toolchain arm-none-eabi/13.2 Rel1/bin/../lib/gcc/arm-none-eabi/13.2.1/thumb/v8-m.main+dp/hard\libg_nano.a(libc_a-reent.o)
                0x220028dc                errno
 .bss.__lock___malloc_recursive_mutex
                0x220028e0        0x1 C:/Program Files (x86)/Arm GNU Toolchain arm-none-eabi/13.2 Rel1/bin/../lib/gcc/arm-none-eabi/13.2.1/thumb/v8-m.main+dp/hard\libg_nano.a(libc_a-lock.o)
                0x220028e0                __lock___malloc_recursive_mutex
 *fill*         0x220028e1        0x3 
 .bss.__malloc_sbrk_start
                0x220028e4        0x4 C:/Program Files (x86)/Arm GNU Toolchain arm-none-eabi/13.2 Rel1/bin/../lib/gcc/arm-none-eabi/13.2.1/thumb/v8-m.main+dp/hard\libg_nano.a(libc_a-mallocr.o)
                0x220028e4                __malloc_sbrk_start
 .bss.__malloc_free_list
                0x220028e8        0x4 C:/Program Files (x86)/Arm GNU Toolchain arm-none-eabi/13.2 Rel1/bin/../lib/gcc/arm-none-eabi/13.2.1/thumb/v8-m.main+dp/hard\libg_nano.a(libc_a-mallocr.o)
                0x220028e8                __malloc_free_list
                0x220028ec                        __ram_zero$$Limit = .

__ram_thread_stack$$
                0x220028f0     0x1000 load address 0x02000150
                0x220028f0                        __ram_thread_stack$$Base = .
 *(.stack?*)
 .stack.new_thread0
                0x220028f0     0x1000 ./ra_gen/new_thread0.o
                0x220038f0                        __ram_thread_stack$$Limit = .

.ram.endof      0x22004000        0x0
                0x22004000                        __ddsc_RAM_END = .

.ram.flat_nsc   0x22004000        0x0
                0x22004000                        __sau_ddsc_RAM_NSC = .

__flash_readonly$$
                0x02000150     0x5c4c
                0x02000150                        __flash_readonly$$Base = .
 *(.flash)
 *(.flash_code)
 *(.text*)
 .text.deregister_tm_clones
                0x02000150       0x1c C:/Program Files (x86)/Arm GNU Toolchain arm-none-eabi/13.2 Rel1/bin/../lib/gcc/arm-none-eabi/13.2.1/thumb/v8-m.main+dp/hard/crtbegin.o
 .text.register_tm_clones
                0x0200016c       0x28 C:/Program Files (x86)/Arm GNU Toolchain arm-none-eabi/13.2 Rel1/bin/../lib/gcc/arm-none-eabi/13.2.1/thumb/v8-m.main+dp/hard/crtbegin.o
 .text.__do_global_dtors_aux
                0x02000194       0x28 C:/Program Files (x86)/Arm GNU Toolchain arm-none-eabi/13.2 Rel1/bin/../lib/gcc/arm-none-eabi/13.2.1/thumb/v8-m.main+dp/hard/crtbegin.o
 .text.frame_dummy
                0x020001bc       0x24 C:/Program Files (x86)/Arm GNU Toolchain arm-none-eabi/13.2 Rel1/bin/../lib/gcc/arm-none-eabi/13.2.1/thumb/v8-m.main+dp/hard/crtbegin.o
 .text.can_send.constprop.0.isra.0
                0x020001e0       0x5c ./src/can_task_entry.o
 .text.canfd0_callback
                0x0200023c       0x3c ./src/can_task_entry.o
                0x0200023c                canfd0_callback
 .text.can_task_entry
                0x02000278      0x338 ./src/can_task_entry.o
                0x02000278                can_task_entry
 .text.R_BSP_WarmStart
                0x020005b0       0x18 ./src/hal_warmstart.o
                0x020005b0                R_BSP_WarmStart
 .text.uart_callback
                0x020005c8       0x14 ./src/new_thread0_entry.o
                0x020005c8                uart_callback
 .text.vApplicationStackOverflowHook
                0x020005dc        0x4 ./src/new_thread0_entry.o
                0x020005dc                vApplicationStackOverflowHook
 .text.new_thread0_entry
                0x020005e0      0x18c ./src/new_thread0_entry.o
                0x020005e0                new_thread0_entry
 .text.sensor_task_entry
                0x0200076c       0xb8 ./src/sensor_task_entry.o
                0x0200076c                sensor_task_entry
 .text.uart_task_entry
                0x02000824       0xd8 ./src/uart_task_entry.o
                0x02000824                uart_task_entry
 .text.g_common_init
                0x020008fc        0x4 ./ra_gen/common_data.o
                0x020008fc                g_common_init
 .text.g_hal_init
                0x02000900        0x4 ./ra_gen/hal_data.o
                0x02000900                g_hal_init
 .text.rtos_startup_err_callback_internal
                0x02000904        0x4 ./ra_gen/main.o
                0x02000904                rtos_startup_err_callback
                0x02000904                rtos_startup_err_callback_internal
 .text.rtos_startup_common_init
                0x02000908       0x68 ./ra_gen/main.o
                0x02000908                rtos_startup_common_init
 .text.startup.main
                0x02000970       0x44 ./ra_gen/main.o
                0x02000970                main
 .text.vApplicationGetIdleTaskMemory
                0x020009b4       0x1c ./ra_gen/main.o
                0x020009b4                vApplicationGetIdleTaskMemory
 .text.vApplicationGetTimerTaskMemory
                0x020009d0       0x1c ./ra_gen/main.o
                0x020009d0                vApplicationGetTimerTaskMemory
 .text.new_thread0_func
                0x020009ec       0x14 ./ra_gen/new_thread0.o
 .text.new_thread0_create
                0x02000a00       0x58 ./ra_gen/new_thread0.o
                0x02000a00                new_thread0_create
 .text.prvTaskExitError
                0x02000a58        0x4 ./ra/fsp/src/rm_freertos_port/port.o
 .text.SVC_Handler
                0x02000a5c       0x18 ./ra/fsp/src/rm_freertos_port/port.o
                0x02000a5c                SVC_Handler
 .text.PendSV_Handler
                0x02000a74       0x44 ./ra/fsp/src/rm_freertos_port/port.o
                0x02000a74                PendSV_Handler
 .text.rm_freertos_port_restore_task_stackless
                0x02000ab8       0x24 ./ra/fsp/src/rm_freertos_port/port.o
                0x02000ab8                rm_freertos_port_restore_task_stackless
 .text.SysTick_Handler
                0x02000adc       0x24 ./ra/fsp/src/rm_freertos_port/port.o
                0x02000adc                SysTick_Handler
 .text.vPortSVCHandler_C
                0x02000b00       0x34 ./ra/fsp/src/rm_freertos_port/port.o
                0x02000b00                vPortSVCHandler_C
 .text.pxPortInitialiseStack
                0x02000b34       0x2c ./ra/fsp/src/rm_freertos_port/port.o
                0x02000b34                pxPortInitialiseStack
 .text.vPortEnterCritical
                0x02000b60       0x50 ./ra/fsp/src/rm_freertos_port/port.o
                0x02000b60                vPortEnterCritical
 .text.vPortExitCritical
                0x02000bb0       0x3c ./ra/fsp/src/rm_freertos_port/port.o
                0x02000bb0                vPortExitCritical
 .text.vApplicationIdleHook
                0x02000bec       0x3c ./ra/fsp/src/rm_freertos_port/port.o
                0x02000bec                vApplicationIdleHook
 .text.vPortSetupTimerInterrupt
                0x02000c28       0x44 ./ra/fsp/src/rm_freertos_port/port.o
                0x02000c28                vPortSetupTimerInterrupt
 .text.xPortStartScheduler
                0x02000c6c       0x3c ./ra/fsp/src/rm_freertos_port/port.o
                0x02000c6c                xPortStartScheduler
 .text.R_SCI_B_UART_Write
                0x02000ca8       0x40 ./ra/fsp/src/r_sci_b_uart/r_sci_b_uart.o
                0x02000ca8                R_SCI_B_UART_Write
 .text.r_sci_b_irq_cfg
                0x02000ce8       0x70 ./ra/fsp/src/r_sci_b_uart/r_sci_b_uart.o
 .text.r_sci_b_uart_call_callback
                0x02000d58       0x44 ./ra/fsp/src/r_sci_b_uart/r_sci_b_uart.o
 .text.R_SCI_B_UART_Open
                0x02000d9c      0x284 ./ra/fsp/src/r_sci_b_uart/r_sci_b_uart.o
                0x02000d9c                R_SCI_B_UART_Open
 .text.sci_b_uart_txi_isr
                0x02001020       0x90 ./ra/fsp/src/r_sci_b_uart/r_sci_b_uart.o
                0x02001020                sci_b_uart_txi_isr
 .text.sci_b_uart_rxi_isr
                0x020010b0       0x90 ./ra/fsp/src/r_sci_b_uart/r_sci_b_uart.o
                0x020010b0                sci_b_uart_rxi_isr
 .text.sci_b_uart_tei_isr
                0x02001140       0x4c ./ra/fsp/src/r_sci_b_uart/r_sci_b_uart.o
                0x02001140                sci_b_uart_tei_isr
 .text.sci_b_uart_eri_isr
                0x0200118c       0x84 ./ra/fsp/src/r_sci_b_uart/r_sci_b_uart.o
                0x0200118c                sci_b_uart_eri_isr
 .text.bsp_vbatt_init
                0x02001210       0xec ./ra/fsp/src/r_ioport/r_ioport.o
 .text.r_ioport_pins_config
                0x020012fc       0xac ./ra/fsp/src/r_ioport/r_ioport.o
 .text.R_IOPORT_Open
                0x020013a8       0x14 ./ra/fsp/src/r_ioport/r_ioport.o
                0x020013a8                R_IOPORT_Open
 .text.iic_master_notify
                0x020013bc       0x3c ./ra/fsp/src/r_iic_master/r_iic_master.o
 .text.iic_master_open_hw_master
                0x020013f8      0x238 ./ra/fsp/src/r_iic_master/r_iic_master.o
 .text.iic_master_rxi_isr
                0x02001630      0x194 ./ra/fsp/src/r_iic_master/r_iic_master.o
                0x02001630                iic_master_rxi_isr
 .text.iic_master_txi_isr
                0x020017c4      0x124 ./ra/fsp/src/r_iic_master/r_iic_master.o
                0x020017c4                iic_master_txi_isr
 .text.iic_master_tei_isr
                0x020018e8       0xe4 ./ra/fsp/src/r_iic_master/r_iic_master.o
                0x020018e8                iic_master_tei_isr
 .text.iic_master_eri_isr
                0x020019cc      0x140 ./ra/fsp/src/r_iic_master/r_iic_master.o
                0x020019cc                iic_master_eri_isr
 .text.r_canfd_mb_read
                0x02001b0c       0xac ./ra/fsp/src/r_canfd/r_canfd.o
 .text.r_canfd_call_callback
                0x02001bb8       0x3c ./ra/fsp/src/r_canfd/r_canfd.o
 .text.r_canfd_mode_transition
                0x02001bf4       0xdc ./ra/fsp/src/r_canfd/r_canfd.o
 .text.R_CANFD_Close
                0x02001cd0       0xf0 ./ra/fsp/src/r_canfd/r_canfd.o
                0x02001cd0                R_CANFD_Close
 .text.R_CANFD_Write
                0x02001dc0      0x108 ./ra/fsp/src/r_canfd/r_canfd.o
                0x02001dc0                R_CANFD_Write
 .text.R_CANFD_Open
                0x02001ec8      0x340 ./ra/fsp/src/r_canfd/r_canfd.o
                0x02001ec8                R_CANFD_Open
 .text.canfd_error_isr
                0x02002208       0xd4 ./ra/fsp/src/r_canfd/r_canfd.o
                0x02002208                canfd_error_isr
 .text.canfd_rx_fifo_isr
                0x020022dc       0xb4 ./ra/fsp/src/r_canfd/r_canfd.o
                0x020022dc                canfd_rx_fifo_isr
 .text.canfd_channel_tx_isr
                0x02002390       0xd8 ./ra/fsp/src/r_canfd/r_canfd.o
                0x02002390                canfd_channel_tx_isr
 .text.canfd_common_fifo_rx_isr
                0x02002468       0x88 ./ra/fsp/src/r_canfd/r_canfd.o
                0x02002468                canfd_common_fifo_rx_isr
 .text.SystemCoreClockUpdate
                0x020024f0       0x8c ./ra/fsp/src/bsp/mcu/all/bsp_clocks.o
                0x020024f0                SystemCoreClockUpdate
 .text.R_BSP_SubClockStabilizeWaitAfterReset
                0x0200257c        0x4 ./ra/fsp/src/bsp/mcu/all/bsp_clocks.o
                0x0200257c                R_BSP_SubClockStabilizeWaitAfterReset
 .text.bsp_clock_init
                0x02002580      0x208 ./ra/fsp/src/bsp/mcu/all/bsp_clocks.o
                0x02002580                bsp_clock_init
 .text.R_BSP_Init_RTC
                0x02002788       0xb0 ./ra/fsp/src/bsp/mcu/all/bsp_clocks.o
                0x02002788                R_BSP_Init_RTC
 .text.__assert_func
                0x02002838        0x4 ./ra/fsp/src/bsp/mcu/all/bsp_common.o
                0x02002838                __assert_func
 *fill*         0x0200283c        0x4 
 .text.bsp_prv_software_delay_loop
                0x02002840        0xc ./ra/fsp/src/bsp/mcu/all/bsp_delay.o
                0x02002840                bsp_prv_software_delay_loop
 .text.R_BSP_SoftwareDelay
                0x0200284c       0x88 ./ra/fsp/src/bsp/mcu/all/bsp_delay.o
                0x0200284c                R_BSP_SoftwareDelay
 .text.NMI_Handler
                0x020028d4       0x44 ./ra/fsp/src/bsp/mcu/all/bsp_group_irq.o
                0x020028d4                NMI_Handler
 .text.bsp_irq_cfg
                0x02002918       0x2c ./ra/fsp/src/bsp/mcu/all/bsp_irq.o
                0x02002918                bsp_irq_cfg
 .text.R_BSP_RegisterProtectEnable
                0x02002944       0x60 ./ra/fsp/src/bsp/mcu/all/bsp_register_protection.o
                0x02002944                R_BSP_RegisterProtectEnable
 .text.R_BSP_RegisterProtectDisable
                0x020029a4       0x54 ./ra/fsp/src/bsp/mcu/all/bsp_register_protection.o
                0x020029a4                R_BSP_RegisterProtectDisable
 .text._sbrk    0x020029f8       0x14 ./ra/fsp/src/bsp/mcu/all/bsp_sbrk.o
                0x020029f8                _sbrk
 .text.Default_Handler
                0x02002a0c        0x4 ./ra/fsp/src/bsp/cmsis/Device/RENESAS/Source/startup.o
                0x02002a0c                HardFault_Handler
                0x02002a0c                UsageFault_Handler
                0x02002a0c                SecureFault_Handler
                0x02002a0c                Default_Handler
                0x02002a0c                MemManage_Handler
                0x02002a0c                BusFault_Handler
                0x02002a0c                DebugMon_Handler
 .text.Reset_Handler
                0x02002a10        0xc ./ra/fsp/src/bsp/cmsis/Device/RENESAS/Source/startup.o
                0x02002a10                Reset_Handler
 .text.SystemRuntimeInit
                0x02002a1c       0x64 ./ra/fsp/src/bsp/cmsis/Device/RENESAS/Source/system.o
 .text.SystemInit
                0x02002a80      0x1a0 ./ra/fsp/src/bsp/cmsis/Device/RENESAS/Source/system.o
                0x02002a80                SystemInit
 .text.bsp_init
                0x02002c20        0x4 ./ra/board/ra8m1_ek/board_init.o
                0x02002c20                bsp_init
 .text.vListInitialise
                0x02002c24       0x18 ./ra/aws/FreeRTOS/FreeRTOS/Source/list.o
                0x02002c24                vListInitialise
 .text.vListInitialiseItem
                0x02002c3c        0x8 ./ra/aws/FreeRTOS/FreeRTOS/Source/list.o
                0x02002c3c                vListInitialiseItem
 .text.vListInsert
                0x02002c44       0x30 ./ra/aws/FreeRTOS/FreeRTOS/Source/list.o
                0x02002c44                vListInsert
 .text.uxListRemove
                0x02002c74       0x24 ./ra/aws/FreeRTOS/FreeRTOS/Source/list.o
                0x02002c74                uxListRemove
 .text.prvCopyDataToQueue
                0x02002c98       0x7c ./ra/aws/FreeRTOS/FreeRTOS/Source/queue.o
 .text.prvUnlockQueue
                0x02002d14       0x8c ./ra/aws/FreeRTOS/FreeRTOS/Source/queue.o
 .text.xQueueGenericReset
                0x02002da0       0xbc ./ra/aws/FreeRTOS/FreeRTOS/Source/queue.o
                0x02002da0                xQueueGenericReset
 .text.xQueueGenericCreateStatic
                0x02002e5c       0x80 ./ra/aws/FreeRTOS/FreeRTOS/Source/queue.o
                0x02002e5c                xQueueGenericCreateStatic
 .text.xQueueCreateCountingSemaphoreStatic
                0x02002edc       0x78 ./ra/aws/FreeRTOS/FreeRTOS/Source/queue.o
                0x02002edc                xQueueCreateCountingSemaphoreStatic
 .text.xQueueGenericSend
                0x02002f54      0x198 ./ra/aws/FreeRTOS/FreeRTOS/Source/queue.o
                0x02002f54                xQueueGenericSend
 .text.xQueueCreateMutexStatic
                0x020030ec       0x9c ./ra/aws/FreeRTOS/FreeRTOS/Source/queue.o
                0x020030ec                xQueueCreateMutexStatic
 .text.xQueueReceive
                0x02003188      0x178 ./ra/aws/FreeRTOS/FreeRTOS/Source/queue.o
                0x02003188                xQueueReceive
 .text.xQueueSemaphoreTake
                0x02003300      0x1a8 ./ra/aws/FreeRTOS/FreeRTOS/Source/queue.o
                0x02003300                xQueueSemaphoreTake
 .text.vQueueAddToRegistry
                0x020034a8       0x6c ./ra/aws/FreeRTOS/FreeRTOS/Source/queue.o
                0x020034a8                vQueueAddToRegistry
 .text.vQueueWaitForMessageRestricted
                0x02003514       0x50 ./ra/aws/FreeRTOS/FreeRTOS/Source/queue.o
                0x02003514                vQueueWaitForMessageRestricted
 .text.prvAddCurrentTaskToDelayedList
                0x02003564       0xb8 ./ra/aws/FreeRTOS/FreeRTOS/Source/tasks.o
 .text.prvIdleTask
                0x0200361c       0x64 ./ra/aws/FreeRTOS/FreeRTOS/Source/tasks.o
 .text.xTaskIncrementTick.part.0
                0x02003680      0x19c ./ra/aws/FreeRTOS/FreeRTOS/Source/tasks.o
 .text.xTaskCreateStatic
                0x0200381c      0x220 ./ra/aws/FreeRTOS/FreeRTOS/Source/tasks.o
                0x0200381c                xTaskCreateStatic
 .text.vTaskStartScheduler
                0x02003a3c       0x9c ./ra/aws/FreeRTOS/FreeRTOS/Source/tasks.o
                0x02003a3c                vTaskStartScheduler
 .text.vTaskSuspendAll
                0x02003ad8       0x10 ./ra/aws/FreeRTOS/FreeRTOS/Source/tasks.o
                0x02003ad8                vTaskSuspendAll
 .text.xTaskResumeAll
                0x02003ae8      0x1c0 ./ra/aws/FreeRTOS/FreeRTOS/Source/tasks.o
                0x02003ae8                xTaskResumeAll
 .text.xTaskDelayUntil
                0x02003ca8       0xac ./ra/aws/FreeRTOS/FreeRTOS/Source/tasks.o
                0x02003ca8                xTaskDelayUntil
 .text.vTaskDelay
                0x02003d54       0x54 ./ra/aws/FreeRTOS/FreeRTOS/Source/tasks.o
                0x02003d54                vTaskDelay
 .text.xTaskGetTickCount
                0x02003da8        0xc ./ra/aws/FreeRTOS/FreeRTOS/Source/tasks.o
                0x02003da8                xTaskGetTickCount
 .text.xTaskIncrementTick
                0x02003db4       0x20 ./ra/aws/FreeRTOS/FreeRTOS/Source/tasks.o
                0x02003db4                xTaskIncrementTick
 .text.vTaskSwitchContext
                0x02003dd4       0xb0 ./ra/aws/FreeRTOS/FreeRTOS/Source/tasks.o
                0x02003dd4                vTaskSwitchContext
 .text.vTaskPlaceOnEventList
                0x02003e84       0x3c ./ra/aws/FreeRTOS/FreeRTOS/Source/tasks.o
                0x02003e84                vTaskPlaceOnEventList
 .text.vTaskPlaceOnEventListRestricted
                0x02003ec0       0x64 ./ra/aws/FreeRTOS/FreeRTOS/Source/tasks.o
                0x02003ec0                vTaskPlaceOnEventListRestricted
 .text.xTaskRemoveFromEventList
                0x02003f24       0xf4 ./ra/aws/FreeRTOS/FreeRTOS/Source/tasks.o
                0x02003f24                xTaskRemoveFromEventList
 .text.vTaskInternalSetTimeOutState
                0x02004018       0x18 ./ra/aws/FreeRTOS/FreeRTOS/Source/tasks.o
                0x02004018                vTaskInternalSetTimeOutState
 .text.xTaskCheckForTimeOut
                0x02004030       0x90 ./ra/aws/FreeRTOS/FreeRTOS/Source/tasks.o
                0x02004030                xTaskCheckForTimeOut
 .text.vTaskMissedYield
                0x020040c0        0xc ./ra/aws/FreeRTOS/FreeRTOS/Source/tasks.o
                0x020040c0                vTaskMissedYield
 .text.xTaskGetSchedulerState
                0x020040cc       0x20 ./ra/aws/FreeRTOS/FreeRTOS/Source/tasks.o
                0x020040cc                xTaskGetSchedulerState
 .text.xTaskPriorityInherit
                0x020040ec       0x9c ./ra/aws/FreeRTOS/FreeRTOS/Source/tasks.o
                0x020040ec                xTaskPriorityInherit
 .text.xTaskPriorityDisinherit
                0x02004188       0xac ./ra/aws/FreeRTOS/FreeRTOS/Source/tasks.o
                0x02004188                xTaskPriorityDisinherit
 .text.vTaskPriorityDisinheritAfterTimeout
                0x02004234       0xc0 ./ra/aws/FreeRTOS/FreeRTOS/Source/tasks.o
                0x02004234                vTaskPriorityDisinheritAfterTimeout
 .text.pvTaskIncrementMutexHeldCount
                0x020042f4       0x14 ./ra/aws/FreeRTOS/FreeRTOS/Source/tasks.o
                0x020042f4                pvTaskIncrementMutexHeldCount
 .text.prvCheckForValidListAndQueue
                0x02004308       0x74 ./ra/aws/FreeRTOS/FreeRTOS/Source/timers.o
 .text.prvProcessExpiredTimer
                0x0200437c       0x90 ./ra/aws/FreeRTOS/FreeRTOS/Source/timers.o
 .text.prvTimerTask
                0x0200440c      0x24c ./ra/aws/FreeRTOS/FreeRTOS/Source/timers.o
 .text.xTimerCreateTimerTask
                0x02004658       0x6c ./ra/aws/FreeRTOS/FreeRTOS/Source/timers.o
                0x02004658                xTimerCreateTimerTask
 .text.snprintf
                0x020046c4       0x68 C:/Program Files (x86)/Arm GNU Toolchain arm-none-eabi/13.2 Rel1/bin/../lib/gcc/arm-none-eabi/13.2.1/thumb/v8-m.main+dp/hard\libg_nano.a(libc_a-snprintf.o)
                0x020046c4                sniprintf
                0x020046c4                snprintf
 .text.memset   0x0200472c       0x10 C:/Program Files (x86)/Arm GNU Toolchain arm-none-eabi/13.2 Rel1/bin/../lib/gcc/arm-none-eabi/13.2.1/thumb/v8-m.main+dp/hard\libg_nano.a(libc_a-memset.o)
                0x0200472c                memset
 .text.__errno  0x0200473c        0xc C:/Program Files (x86)/Arm GNU Toolchain arm-none-eabi/13.2 Rel1/bin/../lib/gcc/arm-none-eabi/13.2.1/thumb/v8-m.main+dp/hard\libg_nano.a(libc_a-errno.o)
                0x0200473c                __errno
 .text.__retarget_lock_acquire_recursive
                0x02004748        0x2 C:/Program Files (x86)/Arm GNU Toolchain arm-none-eabi/13.2 Rel1/bin/../lib/gcc/arm-none-eabi/13.2.1/thumb/v8-m.main+dp/hard\libg_nano.a(libc_a-lock.o)
                0x02004748                __retarget_lock_acquire_recursive
 .text.__retarget_lock_release_recursive
                0x0200474a        0x2 C:/Program Files (x86)/Arm GNU Toolchain arm-none-eabi/13.2 Rel1/bin/../lib/gcc/arm-none-eabi/13.2.1/thumb/v8-m.main+dp/hard\libg_nano.a(libc_a-lock.o)
                0x0200474a                __retarget_lock_release_recursive
 .text.memcpy   0x0200474c       0x1a C:/Program Files (x86)/Arm GNU Toolchain arm-none-eabi/13.2 Rel1/bin/../lib/gcc/arm-none-eabi/13.2.1/thumb/v8-m.main+dp/hard\libg_nano.a(libc_a-memcpy-stub.o)
                0x0200474c                memcpy
 .text          0x02004766       0x10 C:/Program Files (x86)/Arm GNU Toolchain arm-none-eabi/13.2 Rel1/bin/../lib/gcc/arm-none-eabi/13.2.1/thumb/v8-m.main+dp/hard\libg_nano.a(libc_a-strlen.o)
                0x02004766                strlen
 *fill*         0x02004776        0x2 
 .text._free_r  0x02004778       0x94 C:/Program Files (x86)/Arm GNU Toolchain arm-none-eabi/13.2 Rel1/bin/../lib/gcc/arm-none-eabi/13.2.1/thumb/v8-m.main+dp/hard\libg_nano.a(libc_a-freer.o)
                0x02004778                _free_r
 .text.sbrk_aligned
                0x0200480c       0x44 C:/Program Files (x86)/Arm GNU Toolchain arm-none-eabi/13.2 Rel1/bin/../lib/gcc/arm-none-eabi/13.2.1/thumb/v8-m.main+dp/hard\libg_nano.a(libc_a-mallocr.o)
 .text._malloc_r
                0x02004850      0x100 C:/Program Files (x86)/Arm GNU Toolchain arm-none-eabi/13.2 Rel1/bin/../lib/gcc/arm-none-eabi/13.2.1/thumb/v8-m.main+dp/hard\libg_nano.a(libc_a-mallocr.o)
                0x02004850                _malloc_r
 .text.__malloc_lock
                0x02004950        0xc C:/Program Files (x86)/Arm GNU Toolchain arm-none-eabi/13.2 Rel1/bin/../lib/gcc/arm-none-eabi/13.2.1/thumb/v8-m.main+dp/hard\libg_nano.a(libc_a-mlock.o)
                0x02004950                __malloc_lock
 .text.__malloc_unlock
                0x0200495c        0xc C:/Program Files (x86)/Arm GNU Toolchain arm-none-eabi/13.2 Rel1/bin/../lib/gcc/arm-none-eabi/13.2.1/thumb/v8-m.main+dp/hard\libg_nano.a(libc_a-mlock.o)
                0x0200495c                __malloc_unlock
 .text.__ssputs_r
                0x02004968       0xb6 C:/Program Files (x86)/Arm GNU Toolchain arm-none-eabi/13.2 Rel1/bin/../lib/gcc/arm-none-eabi/13.2.1/thumb/v8-m.main+dp/hard\libg_nano.a(libc_a-nano-svfprintf.o)
                0x02004968                __ssputs_r
 *fill*         0x02004a1e        0x2 
 .text._svfprintf_r
                0x02004a20      0x1f8 C:/Program Files (x86)/Arm GNU Toolchain arm-none-eabi/13.2 Rel1/bin/../lib/gcc/arm-none-eabi/13.2.1/thumb/v8-m.main+dp/hard\libg_nano.a(libc_a-nano-svfprintf.o)
                0x02004a20                _svfiprintf_r
                0x02004a20                _svfprintf_r
 .text._printf_common
                0x02004c18       0xe4 C:/Program Files (x86)/Arm GNU Toolchain arm-none-eabi/13.2 Rel1/bin/../lib/gcc/arm-none-eabi/13.2.1/thumb/v8-m.main+dp/hard\libg_nano.a(libc_a-nano-vfprintf_i.o)
                0x02004c18                _printf_common
 .text._printf_i
                0x02004cfc      0x23c C:/Program Files (x86)/Arm GNU Toolchain arm-none-eabi/13.2 Rel1/bin/../lib/gcc/arm-none-eabi/13.2.1/thumb/v8-m.main+dp/hard\libg_nano.a(libc_a-nano-vfprintf_i.o)
                0x02004cfc                _printf_i
 .text.memmove  0x02004f38       0x34 C:/Program Files (x86)/Arm GNU Toolchain arm-none-eabi/13.2 Rel1/bin/../lib/gcc/arm-none-eabi/13.2.1/thumb/v8-m.main+dp/hard\libg_nano.a(libc_a-memmove.o)
                0x02004f38                memmove
 .text._sbrk_r  0x02004f6c       0x20 C:/Program Files (x86)/Arm GNU Toolchain arm-none-eabi/13.2 Rel1/bin/../lib/gcc/arm-none-eabi/13.2.1/thumb/v8-m.main+dp/hard\libg_nano.a(libc_a-sbrkr.o)
                0x02004f6c                _sbrk_r
 .text.memchr   0x02004f8c       0x1c C:/Program Files (x86)/Arm GNU Toolchain arm-none-eabi/13.2 Rel1/bin/../lib/gcc/arm-none-eabi/13.2.1/thumb/v8-m.main+dp/hard\libg_nano.a(libc_a-memchr-stub.o)
                0x02004f8c                memchr
 .text._realloc_r
                0x02004fa8       0x5c C:/Program Files (x86)/Arm GNU Toolchain arm-none-eabi/13.2 Rel1/bin/../lib/gcc/arm-none-eabi/13.2.1/thumb/v8-m.main+dp/hard\libg_nano.a(libc_a-reallocr.o)
                0x02004fa8                _realloc_r
 .text._malloc_usable_size_r
                0x02005004       0x10 C:/Program Files (x86)/Arm GNU Toolchain arm-none-eabi/13.2 Rel1/bin/../lib/gcc/arm-none-eabi/13.2.1/thumb/v8-m.main+dp/hard\libg_nano.a(libc_a-msizer.o)
                0x02005004                _malloc_usable_size_r
 *(.rodata*)
 .rodata.p_canfd0_afl
                0x02005014       0x10 ./src/can_task_entry.o
                0x02005014                p_canfd0_afl
 .rodata.new_thread0_entry.str1.4
                0x02005024      0x648 ./src/new_thread0_entry.o
                                 0x5e (size before relaxing)
 .rodata.__func__.0
                0x0200566c       0x12 ./src/new_thread0_entry.o
 .rodata.uart_task_entry.str1.4
                0x0200567e       0x29 ./src/uart_task_entry.o
 *fill*         0x0200567e        0x2 
 .rodata.g_canfd0_cfg
                0x02005680       0x18 ./ra_gen/hal_data.o
                0x02005680                g_canfd0_cfg
 .rodata.g_uart0_cfg
                0x02005698       0x20 ./ra_gen/hal_data.o
                0x02005698                g_uart0_cfg
 .rodata.g_uart0_cfg_extend
                0x020056b8       0x14 ./ra_gen/hal_data.o
                0x020056b8                g_uart0_cfg_extend
 .rodata.new_thread0_create.str1.4
                0x020056cc        0xb ./ra_gen/new_thread0.o
 .rodata.new_thread0_parameters
                0x020056cc        0x4 ./ra_gen/new_thread0.o
                0x020056cc                new_thread0_parameters
 .rodata.g_bsp_pin_cfg
                0x020056d0        0xc ./ra_gen/pin_data.o
                0x020056d0                g_bsp_pin_cfg
 .rodata.g_bsp_pin_cfg_data
                0x020056dc      0x228 ./ra_gen/pin_data.o
                0x020056dc                g_bsp_pin_cfg_data
 *fill*         0x02005904        0x4 
 .rodata.g_interrupt_event_link_select
                0x02005908       0x1a ./ra_gen/vector_data.o
                0x02005908                g_interrupt_event_link_select
 .rodata.vPortSVCHandler_C.str1.4
                0x02005922       0x3a ./ra/fsp/src/rm_freertos_port/port.o
 .rodata.vPortEnterCritical.str1.4
                0x02005922       0x46 ./ra/fsp/src/rm_freertos_port/port.o
 .rodata.vPortExitCritical.str1.4
                0x02005922       0x12 ./ra/fsp/src/rm_freertos_port/port.o
 *fill*         0x02005922        0x2 
 .rodata.__func__.1
                0x02005924       0x12 ./ra/fsp/src/rm_freertos_port/port.o
 *fill*         0x02005936        0x2 
 .rodata.__func__.2
                0x02005938       0x13 ./ra/fsp/src/rm_freertos_port/port.o
 *fill*         0x0200594b        0x1 
 .rodata.__func__.3
                0x0200594c       0x12 ./ra/fsp/src/rm_freertos_port/port.o
 *fill*         0x0200595e        0x2 
 .rodata.g_vbatt_pins_input
                0x02005960        0x6 ./ra/fsp/src/r_ioport/r_ioport.o
 *fill*         0x02005966        0x2 
 .rodata.dlc_to_bytes
                0x02005968       0x10 ./ra/fsp/src/r_canfd/r_canfd.o
 .rodata.g_init_info
                0x02005978       0x18 ./ra/fsp/src/bsp/mcu/ra8m1/bsp_linker.o
                0x02005978                g_init_info
 .rodata.nocache_list
                0x02005990       0x18 ./ra/fsp/src/bsp/mcu/ra8m1/bsp_linker.o
 .rodata.copy_list
                0x020059a8       0xf0 ./ra/fsp/src/bsp/mcu/ra8m1/bsp_linker.o
 .rodata.zero_list
                0x02005a98       0x60 ./ra/fsp/src/bsp/mcu/ra8m1/bsp_linker.o
 .rodata.g_prcr_masks
                0x02005af8        0xa ./ra/fsp/src/bsp/mcu/all/bsp_register_protection.o
 .rodata.vQueueUnregisterQueue.part.0.str1.4
                0x02005b02       0x33 ./ra/aws/FreeRTOS/FreeRTOS/Source/queue.o
 .rodata.xQueueGenericReset.str1.4
                0x02005b02       0x2c ./ra/aws/FreeRTOS/FreeRTOS/Source/queue.o
 .rodata.xQueueGenericCreateStatic.str1.4
                0x02005b02       0x37 ./ra/aws/FreeRTOS/FreeRTOS/Source/queue.o
 .rodata.xQueueCreateCountingSemaphoreStatic.str1.4
                0x02005b02        0x8 ./ra/aws/FreeRTOS/FreeRTOS/Source/queue.o
 .rodata.xQueueGenericSend.str1.4
                0x02005b02       0xfb ./ra/aws/FreeRTOS/FreeRTOS/Source/queue.o
 .rodata.xQueueGiveFromISR.str1.4
                0x02005b02       0x7d ./ra/aws/FreeRTOS/FreeRTOS/Source/queue.o
 .rodata.xQueueReceive.str1.4
                0x02005b02       0x66 ./ra/aws/FreeRTOS/FreeRTOS/Source/queue.o
 *fill*         0x02005b02        0x2 
 .rodata.__func__.2
                0x02005b04       0x14 ./ra/aws/FreeRTOS/FreeRTOS/Source/queue.o
 .rodata.__func__.12
                0x02005b18       0x14 ./ra/aws/FreeRTOS/FreeRTOS/Source/queue.o
 .rodata.__func__.13
                0x02005b2c        0xe ./ra/aws/FreeRTOS/FreeRTOS/Source/queue.o
 *fill*         0x02005b3a        0x2 
 .rodata.__func__.16
                0x02005b3c       0x12 ./ra/aws/FreeRTOS/FreeRTOS/Source/queue.o
 *fill*         0x02005b4e        0x2 
 .rodata.__func__.17
                0x02005b50       0x24 ./ra/aws/FreeRTOS/FreeRTOS/Source/queue.o
 .rodata.__func__.19
                0x02005b74       0x1a ./ra/aws/FreeRTOS/FreeRTOS/Source/queue.o
 *fill*         0x02005b8e        0x2 
 .rodata.__func__.20
                0x02005b90       0x13 ./ra/aws/FreeRTOS/FreeRTOS/Source/queue.o
 .rodata.prvTaskIsTaskSuspended.part.0.str1.4
                0x02005ba3       0x33 ./ra/aws/FreeRTOS/FreeRTOS/Source/tasks.o
 .rodata.xTaskIncrementTick.part.0.str1.4
                0x02005ba3       0x76 ./ra/aws/FreeRTOS/FreeRTOS/Source/tasks.o
 .rodata.xTaskCreateStatic.str1.4
                0x02005ba3       0x69 ./ra/aws/FreeRTOS/FreeRTOS/Source/tasks.o
 .rodata.vTaskStartScheduler.str1.4
                0x02005ba3       0x12 ./ra/aws/FreeRTOS/FreeRTOS/Source/tasks.o
 .rodata.xTaskResumeAll.str1.4
                0x02005ba3       0x1b ./ra/aws/FreeRTOS/FreeRTOS/Source/tasks.o
 .rodata.xTaskDelayUntil.str1.4
                0x02005ba3       0x47 ./ra/aws/FreeRTOS/FreeRTOS/Source/tasks.o
 .rodata.vTaskSwitchContext.str1.4
                0x02005ba3        0xe ./ra/aws/FreeRTOS/FreeRTOS/Source/tasks.o
 .rodata.vTaskPlaceOnEventList.str1.4
                0x02005ba3        0xc ./ra/aws/FreeRTOS/FreeRTOS/Source/tasks.o
 .rodata.xTaskRemoveFromEventList.str1.4
                0x02005ba3        0xf ./ra/aws/FreeRTOS/FreeRTOS/Source/tasks.o
 .rodata.vTaskSetTimeOutState.str1.4
                0x02005ba3        0xa ./ra/aws/FreeRTOS/FreeRTOS/Source/tasks.o
 .rodata.xTaskCheckForTimeOut.str1.4
                0x02005ba3        0xe ./ra/aws/FreeRTOS/FreeRTOS/Source/tasks.o
 .rodata.xTaskPriorityDisinherit.str1.4
                0x02005ba3       0x2d ./ra/aws/FreeRTOS/FreeRTOS/Source/tasks.o
 .rodata.vTaskPriorityDisinheritAfterTimeout.str1.4
                0x02005ba3       0x16 ./ra/aws/FreeRTOS/FreeRTOS/Source/tasks.o
 *fill*         0x02005ba3        0x1 
 .rodata.__func__.7
                0x02005ba4       0x24 ./ra/aws/FreeRTOS/FreeRTOS/Source/tasks.o
 .rodata.__func__.8
                0x02005bc8       0x18 ./ra/aws/FreeRTOS/FreeRTOS/Source/tasks.o
 .rodata.__func__.10
                0x02005be0       0x15 ./ra/aws/FreeRTOS/FreeRTOS/Source/tasks.o
 *fill*         0x02005bf5        0x3 
 .rodata.__func__.13
                0x02005bf8       0x19 ./ra/aws/FreeRTOS/FreeRTOS/Source/tasks.o
 *fill*         0x02005c11        0x3 
 .rodata.__func__.14
                0x02005c14       0x20 ./ra/aws/FreeRTOS/FreeRTOS/Source/tasks.o
 .rodata.__func__.16
                0x02005c34       0x16 ./ra/aws/FreeRTOS/FreeRTOS/Source/tasks.o
 *fill*         0x02005c4a        0x2 
 .rodata.__func__.17
                0x02005c4c       0x13 ./ra/aws/FreeRTOS/FreeRTOS/Source/tasks.o
 *fill*         0x02005c5f        0x1 
 .rodata.__func__.18
                0x02005c60       0x13 ./ra/aws/FreeRTOS/FreeRTOS/Source/tasks.o
 *fill*         0x02005c73        0x1 
 .rodata.__func__.22
                0x02005c74        0xf ./ra/aws/FreeRTOS/FreeRTOS/Source/tasks.o
 *fill*         0x02005c83        0x1 
 .rodata.__func__.23
                0x02005c84       0x14 ./ra/aws/FreeRTOS/FreeRTOS/Source/tasks.o
 .rodata.__func__.29
                0x02005c98        0xb ./ra/aws/FreeRTOS/FreeRTOS/Source/tasks.o
 *fill*         0x02005ca3        0x1 
 .rodata.__func__.30
                0x02005ca4       0x10 ./ra/aws/FreeRTOS/FreeRTOS/Source/tasks.o
 .rodata.__func__.32
                0x02005cb4       0x15 ./ra/aws/FreeRTOS/FreeRTOS/Source/tasks.o
 *fill*         0x02005cc9        0x3 
 .rodata.__func__.33
                0x02005ccc       0x14 ./ra/aws/FreeRTOS/FreeRTOS/Source/tasks.o
 .rodata.uxTopUsedPriority
                0x02005ce0        0x4 ./ra/aws/FreeRTOS/FreeRTOS/Source/tasks.o
 .rodata.prvCheckForValidListAndQueue.str1.4
                0x02005ce4        0x5 ./ra/aws/FreeRTOS/FreeRTOS/Source/timers.o
 .rodata.xTimerGetReloadMode.part.0.str1.4
                0x02005ce4       0x34 ./ra/aws/FreeRTOS/FreeRTOS/Source/timers.o
 .rodata.prvTimerTask.str1.4
                0x02005ce4       0x25 ./ra/aws/FreeRTOS/FreeRTOS/Source/timers.o
 .rodata.xTimerCreateTimerTask.str1.4
                0x02005ce4       0x10 ./ra/aws/FreeRTOS/FreeRTOS/Source/timers.o
 .rodata.__func__.16
                0x02005ce4       0x1b ./ra/aws/FreeRTOS/FreeRTOS/Source/timers.o
 *fill*         0x02005cff        0x1 
 .rodata.__func__.18
                0x02005d00       0x16 ./ra/aws/FreeRTOS/FreeRTOS/Source/timers.o
 .rodata._svfprintf_r.str1.1
                0x02005d16       0x33 C:/Program Files (x86)/Arm GNU Toolchain arm-none-eabi/13.2 Rel1/bin/../lib/gcc/arm-none-eabi/13.2.1/thumb/v8-m.main+dp/hard\libg_nano.a(libc_a-nano-svfprintf.o)
                                 0x11 (size before relaxing)
 .rodata._printf_i.str1.1
                0x02005d49       0x22 C:/Program Files (x86)/Arm GNU Toolchain arm-none-eabi/13.2 Rel1/bin/../lib/gcc/arm-none-eabi/13.2.1/thumb/v8-m.main+dp/hard\libg_nano.a(libc_a-nano-vfprintf_i.o)
 *(.mcuboot_sce9_key)
 *(.version)
 *fill*         0x02005d49        0x3 
 .version       0x02005d4c       0x50 ./ra/fsp/src/bsp/mcu/all/bsp_common.o
                0x02005d9c                        __flash_readonly$$Limit = .

.glue_7         0x02005d9c        0x0
 .glue_7        0x02005d9c        0x0 linker stubs

.glue_7t        0x02005d9c        0x0
 .glue_7t       0x02005d9c        0x0 linker stubs

.vfp11_veneer   0x02005d9c        0x0
 .vfp11_veneer  0x02005d9c        0x0 linker stubs

.v4_bx          0x02005d9c        0x0
 .v4_bx         0x02005d9c        0x0 linker stubs

.init           0x02005d9c        0x4
 .init          0x02005d9c        0x4 C:/Program Files (x86)/Arm GNU Toolchain arm-none-eabi/13.2 Rel1/bin/../lib/gcc/arm-none-eabi/13.2.1/thumb/v8-m.main+dp/hard/crti.o
                0x02005d9c                _init

.fini           0x02005da0        0x4
 .fini          0x02005da0        0x4 C:/Program Files (x86)/Arm GNU Toolchain arm-none-eabi/13.2 Rel1/bin/../lib/gcc/arm-none-eabi/13.2.1/thumb/v8-m.main+dp/hard/crti.o
                0x02005da0                _fini

.iplt           0x02005da4        0x0
 .iplt          0x02005da4        0x0 C:/Program Files (x86)/Arm GNU Toolchain arm-none-eabi/13.2 Rel1/bin/../lib/gcc/arm-none-eabi/13.2.1/thumb/v8-m.main+dp/hard/crtbegin.o

__flash_ctor$$
 *crtbegin.o(.ctors)
 *crtbegin?.o(.ctors)
 EXCLUDE_FILE(*crtend.o *crtend?.o) *(.ctors)
 *(SORT_BY_NAME(.ctors.*))
 *(.ctors)
 *crtbegin.o(.dtors)
 *crtbegin?.o(.dtors)
 EXCLUDE_FILE(*crtend.o *crtend?.o) *(.dtors)
 *(SORT_BY_NAME(.dtors.*))
 *(.dtors)

__flash_preinit_array$$
                0x02005da4        0x0
                0x02005da4                        __preinit_array_start = .
 *(.preinit_array)
                0x02005da4                        __preinit_array_end = .

__flash_.got$$
 *(.got.plt)
 *(.got)

__flash_init_array$$
                0x02005da4        0x4
                0x02005da4                        __init_array_start = .
 *(SORT_BY_NAME(.init_array.*))
 *(.init_array)
 .init_array    0x02005da4        0x4 C:/Program Files (x86)/Arm GNU Toolchain arm-none-eabi/13.2 Rel1/bin/../lib/gcc/arm-none-eabi/13.2.1/thumb/v8-m.main+dp/hard/crtbegin.o
                0x02005da8                        __init_array_end = .

__flash_fini_array$$
                0x02005da8        0x4
                0x02005da8                        __fini_array_start = .
 *(SORT_BY_NAME(.fini_array.*))
 *(.fini_array)
 .fini_array    0x02005da8        0x4 C:/Program Files (x86)/Arm GNU Toolchain arm-none-eabi/13.2 Rel1/bin/../lib/gcc/arm-none-eabi/13.2.1/thumb/v8-m.main+dp/hard/crtbegin.o
                0x02005dac                        __fini_array_end = .

__flash_arm.extab$$
 *(.ARM.extab*)
 *(.gnu.linkonce.armextab.*)

__flash_arm.exidx$$
                0x02005dac        0x8
                0x02005dac                        __exidx_start = .
 *(.ARM.exidx*)
 .ARM.exidx     0x02005dac        0x8 C:/Program Files (x86)/Arm GNU Toolchain arm-none-eabi/13.2 Rel1/bin/../lib/gcc/arm-none-eabi/13.2.1/thumb/v8-m.main+dp/hard\libg_nano.a(libc_a-strlen.o)
 *(.gnu.linkonce.armexidx.*)
                0x02005db4                        __exidx_end = .

.flash.endof    0x02008000        0x0
                0x02008000                        __ddsc_FLASH_END = .

.flash.flat_nsc
                0x02008000        0x0
                0x02008000                        __sau_ddsc_FLASH_NSC = .

.option_setting_ofs0.startof
                0x0300a100        0x0
                0x0300a100                        __ddsc_OPTION_SETTING_OFS0_START = .

__option_setting_ofs0_reg$$
                0x0300a100        0x4
                0x0300a100                        __option_setting_ofs0_reg$$Base = .
 *(.option_setting_ofs0)
 .option_setting_ofs0
                0x0300a100        0x4 ./ra/fsp/src/bsp/mcu/ra8m1/bsp_linker.o
                0x0300a104                        __option_setting_ofs0_reg$$Limit = .

.option_setting_ofs0.endof
                0x0300a104        0x0
                0x0300a104                        __ddsc_OPTION_SETTING_OFS0_END = .

.option_setting_ofs2.startof
                0x0300a104        0x0
                0x0300a104                        __ddsc_OPTION_SETTING_OFS2_START = .

__option_setting_ofs2_reg$$
                0x0300a104        0x4
                0x0300a104                        __option_setting_ofs2_reg$$Base = .
 *(.option_setting_ofs2)
 .option_setting_ofs2
                0x0300a104        0x4 ./ra/fsp/src/bsp/mcu/ra8m1/bsp_linker.o
                0x0300a108                        __option_setting_ofs2_reg$$Limit = .

.option_setting_ofs2.endof
                0x0300a108        0x0
                0x0300a108                        __ddsc_OPTION_SETTING_OFS2_END = .

.option_setting_dualsel.startof
                0x0300a110        0x0
                0x0300a110                        __ddsc_OPTION_SETTING_DUALSEL_START = .

__option_setting_dualsel_reg$$
                0x0300a110        0x0
                0x0300a110                        __option_setting_dualsel_reg$$Base = .
 *(.option_setting_dualsel)
                0x0300a110                        __option_setting_dualsel_reg$$Limit = .

.option_setting_dualsel.endof
                0x0300a110        0x0
                0x0300a110                        __ddsc_OPTION_SETTING_DUALSEL_END = .

.option_setting_ofs1.startof
                0x1300a180        0x0
                0x1300a180                        __ddsc_OPTION_SETTING_OFS1_START = .

__option_setting_ofs1_reg$$
                0x1300a180        0x0
                0x1300a180                        __option_setting_ofs1_reg$$Base = .
 *(.option_setting_ofs1)
                0x1300a180                        __option_setting_ofs1_reg$$Limit = .

.option_setting_ofs1.endof
                0x1300a180        0x0
                0x1300a180                        __ddsc_OPTION_SETTING_OFS1_END = .

.option_setting_banksel.startof
                0x1300a190        0x0
                0x1300a190                        __ddsc_OPTION_SETTING_BANKSEL_START = .

__option_setting_banksel_reg$$
                0x1300a190        0x0
                0x1300a190                        __option_setting_banksel_reg$$Base = .
 *(.option_setting_banksel)
                0x1300a190                        __option_setting_banksel_reg$$Limit = .

.option_setting_banksel.endof
                0x1300a190        0x0
                0x1300a190                        __ddsc_OPTION_SETTING_BANKSEL_END = .

.option_setting_bps.startof
                0x1300a1c0        0x0
                0x1300a1c0                        __ddsc_OPTION_SETTING_BPS_START = .

__option_setting_bps_reg$$
                0x1300a1c0        0x0
                0x1300a1c0                        __option_setting_bps_reg$$Base = .
 *(.option_setting_bps)
                0x1300a1c0                        __option_setting_bps_reg$$Limit = .

.option_setting_bps.endof
                0x1300a1c0        0x0
                0x1300a1c0                        __ddsc_OPTION_SETTING_BPS_END = .

.option_setting_pbps.startof
                0x1300a1e0        0x0
                0x1300a1e0                        __ddsc_OPTION_SETTING_PBPS_START = .

__option_setting_pbps_reg$$
                0x1300a1e0        0x0
                0x1300a1e0                        __option_setting_pbps_reg$$Base = .
 *(.option_setting_pbps)
                0x1300a1e0                        __option_setting_pbps_reg$$Limit = .

.option_setting_pbps.endof
                0x1300a1e0        0x0
                0x1300a1e0                        __ddsc_OPTION_SETTING_PBPS_END = .

.option_setting_ofs1_sec.startof
                0x0300a200        0x0
                0x0300a200                        __ddsc_OPTION_SETTING_OFS1_SEC_START = .

__option_setting_ofs1_sec_reg$$
                0x0300a200        0x4
                0x0300a200                        __option_setting_ofs1_sec_reg$$Base = .
 *(.option_setting_ofs1_sec)
 .option_setting_ofs1_sec
                0x0300a200        0x4 ./ra/fsp/src/bsp/mcu/ra8m1/bsp_linker.o
                0x0300a204                        __option_setting_ofs1_sec_reg$$Limit = .

.option_setting_ofs1_sec.endof
                0x0300a204        0x0
                0x0300a204                        __ddsc_OPTION_SETTING_OFS1_SEC_END = .

.option_setting_banksel_sec.startof
                0x0300a210        0x0
                0x0300a210                        __ddsc_OPTION_SETTING_BANKSEL_SEC_START = .

__option_setting_banksel_sec_reg$$
                0x0300a210        0x0
                0x0300a210                        __option_setting_banksel_sec_reg$$Base = .
 *(.option_setting_banksel_sec)
                0x0300a210                        __option_setting_banksel_sec_reg$$Limit = .

.option_setting_banksel_sec.endof
                0x0300a210        0x0
                0x0300a210                        __ddsc_OPTION_SETTING_BANKSEL_SEC_END = .

.option_setting_bps_sec.startof
                0x0300a240        0x0
                0x0300a240                        __ddsc_OPTION_SETTING_BPS_SEC_START = .

__option_setting_bps_sec_reg$$
                0x0300a240        0x0
                0x0300a240                        __option_setting_bps_sec_reg$$Base = .
 *(.option_setting_bps_sec)
                0x0300a240                        __option_setting_bps_sec_reg$$Limit = .

.option_setting_bps_sec.endof
                0x0300a240        0x0
                0x0300a240                        __ddsc_OPTION_SETTING_BPS_SEC_END = .

.option_setting_pbps_sec.startof
                0x0300a260        0x0
                0x0300a260                        __ddsc_OPTION_SETTING_PBPS_SEC_START = .

__option_setting_pbps_sec_reg$$
                0x0300a260        0x0
                0x0300a260                        __option_setting_pbps_sec_reg$$Base = .
 *(.option_setting_pbps_sec)
                0x0300a260                        __option_setting_pbps_sec_reg$$Limit = .

.option_setting_pbps_sec.endof
                0x0300a260        0x0
                0x0300a260                        __ddsc_OPTION_SETTING_PBPS_SEC_END = .

.option_setting_ofs1_sel.startof
                0x0300a280        0x0
                0x0300a280                        __ddsc_OPTION_SETTING_OFS1_SEL_START = .

__option_setting_ofs1_sel_reg$$
                0x0300a280        0x4
                0x0300a280                        __option_setting_ofs1_sel_reg$$Base = .
 *(.option_setting_ofs1_sel)
 .option_setting_ofs1_sel
                0x0300a280        0x4 ./ra/fsp/src/bsp/mcu/ra8m1/bsp_linker.o
                0x0300a284                        __option_setting_ofs1_sel_reg$$Limit = .

.eh_frame       0x0300a284        0x0
 .eh_frame      0x0300a284        0x0 C:/Program Files (x86)/Arm GNU Toolchain arm-none-eabi/13.2 Rel1/bin/../lib/gcc/arm-none-eabi/13.2.1/thumb/v8-m.main+dp/hard/crtbegin.o

.rel.dyn        0x0300a284        0x0
 .rel.iplt      0x0300a284        0x0 C:/Program Files (x86)/Arm GNU Toolchain arm-none-eabi/13.2 Rel1/bin/../lib/gcc/arm-none-eabi/13.2.1/thumb/v8-m.main+dp/hard/crtbegin.o

.option_setting_ofs1_sel.endof
                0x0300a284        0x0
                0x0300a284                        __ddsc_OPTION_SETTING_OFS1_SEL_END = .

.option_setting_banksel_sel.startof
                0x0300a290        0x0
                0x0300a290                        __ddsc_OPTION_SETTING_BANKSEL_SEL_START = .

__option_setting_banksel_sel_reg$$
                0x0300a290        0x0
                0x0300a290                        __option_setting_banksel_sel_reg$$Base = .
 *(.option_setting_banksel_sel)
                0x0300a290                        __option_setting_banksel_sel_reg$$Limit = .

.option_setting_banksel_sel.endof
                0x0300a290        0x0
                0x0300a290                        __ddsc_OPTION_SETTING_BANKSEL_SEL_END = .

.option_setting_bps_sel.startof
                0x0300a2c0        0x0
                0x0300a2c0                        __ddsc_OPTION_SETTING_BPS_SEL_START = .

__option_setting_bps_sel_reg$$
                0x0300a2c0        0x0
                0x0300a2c0                        __option_setting_bps_sel_reg$$Base = .
 *(.option_setting_bps_sel)
                0x0300a2c0                        __option_setting_bps_sel_reg$$Limit = .

.option_setting_bps_sel.endof
                0x0300a2c0        0x0
                0x0300a2c0                        __ddsc_OPTION_SETTING_BPS_SEL_END = .

.option_setting_data_flash_fsblctrl0.startof
                0x27030080        0x0
                0x27030080                        __ddsc_OPTION_SETTING_DATA_FLASH_FSBLCTRL0_START = .

__option_setting_data_flash_fsblctrl0_reg$$
                0x27030080        0x0
                0x27030080                        __option_setting_data_flash_fsblctrl0_reg$$Base = .
 *(.option_setting_data_flash_fsblctrl0)
                0x27030080                        __option_setting_data_flash_fsblctrl0_reg$$Limit = .

.option_setting_data_flash_fsblctrl0.endof
                0x27030080        0x0
                0x27030080                        __ddsc_OPTION_SETTING_DATA_FLASH_FSBLCTRL0_END = .

.option_setting_data_flash_fsblctrl1.startof
                0x27030084        0x0
                0x27030084                        __ddsc_OPTION_SETTING_DATA_FLASH_FSBLCTRL1_START = .

__option_setting_data_flash_fsblctrl1_reg$$
                0x27030084        0x0
                0x27030084                        __option_setting_data_flash_fsblctrl1_reg$$Base = .
 *(.option_setting_data_flash_fsblctrl1)
                0x27030084                        __option_setting_data_flash_fsblctrl1_reg$$Limit = .

.option_setting_data_flash_fsblctrl1.endof
                0x27030084        0x0
                0x27030084                        __ddsc_OPTION_SETTING_DATA_FLASH_FSBLCTRL1_END = .

.option_setting_data_flash_fsblctrl2.startof
                0x27030088        0x0
                0x27030088                        __ddsc_OPTION_SETTING_DATA_FLASH_FSBLCTRL2_START = .

__option_setting_data_flash_fsblctrl2_reg$$
                0x27030088        0x0
                0x27030088                        __option_setting_data_flash_fsblctrl2_reg$$Base = .
 *(.option_setting_data_flash_fsblctrl2)
                0x27030088                        __option_setting_data_flash_fsblctrl2_reg$$Limit = .

.option_setting_data_flash_fsblctrl2.endof
                0x27030088        0x0
                0x27030088                        __ddsc_OPTION_SETTING_DATA_FLASH_FSBLCTRL2_END = .

.option_setting_data_flash_sacc0.startof
                0x2703008c        0x0
                0x2703008c                        __ddsc_OPTION_SETTING_DATA_FLASH_SACC0_START = .

__option_setting_data_flash_sacc0_reg$$
                0x2703008c        0x0
                0x2703008c                        __option_setting_data_flash_sacc0_reg$$Base = .
 *(.option_setting_data_flash_sacc0)
                0x2703008c                        __option_setting_data_flash_sacc0_reg$$Limit = .

.option_setting_data_flash_sacc0.endof
                0x2703008c        0x0
                0x2703008c                        __ddsc_OPTION_SETTING_DATA_FLASH_SACC0_END = .

.option_setting_data_flash_sacc1.startof
                0x27030090        0x0
                0x27030090                        __ddsc_OPTION_SETTING_DATA_FLASH_SACC1_START = .

__option_setting_data_flash_sacc1_reg$$
                0x27030090        0x0
                0x27030090                        __option_setting_data_flash_sacc1_reg$$Base = .
 *(.option_setting_data_flash_sacc1)
                0x27030090                        __option_setting_data_flash_sacc1_reg$$Limit = .

.option_setting_data_flash_sacc1.endof
                0x27030090        0x0
                0x27030090                        __ddsc_OPTION_SETTING_DATA_FLASH_SACC1_END = .

.option_setting_data_flash_samr.startof
                0x27030094        0x0
                0x27030094                        __ddsc_OPTION_SETTING_DATA_FLASH_SAMR_START = .

__option_setting_data_flash_samr_reg$$
                0x27030094        0x0
                0x27030094                        __option_setting_data_flash_samr_reg$$Base = .
 *(.option_setting_data_flash_samr)
                0x27030094                        __option_setting_data_flash_samr_reg$$Limit = .

.option_setting_data_flash_samr.endof
                0x27030094        0x0
                0x27030094                        __ddsc_OPTION_SETTING_DATA_FLASH_SAMR_END = .
OUTPUT(bms_telemetry.elf elf32-littlearm)
LOAD linker stubs

.ARM.attributes
                0x00000000       0x3a
 .ARM.attributes
                0x00000000       0x24 C:/Program Files (x86)/Arm GNU Toolchain arm-none-eabi/13.2 Rel1/bin/../lib/gcc/arm-none-eabi/13.2.1/thumb/v8-m.main+dp/hard/crti.o
 .ARM.attributes
                0x00000024       0x36 C:/Program Files (x86)/Arm GNU Toolchain arm-none-eabi/13.2 Rel1/bin/../lib/gcc/arm-none-eabi/13.2.1/thumb/v8-m.main+dp/hard/crtbegin.o
 .ARM.attributes
                0x0000005a       0x3e ./src/bms/bms_data.o
 .ARM.attributes
                0x00000098       0x3e ./src/can_task_entry.o
 .ARM.attributes
                0x000000d6       0x3e ./src/hal_warmstart.o
 .ARM.attributes
                0x00000114       0x3e ./src/new_thread0_entry.o
 .ARM.attributes
                0x00000152       0x3e ./src/sensor_task_entry.o
 .ARM.attributes
                0x00000190       0x3e ./src/uart_task_entry.o
 .ARM.attributes
                0x000001ce       0x3e ./ra_gen/common_data.o
 .ARM.attributes
                0x0000020c       0x3e ./ra_gen/hal_data.o
 .ARM.attributes
                0x0000024a       0x3e ./ra_gen/main.o
 .ARM.attributes
                0x00000288       0x3e ./ra_gen/new_thread0.o
 .ARM.attributes
                0x000002c6       0x3e ./ra_gen/pin_data.o
 .ARM.attributes
                0x00000304       0x3e ./ra_gen/vector_data.o
 .ARM.attributes
                0x00000342       0x3e ./ra/fsp/src/rm_freertos_port/port.o
 .ARM.attributes
                0x00000380       0x3e ./ra/fsp/src/r_sci_b_uart/r_sci_b_uart.o
 .ARM.attributes
                0x000003be       0x3e ./ra/fsp/src/r_ioport/r_ioport.o
 .ARM.attributes
                0x000003fc       0x3e ./ra/fsp/src/r_iic_master/r_iic_master.o
 .ARM.attributes
                0x0000043a       0x3e ./ra/fsp/src/r_canfd/r_canfd.o
 .ARM.attributes
                0x00000478       0x3e ./ra/fsp/src/bsp/mcu/ra8m1/bsp_linker.o
 .ARM.attributes
                0x000004b6       0x3e ./ra/fsp/src/bsp/mcu/all/bsp_clocks.o
 .ARM.attributes
                0x000004f4       0x3e ./ra/fsp/src/bsp/mcu/all/bsp_common.o
 .ARM.attributes
                0x00000532       0x3e ./ra/fsp/src/bsp/mcu/all/bsp_delay.o
 .ARM.attributes
                0x00000570       0x3e ./ra/fsp/src/bsp/mcu/all/bsp_group_irq.o
 .ARM.attributes
                0x000005ae       0x3e ./ra/fsp/src/bsp/mcu/all/bsp_io.o
 .ARM.attributes
                0x000005ec       0x3e ./ra/fsp/src/bsp/mcu/all/bsp_irq.o
 .ARM.attributes
                0x0000062a       0x3e ./ra/fsp/src/bsp/mcu/all/bsp_register_protection.o
 .ARM.attributes
                0x00000668       0x3e ./ra/fsp/src/bsp/mcu/all/bsp_sbrk.o
 .ARM.attributes
                0x000006a6       0x3e ./ra/fsp/src/bsp/cmsis/Device/RENESAS/Source/startup.o
 .ARM.attributes
                0x000006e4       0x3e ./ra/fsp/src/bsp/cmsis/Device/RENESAS/Source/system.o
 .ARM.attributes
                0x00000722       0x3e ./ra/board/ra8m1_ek/board_init.o
 .ARM.attributes
                0x00000760       0x3e ./ra/aws/FreeRTOS/FreeRTOS/Source/list.o
 .ARM.attributes
                0x0000079e       0x3e ./ra/aws/FreeRTOS/FreeRTOS/Source/queue.o
 .ARM.attributes
                0x000007dc       0x3e ./ra/aws/FreeRTOS/FreeRTOS/Source/tasks.o
 .ARM.attributes
                0x0000081a       0x3e ./ra/aws/FreeRTOS/FreeRTOS/Source/timers.o
 .ARM.attributes
                0x00000858       0x36 C:/Program Files (x86)/Arm GNU Toolchain arm-none-eabi/13.2 Rel1/bin/../lib/gcc/arm-none-eabi/13.2.1/thumb/v8-m.main+dp/hard\libg_nano.a(libc_a-findfp.o)
 .ARM.attributes
                0x0000088e       0x36 C:/Program Files (x86)/Arm GNU Toolchain arm-none-eabi/13.2 Rel1/bin/../lib/gcc/arm-none-eabi/13.2.1/thumb/v8-m.main+dp/hard\libg_nano.a(libc_a-snprintf.o)
 .ARM.attributes
                0x000008c4       0x36 C:/Program Files (x86)/Arm GNU Toolchain arm-none-eabi/13.2 Rel1/bin/../lib/gcc/arm-none-eabi/13.2.1/thumb/v8-m.main+dp/hard\libg_nano.a(libc_a-memset.o)
 .ARM.attributes
                0x000008fa       0x36 C:/Program Files (x86)/Arm GNU Toolchain arm-none-eabi/13.2 Rel1/bin/../lib/gcc/arm-none-eabi/13.2.1/thumb/v8-m.main+dp/hard\libg_nano.a(libc_a-reent.o)
 .ARM.attributes
                0x00000930       0x36 C:/Program Files (x86)/Arm GNU Toolchain arm-none-eabi/13.2 Rel1/bin/../lib/gcc/arm-none-eabi/13.2.1/thumb/v8-m.main+dp/hard\libg_nano.a(libc_a-impure.o)
 .ARM.attributes
                0x00000966       0x36 C:/Program Files (x86)/Arm GNU Toolchain arm-none-eabi/13.2 Rel1/bin/../lib/gcc/arm-none-eabi/13.2.1/thumb/v8-m.main+dp/hard\libg_nano.a(libc_a-errno.o)
 .ARM.attributes
                0x0000099c       0x36 C:/Program Files (x86)/Arm GNU Toolchain arm-none-eabi/13.2 Rel1/bin/../lib/gcc/arm-none-eabi/13.2.1/thumb/v8-m.main+dp/hard\libg_nano.a(libc_a-lock.o)
 .ARM.attributes
                0x000009d2       0x36 C:/Program Files (x86)/Arm GNU Toolchain arm-none-eabi/13.2 Rel1/bin/../lib/gcc/arm-none-eabi/13.2.1/thumb/v8-m.main+dp/hard\libg_nano.a(libc_a-memcpy-stub.o)
 .ARM.attributes
                0x00000a08       0x22 C:/Program Files (x86)/Arm GNU Toolchain arm-none-eabi/13.2 Rel1/bin/../lib/gcc/arm-none-eabi/13.2.1/thumb/v8-m.main+dp/hard\libg_nano.a(libc_a-strlen.o)
 .ARM.attributes
                0x00000a2a       0x36 C:/Program Files (x86)/Arm GNU Toolchain arm-none-eabi/13.2 Rel1/bin/../lib/gcc/arm-none-eabi/13.2.1/thumb/v8-m.main+dp/hard\libg_nano.a(libc_a-freer.o)
 .ARM.attributes
                0x00000a60       0x36 C:/Program Files (x86)/Arm GNU Toolchain arm-none-eabi/13.2 Rel1/bin/../lib/gcc/arm-none-eabi/13.2.1/thumb/v8-m.main+dp/hard\libg_nano.a(libc_a-mallocr.o)
 .ARM.attributes
                0x00000a96       0x36 C:/Program Files (x86)/Arm GNU Toolchain arm-none-eabi/13.2 Rel1/bin/../lib/gcc/arm-none-eabi/13.2.1/thumb/v8-m.main+dp/hard\libg_nano.a(libc_a-mlock.o)
 .ARM.attributes
                0x00000acc       0x36 C:/Program Files (x86)/Arm GNU Toolchain arm-none-eabi/13.2 Rel1/bin/../lib/gcc/arm-none-eabi/13.2.1/thumb/v8-m.main+dp/hard\libg_nano.a(libc_a-nano-svfprintf.o)
 .ARM.attributes
                0x00000b02       0x36 C:/Program Files (x86)/Arm GNU Toolchain arm-none-eabi/13.2 Rel1/bin/../lib/gcc/arm-none-eabi/13.2.1/thumb/v8-m.main+dp/hard\libg_nano.a(libc_a-nano-vfprintf_i.o)
 .ARM.attributes