T2074 000:000.686   SEGGER J-Link V8.58 Log File
T2074 000:000.832   DLL Compiled: Aug  6 2025 12:29:52
T2074 000:000.838   Logging started @ 2026-04-11 20:31
T2074 000:000.845   Process: C:\Users\mahad\.eclipse\com.renesas.platform_1435879475\DebugComp\RA\e2-server-gdb.exe
T2074 000:000.856 - 0.850ms 
T2074 000:000.873 JLINK_GetDLLVersion()
T2074 000:000.890 - 0.017ms returns 85800
T2074 000:004.212 JLINK_OpenEx(...)
T2074 000:012.498   Firmware: J-Link OB-RA4M2 compiled Dec 10 2025 15:52:53
T2074 000:013.253   Firmware: J-Link OB-RA4M2 compiled Dec 10 2025 15:52:53
T2074 000:027.266   Hardware: V1.00
T2074 000:027.301   S/N: 1087103049
T2074 000:027.310   OEM: SEGGER
T2074 000:027.319   Feature(s): None
T2074 000:027.903   Bootloader: 2021 May 14
T2074 000:028.329   USB speed mode: Full speed (12 MBit/s)
T2074 000:028.740   TELNET listener socket opened on port 19021
T2074 000:028.946   WEBSRV WEBSRV_Init(): Starting webserver thread(s)
T2074 000:029.101   WEBSRV Webserver running on local port 19080
T2074 000:029.238   Looking for J-Link GUI Server exe at: C:\Users\mahad\.eclipse\com.renesas.platform_1435879475\DebugComp\RA\ARM\Segger_v8.58.0\JLinkGUIServer.exe
T2074 000:029.344   Looking for J-Link GUI Server exe at: C:\Program Files\SEGGER\JLink\JLinkGUIServer.exe
T2074 000:029.384   Forking J-Link GUI Server: C:\Program Files\SEGGER\JLink\JLinkGUIServer.exe
T2074 000:061.745   J-Link GUI Server info: "J-Link GUI server V9.30a "
T2074 000:070.318 - 66.100ms returns "O.K."
T2074 000:070.439 JLINK_TIF_Select(JLINKARM_TIF_SWD)
T2074 000:071.169 - 0.731ms returns 0x00
T2074 000:071.234 JLINK_ClrRESET()
T2074 000:071.570 - 0.335ms 
T2074 000:122.034 JLINK_SetSpeed(1500)
T2074 000:122.320 - 0.304ms 
T2074 000:122.379 JLINK_CORESIGHT_Configure(PerformTIFInit=0)
T2074 000:122.915 - 0.541ms returns 0
T2074 000:122.966 JLINK_CORESIGHT_ReadAPDPReg(DP reg 0x00)
T2074 000:123.441   Value=0x6BA02477
T2074 000:123.467 - 0.506ms returns 0
T2074 000:123.506 JLINK_CORESIGHT_WriteAPDPReg(DP reg 0x00, 0x0000001F)
T2074 000:123.799 - 0.293ms returns 0
T2074 000:123.837 JLINK_CORESIGHT_ReadAPDPReg(DP reg 0x00)
T2074 000:124.133   Value=0x6BA02477
T2074 000:124.160 - 0.324ms returns 0
T2074 000:124.195 JLINK_CORESIGHT_WriteAPDPReg(DP reg 0x02, 0x00000000)
T2074 000:124.484 - 0.290ms returns 0
T2074 000:124.522 JLINK_CORESIGHT_WriteAPDPReg(DP reg 0x01, 0x50000000)
T2074 000:124.810 - 0.288ms returns 0
T2074 000:124.856 JLINK_CORESIGHT_ReadAPDPReg(DP reg 0x01)
T2074 000:125.160   Value=0xF0000040
T2074 000:125.187 - 0.331ms returns 0
T2074 000:125.223 JLINK_CORESIGHT_WriteAPDPReg(DP reg 0x00, 0x0000001F)
T2074 000:125.607 - 0.384ms returns 0
T2074 000:125.645 JLINK_CORESIGHT_ReadAPDPReg(DP reg 0x00)
T2074 000:125.939   Value=0x6BA02477
T2074 000:125.967 - 0.322ms returns 0
T2074 000:126.003 JLINK_CORESIGHT_WriteAPDPReg(DP reg 0x01, 0x54000000)
T2074 000:126.296 - 0.293ms returns 0
T2074 000:126.333 JLINK_CORESIGHT_WriteAPDPReg(DP reg 0x01, 0x50000F00)
T2074 000:126.634 - 0.301ms returns 0
T2074 000:126.672 JLINK_CORESIGHT_WriteAPDPReg(DP reg 0x02, 0x01000000)
T2074 000:126.967 - 0.296ms returns 0
T2074 000:127.004 JLINK_CORESIGHT_WriteAPDPReg(AP reg 0x00, 0x80000002)
T2074 000:127.297 - 0.293ms returns 0
T2074 000:127.333 JLINK_CORESIGHT_WriteAPDPReg(AP reg 0x01, 0x80011100)
T2074 000:127.659 - 0.326ms returns 0
T2074 000:127.696 JLINK_CORESIGHT_WriteAPDPReg(AP reg 0x03, 0x000000A5)
T2074 000:127.984 - 0.288ms returns 0
T2074 000:128.021 JLINK_CORESIGHT_WriteAPDPReg(AP reg 0x00, 0x80000002)
T2074 000:128.313 - 0.293ms returns 0
T2074 000:128.349 JLINK_CORESIGHT_WriteAPDPReg(AP reg 0x01, 0x80011100)
T2074 000:128.627 - 0.278ms returns 0
T2074 000:128.665 JLINK_CORESIGHT_ReadAPDPReg(AP reg 0x03)
T2074 000:129.175   Value=0x000000A5
T2074 000:129.217 - 0.552ms returns 0
T2074 000:129.276 JLINK_ClrTMS()
T2074 000:129.426 - 0.162ms 
T2074 000:135.348 JLINK_SetTCK()
T2074 000:135.637 - 0.289ms returns 0
T2074 000:140.996 JLINK_SetRESET()
T2074 000:141.217 - 0.220ms 
T2074 000:342.011 JLINK_CORESIGHT_WriteAPDPReg(AP reg 0x00, 0x80000002)
T2074 000:343.441 - 1.431ms returns 0
T2074 000:343.616 JLINK_CORESIGHT_WriteAPDPReg(AP reg 0x01, 0x80011100)
T2074 000:344.495 - 0.879ms returns 0
T2074 000:344.662 JLINK_CORESIGHT_ReadAPDPReg(AP reg 0x03)
T2074 000:347.496   Value=0x00000000
T2074 000:347.672 - 3.010ms returns 0
T2074 000:347.760 JLINK_CORESIGHT_WriteAPDPReg(AP reg 0x00, 0x80000002)
T2074 000:348.365 - 0.607ms returns 0
T2074 000:348.552 JLINK_CORESIGHT_WriteAPDPReg(AP reg 0x01, 0x80011140)
T2074 000:349.141 - 0.590ms returns 0
T2074 000:349.193 JLINK_CORESIGHT_ReadAPDPReg(AP reg 0x03)
T2074 000:349.935   Value=0x00000002
T2074 000:350.107 - 0.911ms returns 0
T2074 000:350.193 JLINK_CORESIGHT_WriteAPDPReg(AP reg 0x00, 0x80000002)
T2074 000:350.940 - 0.745ms returns 0
T2074 000:351.192 JLINK_CORESIGHT_WriteAPDPReg(AP reg 0x01, 0x80011120)
T2074 000:351.684 - 0.494ms returns 0
T2074 000:354.127 JLINK_CORESIGHT_WriteAPDPReg(AP reg 0x03, 0x00000055)
T2074 000:354.944 - 0.819ms returns 0
T2074 000:355.018 JLINK_CORESIGHT_WriteAPDPReg(AP reg 0x00, 0x80000002)
T2074 000:355.749 - 0.732ms returns 0
T2074 000:355.816 JLINK_CORESIGHT_WriteAPDPReg(AP reg 0x01, 0x80011140)
T2074 000:356.303 - 0.483ms returns 0
T2074 000:356.473 JLINK_CORESIGHT_ReadAPDPReg(AP reg 0x03)
T2074 000:357.030   Value=0x00000000
T2074 000:357.102 - 0.630ms returns 0
T2074 000:357.168 JLINK_CORESIGHT_WriteAPDPReg(AP reg 0x00, 0x80000002)
T2074 000:357.654 - 0.488ms returns 0
T2074 000:357.719 JLINK_CORESIGHT_WriteAPDPReg(AP reg 0x01, 0x80011130)
T2074 000:358.267 - 0.549ms returns 0
T2074 000:358.341 JLINK_CORESIGHT_ReadAPDPReg(AP reg 0x03)
T2074 000:359.083   Value=0x000000C6
T2074 000:359.156 - 0.815ms returns 0
T2074 000:359.240 JLINK_CORESIGHT_WriteAPDPReg(AP reg 0x00, 0x80000002)
T2074 000:360.083 - 0.844ms returns 0
T2074 000:360.159 JLINK_CORESIGHT_WriteAPDPReg(AP reg 0x01, 0x80011140)
T2074 000:360.752 - 0.590ms returns 0
T2074 000:360.921 JLINK_CORESIGHT_ReadAPDPReg(AP reg 0x03)
T2074 000:361.473   Value=0x00000002
T2074 000:361.594 - 0.674ms returns 0
T2074 000:361.669 JLINK_CORESIGHT_WriteAPDPReg(AP reg 0x00, 0x80000002)
T2074 000:362.129 - 0.461ms returns 0
T2074 000:362.196 JLINK_CORESIGHT_WriteAPDPReg(AP reg 0x01, 0x80011120)
T2074 000:362.620 - 0.426ms returns 0
T2074 000:362.662 JLINK_CORESIGHT_WriteAPDPReg(AP reg 0x03, 0x3A010001)
T2074 000:363.017 - 0.355ms returns 0
T2074 000:363.062 JLINK_CORESIGHT_WriteAPDPReg(AP reg 0x00, 0x80000002)
T2074 000:363.420 - 0.358ms returns 0
T2074 000:363.462 JLINK_CORESIGHT_WriteAPDPReg(AP reg 0x01, 0x80011140)
T2074 000:363.831 - 0.369ms returns 0
T2074 000:363.897 JLINK_CORESIGHT_ReadAPDPReg(AP reg 0x03)
T2074 000:364.407   Value=0x00000002
T2074 000:364.477 - 0.582ms returns 0
T2074 000:364.539 JLINK_CORESIGHT_WriteAPDPReg(AP reg 0x00, 0x80000002)
T2074 000:365.078 - 0.454ms returns 0
T2074 000:365.202 JLINK_CORESIGHT_WriteAPDPReg(AP reg 0x01, 0x80011120)
T2074 000:365.738 - 0.535ms returns 0
T2074 000:365.858 JLINK_CORESIGHT_WriteAPDPReg(AP reg 0x03, 0x000003C5)
T2074 000:366.537 - 0.680ms returns 0
T2074 000:366.613 JLINK_CORESIGHT_WriteAPDPReg(AP reg 0x00, 0x80000002)
T2074 000:367.255 - 0.641ms returns 0
T2074 000:367.321 JLINK_CORESIGHT_WriteAPDPReg(AP reg 0x01, 0x80011140)
T2074 000:367.817 - 0.497ms returns 0
T2074 000:367.886 JLINK_CORESIGHT_ReadAPDPReg(AP reg 0x03)
T2074 000:368.677   Value=0x00000000
T2074 000:368.747 - 0.862ms returns 0
T2074 000:368.808 JLINK_CORESIGHT_WriteAPDPReg(AP reg 0x00, 0x80000002)
T2074 000:369.631 - 0.825ms returns 0
T2074 000:369.684 JLINK_CORESIGHT_WriteAPDPReg(AP reg 0x01, 0x80011130)
T2074 000:371.478 - 1.794ms returns 0
T2074 000:371.544 JLINK_CORESIGHT_ReadAPDPReg(AP reg 0x03)
T2074 000:372.287   Value=0x3A2A0081
T2074 000:372.447 - 0.899ms returns 0
T2074 000:372.527 JLINK_CORESIGHT_WriteAPDPReg(AP reg 0x00, 0x80000002)
T2074 000:372.937 - 0.411ms returns 0
T2074 000:372.984 JLINK_CORESIGHT_WriteAPDPReg(AP reg 0x01, 0x80011140)
T2074 000:373.435 - 0.452ms returns 0
T2074 000:373.508 JLINK_CORESIGHT_ReadAPDPReg(AP reg 0x03)
T2074 000:374.186   Value=0x00000000
T2074 000:374.234 - 0.727ms returns 0
T2074 000:374.282 JLINK_CORESIGHT_WriteAPDPReg(AP reg 0x00, 0x80000002)
T2074 000:376.464 - 2.182ms returns 0
T2074 000:376.534 JLINK_CORESIGHT_WriteAPDPReg(AP reg 0x01, 0x80011130)
T2074 000:378.355 - 1.821ms returns 0
T2074 000:378.407 JLINK_CORESIGHT_ReadAPDPReg(AP reg 0x03)
T2074 000:379.082   Value=0x808D5B00
T2074 000:379.216 - 0.808ms returns 0
T2074 000:382.478 JLINK_CORESIGHT_WriteAPDPReg(AP reg 0x00, 0x80000002)
T2074 000:383.842 - 1.366ms returns 0
T2074 000:383.972 JLINK_CORESIGHT_WriteAPDPReg(AP reg 0x01, 0x80011140)
T2074 000:384.387 - 0.415ms returns 0
T2074 000:384.447 JLINK_CORESIGHT_ReadAPDPReg(AP reg 0x03)
T2074 000:385.095   Value=0x00000000
T2074 000:385.143 - 0.697ms returns 0
T2074 000:385.187 JLINK_CORESIGHT_WriteAPDPReg(AP reg 0x00, 0x80000002)
T2074 000:385.891 - 0.702ms returns 0
T2074 000:386.003 JLINK_CORESIGHT_WriteAPDPReg(AP reg 0x01, 0x80011130)
T2074 000:386.363 - 0.362ms returns 0
T2074 000:386.405 JLINK_CORESIGHT_ReadAPDPReg(AP reg 0x03)
T2074 000:387.247   Value=0x0603030B
T2074 000:387.343 - 0.936ms returns 0
T2074 000:387.390 JLINK_CORESIGHT_WriteAPDPReg(AP reg 0x00, 0x80000002)
T2074 000:387.999 - 0.610ms returns 0
T2074 000:388.045 JLINK_CORESIGHT_WriteAPDPReg(AP reg 0x01, 0x80011140)
T2074 000:388.614 - 0.568ms returns 0
T2074 000:388.672 JLINK_CORESIGHT_ReadAPDPReg(AP reg 0x03)
T2074 000:391.054   Value=0x00000000
T2074 000:391.108 - 2.436ms returns 0
T2074 000:391.147 JLINK_CORESIGHT_WriteAPDPReg(AP reg 0x00, 0x80000002)
T2074 000:391.607 - 0.460ms returns 0
T2074 000:391.641 JLINK_CORESIGHT_WriteAPDPReg(AP reg 0x01, 0x80011130)
T2074 000:391.965 - 0.325ms returns 0
T2074 000:391.998 JLINK_CORESIGHT_ReadAPDPReg(AP reg 0x03)
T2074 000:392.369   Value=0x2F4B4E20
T2074 000:392.404 - 0.406ms returns 0
T2074 000:392.435 JLINK_CORESIGHT_WriteAPDPReg(AP reg 0x00, 0x80000002)
T2074 000:392.895 - 0.461ms returns 0
T2074 000:392.928 JLINK_CORESIGHT_WriteAPDPReg(AP reg 0x01, 0x80011140)
T2074 000:393.255 - 0.326ms returns 0
T2074 000:393.289 JLINK_CORESIGHT_ReadAPDPReg(AP reg 0x03)
T2074 000:393.641   Value=0x00000000
T2074 000:393.679 - 0.390ms returns 0
T2074 000:393.710 JLINK_CORESIGHT_WriteAPDPReg(AP reg 0x00, 0x80000002)
T2074 000:394.046 - 0.336ms returns 0
T2074 000:394.079 JLINK_CORESIGHT_WriteAPDPReg(AP reg 0x01, 0x80011130)
T2074 000:394.399 - 0.320ms returns 0
T2074 000:394.432 JLINK_CORESIGHT_ReadAPDPReg(AP reg 0x03)
T2074 000:394.818   Value=0x47CCEB0A
T2074 000:394.864 - 0.432ms returns 0
T2074 000:394.904 JLINK_CORESIGHT_WriteAPDPReg(AP reg 0x00, 0x80000002)
T2074 000:395.271 - 0.365ms returns 0
T2074 000:395.386 JLINK_CORESIGHT_WriteAPDPReg(AP reg 0x01, 0x80011140)
T2074 000:395.748 - 0.363ms returns 0
T2074 000:395.793 JLINK_CORESIGHT_ReadAPDPReg(AP reg 0x03)
T2074 000:396.250   Value=0x00000000
T2074 000:396.326 - 0.533ms returns 0
T2074 000:396.368 JLINK_CORESIGHT_WriteAPDPReg(AP reg 0x00, 0x80000002)
T2074 000:396.757 - 0.389ms returns 0
T2074 000:396.806 JLINK_CORESIGHT_WriteAPDPReg(AP reg 0x01, 0x80011130)
T2074 000:397.165 - 0.360ms returns 0
T2074 000:397.209 JLINK_CORESIGHT_ReadAPDPReg(AP reg 0x03)
T2074 000:397.607   Value=0x39353553
T2074 000:397.642 - 0.433ms returns 0
T2074 000:397.672 JLINK_CORESIGHT_WriteAPDPReg(AP reg 0x00, 0x80000002)
T2074 000:397.985 - 0.314ms returns 0
T2074 000:398.018 JLINK_CORESIGHT_WriteAPDPReg(AP reg 0x01, 0x80011140)
T2074 000:398.336 - 0.318ms returns 0
T2074 000:398.369 JLINK_CORESIGHT_ReadAPDPReg(AP reg 0x03)
T2074 000:398.824   Value=0x00000000
T2074 000:398.859 - 0.490ms returns 0
T2074 000:398.890 JLINK_CORESIGHT_WriteAPDPReg(AP reg 0x00, 0x80000002)
T2074 000:399.212 - 0.322ms returns 0
T2074 000:399.244 JLINK_CORESIGHT_WriteAPDPReg(AP reg 0x01, 0x80011130)
T2074 000:399.769 - 0.522ms returns 0
T2074 000:399.912 JLINK_CORESIGHT_ReadAPDPReg(AP reg 0x03)
T2074 000:400.370   Value=0x6F144333
T2074 000:400.416 - 0.506ms returns 0
T2074 000:400.539 JLINK_CORESIGHT_WriteAPDPReg(AP reg 0x00, 0x80000002)
T2074 000:400.923 - 0.385ms returns 0
T2074 000:400.957 JLINK_CORESIGHT_WriteAPDPReg(AP reg 0x01, 0x80011140)
T2074 000:401.334 - 0.377ms returns 0
T2074 000:401.377 JLINK_CORESIGHT_ReadAPDPReg(AP reg 0x03)
T2074 000:401.814   Value=0x00000000
T2074 000:401.863 - 0.487ms returns 0
T2074 000:401.906 JLINK_CORESIGHT_WriteAPDPReg(AP reg 0x00, 0x80000002)
T2074 000:402.273 - 0.368ms returns 0
T2074 000:402.318 JLINK_CORESIGHT_WriteAPDPReg(AP reg 0x01, 0x80011130)
T2074 000:402.725 - 0.408ms returns 0
T2074 000:402.752 JLINK_CORESIGHT_ReadAPDPReg(AP reg 0x03)
T2074 000:403.121   Value=0x4637526C
T2074 000:403.152 - 0.400ms returns 0
T2074 000:403.178 JLINK_CORESIGHT_WriteAPDPReg(AP reg 0x00, 0x80000002)
T2074 000:403.597 - 0.419ms returns 0
T2074 000:403.626 JLINK_CORESIGHT_WriteAPDPReg(AP reg 0x01, 0x80011140)
T2074 000:403.915 - 0.289ms returns 0
T2074 000:403.940 JLINK_CORESIGHT_ReadAPDPReg(AP reg 0x03)
T2074 000:404.271   Value=0x00000000
T2074 000:404.298 - 0.358ms returns 0
T2074 000:404.320 JLINK_CORESIGHT_WriteAPDPReg(AP reg 0x00, 0x80000002)
T2074 000:404.622 - 0.301ms returns 0
T2074 000:404.646 JLINK_CORESIGHT_WriteAPDPReg(AP reg 0x01, 0x80011130)
T2074 000:404.930 - 0.284ms returns 0
T2074 000:404.954 JLINK_CORESIGHT_ReadAPDPReg(AP reg 0x03)
T2074 000:405.295   Value=0x314D3841
T2074 000:405.322 - 0.368ms returns 0
T2074 000:405.346 JLINK_CORESIGHT_WriteAPDPReg(AP reg 0x00, 0x80000002)
T2074 000:405.617 - 0.272ms returns 0
T2074 000:405.639 JLINK_CORESIGHT_WriteAPDPReg(AP reg 0x01, 0x80011140)
T2074 000:405.915 - 0.276ms returns 0
T2074 000:405.937 JLINK_CORESIGHT_ReadAPDPReg(AP reg 0x03)
T2074 000:406.260   Value=0x00000000
T2074 000:406.283 - 0.346ms returns 0
T2074 000:406.304 JLINK_CORESIGHT_WriteAPDPReg(AP reg 0x00, 0x80000002)
T2074 000:406.579 - 0.274ms returns 0
T2074 000:406.598 JLINK_CORESIGHT_WriteAPDPReg(AP reg 0x01, 0x80011130)
T2074 000:406.899 - 0.300ms returns 0
T2074 000:406.921 JLINK_CORESIGHT_ReadAPDPReg(AP reg 0x03)
T2074 000:407.242   Value=0x43454841
T2074 000:407.264 - 0.344ms returns 0
T2074 000:407.283 JLINK_CORESIGHT_WriteAPDPReg(AP reg 0x00, 0x80000002)
T2074 000:407.583 - 0.300ms returns 0
T2074 000:407.601 JLINK_CORESIGHT_WriteAPDPReg(AP reg 0x01, 0x80011140)
T2074 000:407.863 - 0.262ms returns 0
T2074 000:408.621 JLINK_CORESIGHT_ReadAPDPReg(AP reg 0x03)
T2074 000:408.974   Value=0x00000000
T2074 000:408.994 - 0.373ms returns 0
T2074 000:409.009 JLINK_CORESIGHT_WriteAPDPReg(AP reg 0x00, 0x80000002)
T2074 000:409.252 - 0.243ms returns 0
T2074 000:409.268 JLINK_CORESIGHT_WriteAPDPReg(AP reg 0x01, 0x80011130)
T2074 000:409.573 - 0.304ms returns 0
T2074 000:409.588 JLINK_CORESIGHT_ReadAPDPReg(AP reg 0x03)
T2074 000:409.880   Value=0x20204442
T2074 000:409.897 - 0.308ms returns 0
T2074 000:409.911 JLINK_CORESIGHT_WriteAPDPReg(AP reg 0x00, 0x80000002)
T2074 000:410.161 - 0.249ms returns 0
T2074 000:410.196 JLINK_CORESIGHT_WriteAPDPReg(AP reg 0x01, 0x80011140)
T2074 000:410.459 - 0.263ms returns 0
T2074 000:410.481 JLINK_CORESIGHT_ReadAPDPReg(AP reg 0x03)
T2074 000:410.771   Value=0x00000000
T2074 000:410.788 - 0.307ms returns 0
T2074 000:410.803 JLINK_CORESIGHT_WriteAPDPReg(AP reg 0x00, 0x80000002)
T2074 000:411.035 - 0.232ms returns 0
T2074 000:411.049 JLINK_CORESIGHT_WriteAPDPReg(AP reg 0x01, 0x80011130)
T2074 000:411.280 - 0.230ms returns 0
T2074 000:411.293 JLINK_CORESIGHT_ReadAPDPReg(AP reg 0x03)
T2074 000:411.579   Value=0x00031520
T2074 000:411.593 - 0.300ms returns 0
T2074 000:411.701 JLINK_CORESIGHT_WriteAPDPReg(AP reg 0x00, 0x80000002)
T2074 000:411.951 - 0.250ms returns 0
T2074 000:411.964 JLINK_CORESIGHT_WriteAPDPReg(AP reg 0x01, 0x80011140)
T2074 000:412.198 - 0.234ms returns 0
T2074 000:412.212 JLINK_CORESIGHT_ReadAPDPReg(AP reg 0x03)
T2074 000:412.490   Value=0x00000002
T2074 000:412.503 - 0.291ms returns 0
T2074 000:412.514 JLINK_CORESIGHT_WriteAPDPReg(AP reg 0x00, 0x80000002)
T2074 000:412.781 - 0.267ms returns 0
T2074 000:412.866 JLINK_CORESIGHT_WriteAPDPReg(AP reg 0x01, 0x80011120)
T2074 000:413.102 - 0.236ms returns 0
T2074 000:413.114 JLINK_CORESIGHT_WriteAPDPReg(AP reg 0x03, 0x2C010001)
T2074 000:413.356 - 0.242ms returns 0
T2074 000:413.368 JLINK_CORESIGHT_WriteAPDPReg(AP reg 0x00, 0x80000002)
T2074 000:413.689 - 0.320ms returns 0
T2074 000:413.701 JLINK_CORESIGHT_WriteAPDPReg(AP reg 0x01, 0x80011140)
T2074 000:413.919 - 0.218ms returns 0
T2074 000:413.931 JLINK_CORESIGHT_ReadAPDPReg(AP reg 0x03)
T2074 000:414.202   Value=0x00000002
T2074 000:414.213 - 0.282ms returns 0
T2074 000:414.223 JLINK_CORESIGHT_WriteAPDPReg(AP reg 0x00, 0x80000002)
T2074 000:414.440 - 0.217ms returns 0
T2074 000:414.451 JLINK_CORESIGHT_WriteAPDPReg(AP reg 0x01, 0x80011120)
T2074 000:414.683 - 0.232ms returns 0
T2074 000:414.692 JLINK_CORESIGHT_WriteAPDPReg(AP reg 0x03, 0x000003D3)
T2074 000:414.915 - 0.222ms returns 0
T2074 000:414.925 JLINK_CORESIGHT_WriteAPDPReg(AP reg 0x00, 0x80000002)
T2074 000:415.135 - 0.210ms returns 0
T2074 000:415.145 JLINK_CORESIGHT_WriteAPDPReg(AP reg 0x01, 0x80011140)
T2074 000:415.360 - 0.215ms returns 0
T2074 000:415.370 JLINK_CORESIGHT_ReadAPDPReg(AP reg 0x03)
T2074 000:415.643   Value=0x00000002
T2074 000:415.653 - 0.283ms returns 0
T2074 000:415.661 JLINK_CORESIGHT_ReadAPDPReg(AP reg 0x03)
T2074 000:415.896   Value=0x00000002
T2074 000:415.906 - 0.244ms returns 0
T2074 000:415.914 JLINK_CORESIGHT_ReadAPDPReg(AP reg 0x03)
T2074 000:416.146   Value=0x00000002
T2074 000:416.156 - 0.242ms returns 0
T2074 000:416.164 JLINK_CORESIGHT_ReadAPDPReg(AP reg 0x03)
T2074 000:416.409   Value=0x00000002
T2074 000:416.418 - 0.254ms returns 0
T2074 000:416.426 JLINK_CORESIGHT_ReadAPDPReg(AP reg 0x03)
T2074 000:416.733   Value=0x00000002
T2074 000:416.741 - 0.315ms returns 0
T2074 000:416.749 JLINK_CORESIGHT_ReadAPDPReg(AP reg 0x03)
T2074 000:416.988   Value=0x00000002
T2074 000:416.997 - 0.248ms returns 0
T2074 000:417.004 JLINK_CORESIGHT_ReadAPDPReg(AP reg 0x03)
T2074 000:417.234   Value=0x00000002
T2074 000:417.242 - 0.238ms returns 0
T2074 000:417.250 JLINK_CORESIGHT_ReadAPDPReg(AP reg 0x03)
T2074 000:417.579   Value=0x00000002
T2074 000:417.587 - 0.337ms returns 0
T2074 000:417.595 JLINK_CORESIGHT_ReadAPDPReg(AP reg 0x03)
T2074 000:417.837   Value=0x00000000
T2074 000:417.846 - 0.251ms returns 0
T2074 000:417.853 JLINK_CORESIGHT_WriteAPDPReg(AP reg 0x00, 0x80000002)
T2074 000:418.057 - 0.204ms returns 0
T2074 000:418.066 JLINK_CORESIGHT_WriteAPDPReg(AP reg 0x01, 0x80011130)
T2074 000:418.276 - 0.209ms returns 0
T2074 000:418.284 JLINK_CORESIGHT_ReadAPDPReg(AP reg 0x03)
T2074 000:418.557   Value=0x2C020081
T2074 000:418.566 - 0.282ms returns 0
T2074 000:418.574 JLINK_CORESIGHT_WriteAPDPReg(AP reg 0x00, 0x80000002)
T2074 000:418.788 - 0.215ms returns 0
T2074 000:418.797 JLINK_CORESIGHT_WriteAPDPReg(AP reg 0x01, 0x80011140)
T2074 000:419.011 - 0.214ms returns 0
T2074 000:419.019 JLINK_CORESIGHT_ReadAPDPReg(AP reg 0x03)
T2074 000:419.286   Value=0x00000000
T2074 000:419.294 - 0.275ms returns 0
T2074 000:419.302 JLINK_CORESIGHT_WriteAPDPReg(AP reg 0x00, 0x80000002)
T2074 000:419.559 - 0.257ms returns 0
T2074 000:419.567 JLINK_CORESIGHT_WriteAPDPReg(AP reg 0x01, 0x80011130)
T2074 000:419.776 - 0.208ms returns 0
T2074 000:419.784 JLINK_CORESIGHT_ReadAPDPReg(AP reg 0x03)
T2074 000:420.051   Value=0x0003CE04
T2074 000:420.074 - 0.289ms returns 0
T2074 000:420.089 JLINK_CORESIGHT_WriteAPDPReg(AP reg 0x00, 0x80000002)
T2074 000:420.321 - 0.231ms returns 0
T2074 000:420.332 JLINK_CORESIGHT_WriteAPDPReg(AP reg 0x01, 0x80011140)
T2074 000:420.560 - 0.228ms returns 0
T2074 000:420.569 JLINK_CORESIGHT_ReadAPDPReg(AP reg 0x03)
T2074 000:420.824   Value=0x00000002
T2074 000:420.834 - 0.264ms returns 0
T2074 000:420.842 JLINK_CORESIGHT_WriteAPDPReg(AP reg 0x00, 0x80000002)
T2074 000:421.060 - 0.218ms returns 0
T2074 000:421.069 JLINK_CORESIGHT_WriteAPDPReg(AP reg 0x01, 0x80011120)
T2074 000:421.281 - 0.212ms returns 0
T2074 000:421.289 JLINK_CORESIGHT_WriteAPDPReg(AP reg 0x03, 0x73010001)
T2074 000:421.560 - 0.271ms returns 0
T2074 000:421.572 JLINK_CORESIGHT_WriteAPDPReg(AP reg 0x00, 0x80000002)
T2074 000:421.790 - 0.218ms returns 0
T2074 000:421.799 JLINK_CORESIGHT_WriteAPDPReg(AP reg 0x01, 0x80011140)
T2074 000:422.015 - 0.216ms returns 0
T2074 000:422.026 JLINK_CORESIGHT_ReadAPDPReg(AP reg 0x03)
T2074 000:422.296   Value=0x00000002
T2074 000:422.317 - 0.291ms returns 0
T2074 000:422.328 JLINK_CORESIGHT_WriteAPDPReg(AP reg 0x00, 0x80000002)
T2074 000:422.566 - 0.237ms returns 0
T2074 000:422.587 JLINK_CORESIGHT_WriteAPDPReg(AP reg 0x01, 0x80011120)
T2074 000:422.877 - 0.290ms returns 0
T2074 000:422.886 JLINK_CORESIGHT_WriteAPDPReg(AP reg 0x03, 0x0000038C)
T2074 000:423.101 - 0.215ms returns 0
T2074 000:423.110 JLINK_CORESIGHT_WriteAPDPReg(AP reg 0x00, 0x80000002)
T2074 000:423.314 - 0.204ms returns 0
T2074 000:423.322 JLINK_CORESIGHT_WriteAPDPReg(AP reg 0x01, 0x80011140)
T2074 000:423.559 - 0.237ms returns 0
T2074 000:423.567 JLINK_CORESIGHT_ReadAPDPReg(AP reg 0x03)
T2074 000:423.840   Value=0x00000002
T2074 000:423.851 - 0.283ms returns 0
T2074 000:423.860 JLINK_CORESIGHT_ReadAPDPReg(AP reg 0x03)
T2074 000:424.110   Value=0x00000002
T2074 000:424.120 - 0.260ms returns 0
T2074 000:424.129 JLINK_CORESIGHT_ReadAPDPReg(AP reg 0x03)
T2074 000:424.377   Value=0x00000002
T2074 000:424.387 - 0.257ms returns 0
T2074 000:424.396 JLINK_CORESIGHT_ReadAPDPReg(AP reg 0x03)
T2074 000:424.644   Value=0x00000002
T2074 000:424.656 - 0.260ms returns 0
T2074 000:424.665 JLINK_CORESIGHT_ReadAPDPReg(AP reg 0x03)
T2074 000:424.904   Value=0x00000002
T2074 000:424.913 - 0.247ms returns 0
T2074 000:424.920 JLINK_CORESIGHT_ReadAPDPReg(AP reg 0x03)
T2074 000:425.160   Value=0x00000002
T2074 000:425.168 - 0.248ms returns 0
T2074 000:425.176 JLINK_CORESIGHT_ReadAPDPReg(AP reg 0x03)
T2074 000:425.415   Value=0x00000002
T2074 000:425.424 - 0.247ms returns 0
T2074 000:425.431 JLINK_CORESIGHT_ReadAPDPReg(AP reg 0x03)
T2074 000:425.726   Value=0x00000002
T2074 000:425.735 - 0.304ms returns 0
T2074 000:425.763 JLINK_CORESIGHT_ReadAPDPReg(AP reg 0x03)
T2074 000:425.998   Value=0x00000002
T2074 000:426.006 - 0.243ms returns 0
T2074 000:426.014 JLINK_CORESIGHT_ReadAPDPReg(AP reg 0x03)
T2074 000:426.245   Value=0x00000002
T2074 000:426.253 - 0.239ms returns 0
T2074 000:426.261 JLINK_CORESIGHT_ReadAPDPReg(AP reg 0x03)
T2074 000:426.558   Value=0x00000000
T2074 000:426.567 - 0.306ms returns 0
T2074 000:426.575 JLINK_CORESIGHT_WriteAPDPReg(AP reg 0x00, 0x80000002)
T2074 000:426.792 - 0.217ms returns 0
T2074 000:426.802 JLINK_CORESIGHT_WriteAPDPReg(AP reg 0x01, 0x80011130)
T2074 000:427.019 - 0.216ms returns 0
T2074 000:427.027 JLINK_CORESIGHT_ReadAPDPReg(AP reg 0x03)
T2074 000:427.284   Value=0x73020081
T2074 000:427.294 - 0.266ms returns 0
T2074 000:427.301 JLINK_CORESIGHT_WriteAPDPReg(AP reg 0x00, 0x80000002)
T2074 000:427.588 - 0.287ms returns 0
T2074 000:427.598 JLINK_CORESIGHT_WriteAPDPReg(AP reg 0x01, 0x80011140)
T2074 000:427.816 - 0.217ms returns 0
T2074 000:427.826 JLINK_CORESIGHT_ReadAPDPReg(AP reg 0x03)
T2074 000:428.088   Value=0x00000000
T2074 000:428.099 - 0.273ms returns 0
T2074 000:428.107 JLINK_CORESIGHT_WriteAPDPReg(AP reg 0x00, 0x80000002)
T2074 000:428.323 - 0.215ms returns 0
T2074 000:428.332 JLINK_CORESIGHT_WriteAPDPReg(AP reg 0x01, 0x80011130)
T2074 000:428.560 - 0.227ms returns 0
T2074 000:428.569 JLINK_CORESIGHT_ReadAPDPReg(AP reg 0x03)
T2074 000:428.844   Value=0x00038902
T2074 000:428.854 - 0.285ms returns 0
T2074 000:428.864 JLINK_CORESIGHT_WriteAPDPReg(AP reg 0x00, 0x80000002)
T2074 000:429.078 - 0.214ms returns 0
T2074 000:429.088 JLINK_CORESIGHT_WriteAPDPReg(AP reg 0x01, 0x80011140)
T2074 000:429.310 - 0.222ms returns 0
T2074 000:429.320 JLINK_CORESIGHT_ReadAPDPReg(AP reg 0x03)
T2074 000:429.594   Value=0x00000002
T2074 000:429.605 - 0.284ms returns 0
T2074 000:429.615 JLINK_CORESIGHT_WriteAPDPReg(AP reg 0x00, 0x80000002)
T2074 000:429.838 - 0.223ms returns 0
T2074 000:429.849 JLINK_CORESIGHT_WriteAPDPReg(AP reg 0x01, 0x80011120)
T2074 000:430.078 - 0.228ms returns 0
T2074 000:430.096 JLINK_CORESIGHT_WriteAPDPReg(AP reg 0x03, 0x75010001)
T2074 000:430.320 - 0.224ms returns 0
T2074 000:430.334 JLINK_CORESIGHT_WriteAPDPReg(AP reg 0x00, 0x80000002)
T2074 000:430.565 - 0.232ms returns 0
T2074 000:430.577 JLINK_CORESIGHT_WriteAPDPReg(AP reg 0x01, 0x80011140)
T2074 000:430.805 - 0.228ms returns 0
T2074 000:430.818 JLINK_CORESIGHT_ReadAPDPReg(AP reg 0x03)
T2074 000:431.102   Value=0x00000002
T2074 000:431.116 - 0.298ms returns 0
T2074 000:431.128 JLINK_CORESIGHT_WriteAPDPReg(AP reg 0x00, 0x80000002)
T2074 000:431.361 - 0.232ms returns 0
T2074 000:431.373 JLINK_CORESIGHT_WriteAPDPReg(AP reg 0x01, 0x80011120)
T2074 000:431.600 - 0.227ms returns 0
T2074 000:431.613 JLINK_CORESIGHT_WriteAPDPReg(AP reg 0x03, 0x0000038A)
T2074 000:431.842 - 0.230ms returns 0
T2074 000:431.856 JLINK_CORESIGHT_WriteAPDPReg(AP reg 0x00, 0x80000002)
T2074 000:432.085 - 0.228ms returns 0
T2074 000:432.098 JLINK_CORESIGHT_WriteAPDPReg(AP reg 0x01, 0x80011140)
T2074 000:432.316 - 0.218ms returns 0
T2074 000:432.329 JLINK_CORESIGHT_ReadAPDPReg(AP reg 0x03)
T2074 000:432.603   Value=0x00000002
T2074 000:432.619 - 0.290ms returns 0
T2074 000:432.633 JLINK_CORESIGHT_ReadAPDPReg(AP reg 0x03)
T2074 000:432.899   Value=0x00000000
T2074 000:432.916 - 0.283ms returns 0
T2074 000:432.930 JLINK_CORESIGHT_WriteAPDPReg(AP reg 0x00, 0x80000002)
T2074 000:433.177 - 0.247ms returns 0
T2074 000:433.207 JLINK_CORESIGHT_WriteAPDPReg(AP reg 0x01, 0x80011130)
T2074 000:433.444 - 0.237ms returns 0
T2074 000:433.467 JLINK_CORESIGHT_ReadAPDPReg(AP reg 0x03)
T2074 000:433.760   Value=0x75020081
T2074 000:433.776 - 0.309ms returns 0
T2074 000:433.798 JLINK_CORESIGHT_WriteAPDPReg(AP reg 0x00, 0x80000002)
T2074 000:434.038 - 0.241ms returns 0
T2074 000:434.061 JLINK_CORESIGHT_WriteAPDPReg(AP reg 0x01, 0x80011140)
T2074 000:434.307 - 0.246ms returns 0
T2074 000:434.331 JLINK_CORESIGHT_ReadAPDPReg(AP reg 0x03)
T2074 000:434.607   Value=0x00000000
T2074 000:434.626 - 0.295ms returns 0
T2074 000:434.649 JLINK_CORESIGHT_WriteAPDPReg(AP reg 0x00, 0x80000002)
T2074 000:434.909 - 0.259ms returns 0
T2074 000:434.934 JLINK_CORESIGHT_WriteAPDPReg(AP reg 0x01, 0x80011130)
T2074 000:435.227 - 0.293ms returns 0
T2074 000:435.252 JLINK_CORESIGHT_ReadAPDPReg(AP reg 0x03)
T2074 000:435.578   Value=0x00038702
T2074 000:435.596 - 0.344ms returns 0
T2074 000:435.632 JLINK_CORESIGHT_WriteAPDPReg(AP reg 0x00, 0x80000002)
T2074 000:435.918 - 0.286ms returns 0
T2074 000:435.944 JLINK_CORESIGHT_WriteAPDPReg(AP reg 0x01, 0x80011140)
T2074 000:436.199 - 0.255ms returns 0
T2074 000:436.226 JLINK_CORESIGHT_ReadAPDPReg(AP reg 0x03)
T2074 000:436.594   Value=0x00000002
T2074 000:436.617 - 0.391ms returns 0
T2074 000:436.643 JLINK_CORESIGHT_WriteAPDPReg(AP reg 0x00, 0x80000002)
T2074 000:436.932 - 0.289ms returns 0
T2074 000:436.957 JLINK_CORESIGHT_WriteAPDPReg(AP reg 0x01, 0x80011120)
T2074 000:437.206 - 0.248ms returns 0
T2074 000:437.231 JLINK_CORESIGHT_WriteAPDPReg(AP reg 0x03, 0x4F010001)
T2074 000:437.481 - 0.249ms returns 0
T2074 000:437.508 JLINK_CORESIGHT_WriteAPDPReg(AP reg 0x00, 0x80000002)
T2074 000:437.771 - 0.264ms returns 0
T2074 000:437.799 JLINK_CORESIGHT_WriteAPDPReg(AP reg 0x01, 0x80011140)
T2074 000:438.089 - 0.290ms returns 0
T2074 000:438.117 JLINK_CORESIGHT_ReadAPDPReg(AP reg 0x03)
T2074 000:438.429   Value=0x00000002
T2074 000:438.449 - 0.332ms returns 0
T2074 000:438.477 JLINK_CORESIGHT_WriteAPDPReg(AP reg 0x00, 0x80000002)
T2074 000:438.739 - 0.262ms returns 0
T2074 000:438.769 JLINK_CORESIGHT_WriteAPDPReg(AP reg 0x01, 0x80011120)
T2074 000:439.040 - 0.271ms returns 0
T2074 000:439.070 JLINK_CORESIGHT_WriteAPDPReg(AP reg 0x03, 0x000003B0)
T2074 000:439.340 - 0.270ms returns 0
T2074 000:439.369 JLINK_CORESIGHT_WriteAPDPReg(AP reg 0x00, 0x80000002)
T2074 000:439.707 - 0.338ms returns 0
T2074 000:439.741 JLINK_CORESIGHT_WriteAPDPReg(AP reg 0x01, 0x80011140)
T2074 000:440.024 - 0.284ms returns 0
T2074 000:440.058 JLINK_CORESIGHT_ReadAPDPReg(AP reg 0x03)
T2074 000:440.406   Value=0x00000002
T2074 000:440.432 - 0.374ms returns 0
T2074 000:440.463 JLINK_CORESIGHT_ReadAPDPReg(AP reg 0x03)
T2074 000:440.789   Value=0x00000000
T2074 000:440.818 - 0.355ms returns 0
T2074 000:440.855 JLINK_CORESIGHT_WriteAPDPReg(AP reg 0x00, 0x80000002)
T2074 000:441.191 - 0.336ms returns 0
T2074 000:441.228 JLINK_CORESIGHT_WriteAPDPReg(AP reg 0x01, 0x80011130)
T2074 000:441.512 - 0.284ms returns 0
T2074 000:441.549 JLINK_CORESIGHT_ReadAPDPReg(AP reg 0x03)
T2074 000:442.580   Value=0x4F0B0081
T2074 000:442.615 - 1.066ms returns 0
T2074 000:442.654 JLINK_CORESIGHT_WriteAPDPReg(AP reg 0x00, 0x80000002)
T2074 000:442.955 - 0.301ms returns 0
T2074 000:442.993 JLINK_CORESIGHT_WriteAPDPReg(AP reg 0x01, 0x80011140)
T2074 000:443.288 - 0.294ms returns 0
T2074 000:443.326 JLINK_CORESIGHT_ReadAPDPReg(AP reg 0x03)
T2074 000:443.650   Value=0x00000000
T2074 000:443.680 - 0.354ms returns 0
T2074 000:443.720 JLINK_CORESIGHT_WriteAPDPReg(AP reg 0x00, 0x80000002)
T2074 000:444.048 - 0.328ms returns 0
T2074 000:444.088 JLINK_CORESIGHT_WriteAPDPReg(AP reg 0x01, 0x80011130)
T2074 000:444.415 - 0.327ms returns 0
T2074 000:444.455 JLINK_CORESIGHT_ReadAPDPReg(AP reg 0x03)
T2074 000:444.817   Value=0x20000000
T2074 000:444.893 - 0.436ms returns 0
T2074 000:444.948 JLINK_CORESIGHT_WriteAPDPReg(AP reg 0x00, 0x80000002)
T2074 000:445.297 - 0.349ms returns 0
T2074 000:445.344 JLINK_CORESIGHT_WriteAPDPReg(AP reg 0x01, 0x80011140)
T2074 000:445.636 - 0.292ms returns 0
T2074 000:445.700 JLINK_CORESIGHT_ReadAPDPReg(AP reg 0x03)
T2074 000:446.068   Value=0x00000000
T2074 000:446.102 - 0.404ms returns 0
T2074 000:446.147 JLINK_CORESIGHT_WriteAPDPReg(AP reg 0x00, 0x80000002)
T2074 000:446.474 - 0.328ms returns 0
T2074 000:446.520 JLINK_CORESIGHT_WriteAPDPReg(AP reg 0x01, 0x80011130)
T2074 000:446.835 - 0.315ms returns 0
T2074 000:446.880 JLINK_CORESIGHT_ReadAPDPReg(AP reg 0x03)
T2074 000:447.269   Value=0x00000000
T2074 000:447.304 - 0.424ms returns 0
T2074 000:447.349 JLINK_CORESIGHT_WriteAPDPReg(AP reg 0x00, 0x80000002)
T2074 000:447.660 - 0.312ms returns 0
T2074 000:447.706 JLINK_CORESIGHT_WriteAPDPReg(AP reg 0x01, 0x80011140)
T2074 000:448.017 - 0.312ms returns 0
T2074 000:448.064 JLINK_CORESIGHT_ReadAPDPReg(AP reg 0x03)
T2074 000:448.467   Value=0x00000000
T2074 000:448.502 - 0.439ms returns 0
T2074 000:448.548 JLINK_CORESIGHT_WriteAPDPReg(AP reg 0x00, 0x80000002)
T2074 000:448.850 - 0.302ms returns 0
T2074 000:448.901 JLINK_CORESIGHT_WriteAPDPReg(AP reg 0x01, 0x80011130)
T2074 000:449.220 - 0.320ms returns 0
T2074 000:449.272 JLINK_CORESIGHT_ReadAPDPReg(AP reg 0x03)
T2074 000:449.873   Value=0x03860000
T2074 000:449.912 - 0.641ms returns 0
T2074 000:451.342 JLINK_CORESIGHT_ReadAPDPReg(DP reg 0x01)
T2074 000:451.725   Value=0xF0000F40
T2074 000:451.758 - 0.418ms returns 0
T2074 000:451.782 JLINK_CORESIGHT_WriteAPDPReg(DP reg 0x01, 0xA0000F40)
T2074 000:452.072 - 0.290ms returns 0
T2074 000:452.098 JLINK_CORESIGHT_ReadAPDPReg(DP reg 0x01)
T2074 000:452.392   Value=0x00000F40
T2074 000:452.420 - 0.322ms returns 0
T2074 000:452.444 JLINK_ClrRESET()
T2074 000:452.928 - 0.483ms 
T2074 000:562.005 JLINK_Close()
T2074 000:588.736 - 26.726ms
T2074 000:588.908   
T2074 000:588.953   Closed
